Archive member included to satisfy reference by file (symbol)

d:/program files2/gnu tool chain/12.3 rel1/bin/../lib/gcc/arm-none-eabi/12.3.1/thumb/v7e-m/nofp\libc_nano.a(libc_a-exit.o)
                              d:/program files2/gnu tool chain/12.3 rel1/bin/../lib/gcc/arm-none-eabi/12.3.1/thumb/v7e-m/nofp/crt0.o (exit)
d:/program files2/gnu tool chain/12.3 rel1/bin/../lib/gcc/arm-none-eabi/12.3.1/thumb/v7e-m/nofp\libc_nano.a(libc_a-findfp.o)
                              d:/program files2/gnu tool chain/12.3 rel1/bin/../lib/gcc/arm-none-eabi/12.3.1/thumb/v7e-m/nofp\libc_nano.a(libc_a-exit.o) (__stdio_exit_handler)
d:/program files2/gnu tool chain/12.3 rel1/bin/../lib/gcc/arm-none-eabi/12.3.1/thumb/v7e-m/nofp\libc_nano.a(libc_a-fwalk.o)
                              d:/program files2/gnu tool chain/12.3 rel1/bin/../lib/gcc/arm-none-eabi/12.3.1/thumb/v7e-m/nofp\libc_nano.a(libc_a-findfp.o) (_fwalk_sglue)
d:/program files2/gnu tool chain/12.3 rel1/bin/../lib/gcc/arm-none-eabi/12.3.1/thumb/v7e-m/nofp\libc_nano.a(libc_a-stdio.o)
                              d:/program files2/gnu tool chain/12.3 rel1/bin/../lib/gcc/arm-none-eabi/12.3.1/thumb/v7e-m/nofp\libc_nano.a(libc_a-findfp.o) (__sread)
d:/program files2/gnu tool chain/12.3 rel1/bin/../lib/gcc/arm-none-eabi/12.3.1/thumb/v7e-m/nofp\libc_nano.a(libc_a-memset.o)
                              d:/program files2/gnu tool chain/12.3 rel1/bin/../lib/gcc/arm-none-eabi/12.3.1/thumb/v7e-m/nofp/crt0.o (memset)
d:/program files2/gnu tool chain/12.3 rel1/bin/../lib/gcc/arm-none-eabi/12.3.1/thumb/v7e-m/nofp\libc_nano.a(libc_a-closer.o)
                              d:/program files2/gnu tool chain/12.3 rel1/bin/../lib/gcc/arm-none-eabi/12.3.1/thumb/v7e-m/nofp\libc_nano.a(libc_a-stdio.o) (_close_r)
d:/program files2/gnu tool chain/12.3 rel1/bin/../lib/gcc/arm-none-eabi/12.3.1/thumb/v7e-m/nofp\libc_nano.a(libc_a-reent.o)
                              d:/program files2/gnu tool chain/12.3 rel1/bin/../lib/gcc/arm-none-eabi/12.3.1/thumb/v7e-m/nofp\libc_nano.a(libc_a-closer.o) (errno)
d:/program files2/gnu tool chain/12.3 rel1/bin/../lib/gcc/arm-none-eabi/12.3.1/thumb/v7e-m/nofp\libc_nano.a(libc_a-impure.o)
                              d:/program files2/gnu tool chain/12.3 rel1/bin/../lib/gcc/arm-none-eabi/12.3.1/thumb/v7e-m/nofp\libc_nano.a(libc_a-reent.o) (_impure_ptr)
d:/program files2/gnu tool chain/12.3 rel1/bin/../lib/gcc/arm-none-eabi/12.3.1/thumb/v7e-m/nofp\libc_nano.a(libc_a-lseekr.o)
                              d:/program files2/gnu tool chain/12.3 rel1/bin/../lib/gcc/arm-none-eabi/12.3.1/thumb/v7e-m/nofp\libc_nano.a(libc_a-stdio.o) (_lseek_r)
d:/program files2/gnu tool chain/12.3 rel1/bin/../lib/gcc/arm-none-eabi/12.3.1/thumb/v7e-m/nofp\libc_nano.a(libc_a-readr.o)
                              d:/program files2/gnu tool chain/12.3 rel1/bin/../lib/gcc/arm-none-eabi/12.3.1/thumb/v7e-m/nofp\libc_nano.a(libc_a-stdio.o) (_read_r)
d:/program files2/gnu tool chain/12.3 rel1/bin/../lib/gcc/arm-none-eabi/12.3.1/thumb/v7e-m/nofp\libc_nano.a(libc_a-writer.o)
                              d:/program files2/gnu tool chain/12.3 rel1/bin/../lib/gcc/arm-none-eabi/12.3.1/thumb/v7e-m/nofp\libc_nano.a(libc_a-stdio.o) (_write_r)
d:/program files2/gnu tool chain/12.3 rel1/bin/../lib/gcc/arm-none-eabi/12.3.1/thumb/v7e-m/nofp\libc_nano.a(libc_a-init.o)
                              d:/program files2/gnu tool chain/12.3 rel1/bin/../lib/gcc/arm-none-eabi/12.3.1/thumb/v7e-m/nofp/crt0.o (__libc_init_array)
d:/program files2/gnu tool chain/12.3 rel1/bin/../lib/gcc/arm-none-eabi/12.3.1/thumb/v7e-m/nofp\libc_nano.a(libc_a-lock.o)
                              d:/program files2/gnu tool chain/12.3 rel1/bin/../lib/gcc/arm-none-eabi/12.3.1/thumb/v7e-m/nofp\libc_nano.a(libc_a-findfp.o) (__retarget_lock_init_recursive)
d:/program files2/gnu tool chain/12.3 rel1/bin/../lib/gcc/arm-none-eabi/12.3.1/thumb/v7e-m/nofp\libc_nano.a(libc_a-freer.o)
                              d:/program files2/gnu tool chain/12.3 rel1/bin/../lib/gcc/arm-none-eabi/12.3.1/thumb/v7e-m/nofp\libc_nano.a(libc_a-reent.o) (_free_r)
d:/program files2/gnu tool chain/12.3 rel1/bin/../lib/gcc/arm-none-eabi/12.3.1/thumb/v7e-m/nofp\libc_nano.a(libc_a-mallocr.o)
                              d:/program files2/gnu tool chain/12.3 rel1/bin/../lib/gcc/arm-none-eabi/12.3.1/thumb/v7e-m/nofp\libc_nano.a(libc_a-findfp.o) (_malloc_r)
d:/program files2/gnu tool chain/12.3 rel1/bin/../lib/gcc/arm-none-eabi/12.3.1/thumb/v7e-m/nofp\libc_nano.a(libc_a-mlock.o)
                              d:/program files2/gnu tool chain/12.3 rel1/bin/../lib/gcc/arm-none-eabi/12.3.1/thumb/v7e-m/nofp\libc_nano.a(libc_a-freer.o) (__malloc_lock)
d:/program files2/gnu tool chain/12.3 rel1/bin/../lib/gcc/arm-none-eabi/12.3.1/thumb/v7e-m/nofp\libc_nano.a(libc_a-fflush.o)
                              d:/program files2/gnu tool chain/12.3 rel1/bin/../lib/gcc/arm-none-eabi/12.3.1/thumb/v7e-m/nofp\libc_nano.a(libc_a-findfp.o) (_fflush_r)
d:/program files2/gnu tool chain/12.3 rel1/bin/../lib/gcc/arm-none-eabi/12.3.1/thumb/v7e-m/nofp\libc_nano.a(libc_a-sbrkr.o)
                              d:/program files2/gnu tool chain/12.3 rel1/bin/../lib/gcc/arm-none-eabi/12.3.1/thumb/v7e-m/nofp\libc_nano.a(libc_a-mallocr.o) (_sbrk_r)
