Archive member included to satisfy reference by file (symbol)

d:/program files2/gnu tool chain/12.3 rel1/bin/../lib/gcc/arm-none-eabi/12.3.1/thumb/v7e-m/nofp\libc_nano.a(libc_a-exit.o)
                              d:/program files2/gnu tool chain/12.3 rel1/bin/../lib/gcc/arm-none-eabi/12.3.1/thumb/v7e-m/nofp/crt0.o (exit)
d:/program files2/gnu tool chain/12.3 rel1/bin/../lib/gcc/arm-none-eabi/12.3.1/thumb/v7e-m/nofp\libc_nano.a(libc_a-findfp.o)
                              d:/program files2/gnu tool chain/12.3 rel1/bin/../lib/gcc/arm-none-eabi/12.3.1/thumb/v7e-m/nofp\libc_nano.a(libc_a-exit.o) (__stdio_exit_handler)
d:/program files2/gnu tool chain/12.3 rel1/bin/../lib/gcc/arm-none-eabi/12.3.1/thumb/v7e-m/nofp\libc_nano.a(libc_a-fwalk.o)
                              d:/program files2/gnu tool chain/12.3 rel1/bin/../lib/gcc/arm-none-eabi/12.3.1/thumb/v7e-m/nofp\libc_nano.a(libc_a-findfp.o) (_fwalk_sglue)
d:/program files2/gnu tool chain/12.3 rel1/bin/../lib/gcc/arm-none-eabi/12.3.1/thumb/v7e-m/nofp\libc_nano.a(libc_a-printf.o)
                              src/main.o (printf)
d:/program files2/gnu tool chain/12.3 rel1/bin/../lib/gcc/arm-none-eabi/12.3.1/thumb/v7e-m/nofp\libc_nano.a(libc_a-puts.o)
                              src/main.o (puts)
d:/program files2/gnu tool chain/12.3 rel1/bin/../lib/gcc/arm-none-eabi/12.3.1/thumb/v7e-m/nofp\libc_nano.a(libc_a-stdio.o)
                              d:/program files2/gnu tool chain/12.3 rel1/bin/../lib/gcc/arm-none-eabi/12.3.1/thumb/v7e-m/nofp\libc_nano.a(libc_a-findfp.o) (__sread)
d:/program files2/gnu tool chain/12.3 rel1/bin/../lib/gcc/arm-none-eabi/12.3.1/thumb/v7e-m/nofp\libc_nano.a(libc_a-wbuf.o)
                              d:/program files2/gnu tool chain/12.3 rel1/bin/../lib/gcc/arm-none-eabi/12.3.1/thumb/v7e-m/nofp\libc_nano.a(libc_a-puts.o) (__swbuf_r)
d:/program files2/gnu tool chain/12.3 rel1/bin/../lib/gcc/arm-none-eabi/12.3.1/thumb/v7e-m/nofp\libc_nano.a(libc_a-wsetup.o)
                              d:/program files2/gnu tool chain/12.3 rel1/bin/../lib/gcc/arm-none-eabi/12.3.1/thumb/v7e-m/nofp\libc_nano.a(libc_a-puts.o) (__swsetup_r)
d:/program files2/gnu tool chain/12.3 rel1/bin/../lib/gcc/arm-none-eabi/12.3.1/thumb/v7e-m/nofp\libc_nano.a(libc_a-memset.o)
                              d:/program files2/gnu tool chain/12.3 rel1/bin/../lib/gcc/arm-none-eabi/12.3.1/thumb/v7e-m/nofp/crt0.o (memset)
d:/program files2/gnu tool chain/12.3 rel1/bin/../lib/gcc/arm-none-eabi/12.3.1/thumb/v7e-m/nofp\libc_nano.a(libc_a-closer.o)
                              d:/program files2/gnu tool chain/12.3 rel1/bin/../lib/gcc/arm-none-eabi/12.3.1/thumb/v7e-m/nofp\libc_nano.a(libc_a-stdio.o) (_close_r)
d:/program files2/gnu tool chain/12.3 rel1/bin/../lib/gcc/arm-none-eabi/12.3.1/thumb/v7e-m/nofp\libc_nano.a(libc_a-reent.o)
                              d:/program files2/gnu tool chain/12.3 rel1/bin/../lib/gcc/arm-none-eabi/12.3.1/thumb/v7e-m/nofp\libc_nano.a(libc_a-closer.o) (errno)
d:/program files2/gnu tool chain/12.3 rel1/bin/../lib/gcc/arm-none-eabi/12.3.1/thumb/v7e-m/nofp\libc_nano.a(libc_a-impure.o)
                              d:/program files2/gnu tool chain/12.3 rel1/bin/../lib/gcc/arm-none-eabi/12.3.1/thumb/v7e-m/nofp\libc_nano.a(libc_a-printf.o) (_impure_ptr)
d:/program files2/gnu tool chain/12.3 rel1/bin/../lib/gcc/arm-none-eabi/12.3.1/thumb/v7e-m/nofp\libc_nano.a(libc_a-lseekr.o)
                              d:/program files2/gnu tool chain/12.3 rel1/bin/../lib/gcc/arm-none-eabi/12.3.1/thumb/v7e-m/nofp\libc_nano.a(libc_a-stdio.o) (_lseek_r)
d:/program files2/gnu tool chain/12.3 rel1/bin/../lib/gcc/arm-none-eabi/12.3.1/thumb/v7e-m/nofp\libc_nano.a(libc_a-readr.o)
                              d:/program files2/gnu tool chain/12.3 rel1/bin/../lib/gcc/arm-none-eabi/12.3.1/thumb/v7e-m/nofp\libc_nano.a(libc_a-stdio.o) (_read_r)
d:/program files2/gnu tool chain/12.3 rel1/bin/../lib/gcc/arm-none-eabi/12.3.1/thumb/v7e-m/nofp\libc_nano.a(libc_a-writer.o)
                              d:/program files2/gnu tool chain/12.3 rel1/bin/../lib/gcc/arm-none-eabi/12.3.1/thumb/v7e-m/nofp\libc_nano.a(libc_a-stdio.o) (_write_r)
d:/program files2/gnu tool chain/12.3 rel1/bin/../lib/gcc/arm-none-eabi/12.3.1/thumb/v7e-m/nofp\libc_nano.a(libc_a-errno.o)
                              src/syscalls.o (__errno)
d:/program files2/gnu tool chain/12.3 rel1/bin/../lib/gcc/arm-none-eabi/12.3.1/thumb/v7e-m/nofp\libc_nano.a(libc_a-init.o)
                              d:/program files2/gnu tool chain/12.3 rel1/bin/../lib/gcc/arm-none-eabi/12.3.1/thumb/v7e-m/nofp/crt0.o (__libc_init_array)
d:/program files2/gnu tool chain/12.3 rel1/bin/../lib/gcc/arm-none-eabi/12.3.1/thumb/v7e-m/nofp\libc_nano.a(libc_a-lock.o)
                              d:/program files2/gnu tool chain/12.3 rel1/bin/../lib/gcc/arm-none-eabi/12.3.1/thumb/v7e-m/nofp\libc_nano.a(libc_a-findfp.o) (__retarget_lock_init_recursive)
d:/program files2/gnu tool chain/12.3 rel1/bin/../lib/gcc/arm-none-eabi/12.3.1/thumb/v7e-m/nofp\libc_nano.a(libc_a-freer.o)
                              d:/program files2/gnu tool chain/12.3 rel1/bin/../lib/gcc/arm-none-eabi/12.3.1/thumb/v7e-m/nofp\libc_nano.a(libc_a-wsetup.o) (_free_r)
d:/program files2/gnu tool chain/12.3 rel1/bin/../lib/gcc/arm-none-eabi/12.3.1/thumb/v7e-m/nofp\libc_nano.a(libc_a-mallocr.o)
                              d:/program files2/gnu tool chain/12.3 rel1/bin/../lib/gcc/arm-none-eabi/12.3.1/thumb/v7e-m/nofp\libc_nano.a(libc_a-findfp.o) (_malloc_r)
d:/program files2/gnu tool chain/12.3 rel1/bin/../lib/gcc/arm-none-eabi/12.3.1/thumb/v7e-m/nofp\libc_nano.a(libc_a-mlock.o)
                              d:/program files2/gnu tool chain/12.3 rel1/bin/../lib/gcc/arm-none-eabi/12.3.1/thumb/v7e-m/nofp\libc_nano.a(libc_a-freer.o) (__malloc_lock)
d:/program files2/gnu tool chain/12.3 rel1/bin/../lib/gcc/arm-none-eabi/12.3.1/thumb/v7e-m/nofp\libc_nano.a(libc_a-nano-vfprintf.o)
                              d:/program files2/gnu tool chain/12.3 rel1/bin/../lib/gcc/arm-none-eabi/12.3.1/thumb/v7e-m/nofp\libc_nano.a(libc_a-printf.o) (_vfprintf_r)
d:/program files2/gnu tool chain/12.3 rel1/bin/../lib/gcc/arm-none-eabi/12.3.1/thumb/v7e-m/nofp\libc_nano.a(libc_a-nano-vfprintf_i.o)
                              d:/program files2/gnu tool chain/12.3 rel1/bin/../lib/gcc/arm-none-eabi/12.3.1/thumb/v7e-m/nofp\libc_nano.a(libc_a-nano-vfprintf.o) (_printf_i)
d:/program files2/gnu tool chain/12.3 rel1/bin/../lib/gcc/arm-none-eabi/12.3.1/thumb/v7e-m/nofp\libc_nano.a(libc_a-fflush.o)
                              d:/program files2/gnu tool chain/12.3 rel1/bin/../lib/gcc/arm-none-eabi/12.3.1/thumb/v7e-m/nofp\libc_nano.a(libc_a-findfp.o) (_fflush_r)
d:/program files2/gnu tool chain/12.3 rel1/bin/../lib/gcc/arm-none-eabi/12.3.1/thumb/v7e-m/nofp\libc_nano.a(libc_a-fvwrite.o)
                              d:/program files2/gnu tool chain/12.3 rel1/bin/../lib/gcc/arm-none-eabi/12.3.1/thumb/v7e-m/nofp\libc_nano.a(libc_a-nano-vfprintf.o) (__sfvwrite_r)
d:/program files2/gnu tool chain/12.3 rel1/bin/../lib/gcc/arm-none-eabi/12.3.1/thumb/v7e-m/nofp\libc_nano.a(libc_a-makebuf.o)
                              d:/program files2/gnu tool chain/12.3 rel1/bin/../lib/gcc/arm-none-eabi/12.3.1/thumb/v7e-m/nofp\libc_nano.a(libc_a-wsetup.o) (__smakebuf_r)
d:/program files2/gnu tool chain/12.3 rel1/bin/../lib/gcc/arm-none-eabi/12.3.1/thumb/v7e-m/nofp\libc_nano.a(libc_a-memmove.o)
                              d:/program files2/gnu tool chain/12.3 rel1/bin/../lib/gcc/arm-none-eabi/12.3.1/thumb/v7e-m/nofp\libc_nano.a(libc_a-fvwrite.o) (memmove)
d:/program files2/gnu tool chain/12.3 rel1/bin/../lib/gcc/arm-none-eabi/12.3.1/thumb/v7e-m/nofp\libc_nano.a(libc_a-fstatr.o)
                              d:/program files2/gnu tool chain/12.3 rel1/bin/../lib/gcc/arm-none-eabi/12.3.1/thumb/v7e-m/nofp\libc_nano.a(libc_a-makebuf.o) (_fstat_r)
d:/program files2/gnu tool chain/12.3 rel1/bin/../lib/gcc/arm-none-eabi/12.3.1/thumb/v7e-m/nofp\libc_nano.a(libc_a-isattyr.o)
                              d:/program files2/gnu tool chain/12.3 rel1/bin/../lib/gcc/arm-none-eabi/12.3.1/thumb/v7e-m/nofp\libc_nano.a(libc_a-makebuf.o) (_isatty_r)
d:/program files2/gnu tool chain/12.3 rel1/bin/../lib/gcc/arm-none-eabi/12.3.1/thumb/v7e-m/nofp\libc_nano.a(libc_a-sbrkr.o)
                              d:/program files2/gnu tool chain/12.3 rel1/bin/../lib/gcc/arm-none-eabi/12.3.1/thumb/v7e-m/nofp\libc_nano.a(libc_a-mallocr.o) (_sbrk_r)
d:/program files2/gnu tool chain/12.3 rel1/bin/../lib/gcc/arm-none-eabi/12.3.1/thumb/v7e-m/nofp\libc_nano.a(libc_a-memchr.o)
                              d:/program files2/gnu tool chain/12.3 rel1/bin/../lib/gcc/arm-none-eabi/12.3.1/thumb/v7e-m/nofp\libc_nano.a(libc_a-nano-vfprintf.o) (memchr)
d:/program files2/gnu tool chain/12.3 rel1/bin/../lib/gcc/arm-none-eabi/12.3.1/thumb/v7e-m/nofp\libc_nano.a(libc_a-memcpy-stub.o)
                              d:/program files2/gnu tool chain/12.3 rel1/bin/../lib/gcc/arm-none-eabi/12.3.1/thumb/v7e-m/nofp\libc_nano.a(libc_a-fvwrite.o) (memcpy)
d:/program files2/gnu tool chain/12.3 rel1/bin/../lib/gcc/arm-none-eabi/12.3.1/thumb/v7e-m/nofp\libc_nano.a(libc_a-reallocr.o)
                              d:/program files2/gnu tool chain/12.3 rel1/bin/../lib/gcc/arm-none-eabi/12.3.1/thumb/v7e-m/nofp\libc_nano.a(libc_a-fvwrite.o) (_realloc_r)
d:/program files2/gnu tool chain/12.3 rel1/bin/../lib/gcc/arm-none-eabi/12.3.1/thumb/v7e-m/nofp\libc_nano.a(libc_a-msizer.o)
                              d:/program files2/gnu tool chain/12.3 rel1/bin/../lib/gcc/arm-none-eabi/12.3.1/thumb/v7e-m/nofp\libc_nano.a(libc_a-reallocr.o) (_malloc_usable_size_r)

Memory Configuration

Name             Origin             Length             Attributes
FLASH            0x08000000         0x00100000         xr
SRAM             0x20000000         0x00020000         xrw
*default*        0x00000000         0xffffffff

Linker script and memory map

LOAD d:/program files2/gnu tool chain/12.3 rel1/bin/../lib/gcc/arm-none-eabi/12.3.1/thumb/v7e-m/nofp/crti.o
LOAD d:/program files2/gnu tool chain/12.3 rel1/bin/../lib/gcc/arm-none-eabi/12.3.1/thumb/v7e-m/nofp/crtbegin.o
LOAD d:/program files2/gnu tool chain/12.3 rel1/bin/../lib/gcc/arm-none-eabi/12.3.1/thumb/v7e-m/nofp/crt0.o
LOAD src/led.o
LOAD src/main.o
LOAD src/STM32_Startup.o
LOAD src/syscalls.o
START GROUP
LOAD d:/program files2/gnu tool chain/12.3 rel1/bin/../lib/gcc/arm-none-eabi/12.3.1/thumb/v7e-m/nofp\libgcc.a
LOAD d:/program files2/gnu tool chain/12.3 rel1/bin/../lib/gcc/arm-none-eabi/12.3.1/thumb/v7e-m/nofp\libc_nano.a
END GROUP
START GROUP
LOAD d:/program files2/gnu tool chain/12.3 rel1/bin/../lib/gcc/arm-none-eabi/12.3.1/thumb/v7e-m/nofp\libgcc.a
LOAD d:/program files2/gnu tool chain/12.3 rel1/bin/../lib/gcc/arm-none-eabi/12.3.1/thumb/v7e-m/nofp\libc_nano.a
END GROUP
LOAD d:/program files2/gnu tool chain/12.3 rel1/bin/../lib/gcc/arm-none-eabi/12.3.1/thumb/v7e-m/nofp/crtend.o
LOAD d:/program files2/gnu tool chain/12.3 rel1/bin/../lib/gcc/arm-none-eabi/12.3.1/thumb/v7e-m/nofp/crtn.o

.text           0x08000000     0x21f0
 *(.isr_vector)
 .isr_vector    0x08000000      0x188 src/STM32_Startup.o
                0x08000000                vectors
 *(.text)
 .text          0x08000188        0x0 d:/program files2/gnu tool chain/12.3 rel1/bin/../lib/gcc/arm-none-eabi/12.3.1/thumb/v7e-m/nofp/crti.o
 .text          0x08000188        0x0 d:/program files2/gnu tool chain/12.3 rel1/bin/../lib/gcc/arm-none-eabi/12.3.1/thumb/v7e-m/nofp/crtbegin.o
 .text          0x08000188       0x7c d:/program files2/gnu tool chain/12.3 rel1/bin/../lib/gcc/arm-none-eabi/12.3.1/thumb/v7e-m/nofp/crt0.o
                0x08000188                _stack_init
                0x08000190                _start
                0x08000190                _mainCRTStartup
 .text          0x08000204       0xfc src/led.o
                0x08000204                delay
                0x0800022c                led_init_all
                0x080002a0                led_on
                0x080002d0                led_off
 .text          0x08000300      0x4fc src/main.o
                0x08000300                main
                0x08000330                idle_task
                0x08000338                enable_processor_faults
                0x08000374                get_psp_value
                0x08000394                change_msp_to_psp
                0x080003ae                init_task_stack
                0x080004b4                init_systick_timer
                0x08000524                schedule
                0x08000548                task_delay
                0x080005a8                init_scheduler_stack
                0x080005b2                HardFault_Handler
                0x080005c4                MemManage_Handler
                0x080005d8                BusFault_Handler
                0x080005ec                save_psp
                0x08000614                get_next_task_id
                0x0800069c                PendSV_Handler
                0x080006c2                update_global_tick_count
                0x080006dc                unblock_tasks
                0x0800073c                SysTick_Handler
                0x08000768                Task1
                0x0800078c                Task2
                0x080007b0                Task3
                0x080007d0                Task4
 .text          0x080007fc       0x90 src/STM32_Startup.o
                0x080007fc                RTC_Alarm_IRQHandler
                0x080007fc                HASH_RNG_IRQHandler
                0x080007fc                EXTI2_IRQHandler
                0x080007fc                TIM8_CC_IRQHandler
                0x080007fc                DebugMon_Handler
                0x080007fc                TIM1_CC_IRQHandler
                0x080007fc                DMA2_Stream5_IRQHandler
                0x080007fc                DMA1_Stream5_IRQHandler
                0x080007fc                PVD_IRQHandler
                0x080007fc                SDIO_IRQHandler
                0x080007fc                TAMP_STAMP_IRQHandler
                0x080007fc                NMI_Handler
                0x080007fc                CAN2_RX1_IRQHandler
                0x080007fc                EXTI3_IRQHandler
                0x080007fc                TIM8_TRG_COM_TIM14_IRQHandler
                0x080007fc                TIM1_UP_TIM10_IRQHandler
                0x080007fc                TIM8_UP_TIM13_IRQHandler
                0x080007fc                I2C3_ER_IRQHandler
                0x080007fc                EXTI0_IRQHandler
                0x080007fc                I2C2_EV_IRQHandler
                0x080007fc                DMA1_Stream2_IRQHandler
                0x080007fc                CAN1_RX0_IRQHandler
                0x080007fc                FPU_IRQHandler
                0x080007fc                OTG_HS_WKUP_IRQHandler
                0x080007fc                UsageFault_Handler
                0x080007fc                CAN2_SCE_IRQHandler
                0x080007fc                DMA2_Stream2_IRQHandler
                0x080007fc                SPI1_IRQHandler
                0x080007fc                TIM6_DAC_IRQHandler
                0x080007fc                TIM1_BRK_TIM9_IRQHandler
                0x080007fc                DCMI_IRQHandler
                0x080007fc                CAN2_RX0_IRQHandler
                0x080007fc                DMA2_Stream3_IRQHandler
                0x080007fc                USART6_IRQHandler
                0x080007fc                USART3_IRQHandler
                0x080007fc                CRYP_IRQHandler
                0x080007fc                DMA2_Stream6_IRQHandler
                0x080007fc                CAN1_RX1_IRQHandler
                0x080007fc                UART5_IRQHandler
                0x080007fc                DMA2_Stream0_IRQHandler
                0x080007fc                TIM4_IRQHandler
                0x080007fc                I2C1_EV_IRQHandler
                0x080007fc                DMA1_Stream6_IRQHandler
                0x080007fc                DMA1_Stream1_IRQHandler
                0x080007fc                UART4_IRQHandler
                0x080007fc                TIM3_IRQHandler
                0x080007fc                RCC_IRQHandler
                0x080007fc                TIM8_BRK_TIM12_IRQHandler
                0x080007fc                Default_Handler
                0x080007fc                EXTI15_10_IRQHandler
                0x080007fc                ADC_IRQHandler
                0x080007fc                DMA1_Stream7_IRQHandler
                0x080007fc                TIM7_IRQHandler
                0x080007fc                CAN2_TX_IRQHandler
                0x080007fc                TIM5_IRQHandler
                0x080007fc                DMA2_Stream7_IRQHandler
                0x080007fc                I2C3_EV_IRQHandler
                0x080007fc                EXTI9_5_IRQHandler
                0x080007fc                RTC_WKUP_IRQHandler
                0x080007fc                ETH_WKUP_IRQHandler
                0x080007fc                SPI2_IRQHandler
                0x080007fc                OTG_HS_EP1_IN_IRQHandler
                0x080007fc                DMA1_Stream0_IRQHandler
                0x080007fc                CAN1_TX_IRQHandler
                0x080007fc                SVC_Handler
                0x080007fc                EXTI4_IRQHandler
                0x080007fc                FSMC_IRQHandler
                0x080007fc                ETH_IRQHandler
                0x080007fc                OTG_HS_EP1_OUT_IRQHandler
                0x080007fc                WWDG_IRQHandler
                0x080007fc                TIM2_IRQHandler
                0x080007fc                OTG_FS_WKUP_IRQHandler
                0x080007fc                TIM1_TRG_COM_TIM11_IRQHandler
                0x080007fc                OTG_HS_IRQHandler
                0x080007fc                EXTI1_IRQHandler
                0x080007fc                USART2_IRQHandler
                0x080007fc                I2C2_ER_IRQHandler
                0x080007fc                DMA2_Stream1_IRQHandler
                0x080007fc                CAN1_SCE_IRQHandler
                0x080007fc                DMA2_Stream4_IRQHandler
                0x080007fc                USART1_IRQHandler
                0x080007fc                OTG_FS_IRQHandler
                0x080007fc                SPI3_IRQHandler
                0x080007fc                DMA1_Stream4_IRQHandler
                0x080007fc                I2C1_ER_IRQHandler
                0x080007fc                DMA1_Stream3_IRQHandler
                0x08000804                Reset_Handler
 .text          0x0800088c      0x25c src/syscalls.o
                0x0800088c                initialise_monitor_handles
                0x08000898                _getpid
                0x080008a6                _kill
                0x080008c6                _exit
                0x080008dc                _read
                0x08000916                _write
                0x0800094e                _close
                0x08000964                _fstat
                0x08000982                _isatty
                0x08000996                _lseek
                0x080009ae                _open
                0x080009c8                _wait
                0x080009e6                _unlink
                0x08000a04                _times
                0x08000a1a                _stat
                0x08000a38                _link
                0x08000a58                _fork
                0x08000a6e                _execve
                0x08000a90                _sbrk
 .text          0x08000ae8        0x0 d:/program files2/gnu tool chain/12.3 rel1/bin/../lib/gcc/arm-none-eabi/12.3.1/thumb/v7e-m/nofp\libc_nano.a(libc_a-exit.o)
 .text          0x08000ae8        0x0 d:/program files2/gnu tool chain/12.3 rel1/bin/../lib/gcc/arm-none-eabi/12.3.1/thumb/v7e-m/nofp\libc_nano.a(libc_a-findfp.o)
 .text          0x08000ae8        0x0 d:/program files2/gnu tool chain/12.3 rel1/bin/../lib/gcc/arm-none-eabi/12.3.1/thumb/v7e-m/nofp\libc_nano.a(libc_a-fwalk.o)
 .text          0x08000ae8        0x0 d:/program files2/gnu tool chain/12.3 rel1/bin/../lib/gcc/arm-none-eabi/12.3.1/thumb/v7e-m/nofp\libc_nano.a(libc_a-printf.o)
 .text          0x08000ae8        0x0 d:/program files2/gnu tool chain/12.3 rel1/bin/../lib/gcc/arm-none-eabi/12.3.1/thumb/v7e-m/nofp\libc_nano.a(libc_a-puts.o)
 .text          0x08000ae8        0x0 d:/program files2/gnu tool chain/12.3 rel1/bin/../lib/gcc/arm-none-eabi/12.3.1/thumb/v7e-m/nofp\libc_nano.a(libc_a-stdio.o)
 .text          0x08000ae8        0x0 d:/program files2/gnu tool chain/12.3 rel1/bin/../lib/gcc/arm-none-eabi/12.3.1/thumb/v7e-m/nofp\libc_nano.a(libc_a-wbuf.o)
 .text          0x08000ae8        0x0 d:/program files2/gnu tool chain/12.3 rel1/bin/../lib/gcc/arm-none-eabi/12.3.1/thumb/v7e-m/nofp\libc_nano.a(libc_a-wsetup.o)
 .text          0x08000ae8        0x0 d:/program files2/gnu tool chain/12.3 rel1/bin/../lib/gcc/arm-none-eabi/12.3.1/thumb/v7e-m/nofp\libc_nano.a(libc_a-memset.o)
 .text          0x08000ae8        0x0 d:/program files2/gnu tool chain/12.3 rel1/bin/../lib/gcc/arm-none-eabi/12.3.1/thumb/v7e-m/nofp\libc_nano.a(libc_a-closer.o)
 .text          0x08000ae8        0x0 d:/program files2/gnu tool chain/12.3 rel1/bin/../lib/gcc/arm-none-eabi/12.3.1/thumb/v7e-m/nofp\libc_nano.a(libc_a-reent.o)
 .text          0x08000ae8        0x0 d:/program files2/gnu tool chain/12.3 rel1/bin/../lib/gcc/arm-none-eabi/12.3.1/thumb/v7e-m/nofp\libc_nano.a(libc_a-impure.o)
 .text          0x08000ae8        0x0 d:/program files2/gnu tool chain/12.3 rel1/bin/../lib/gcc/arm-none-eabi/12.3.1/thumb/v7e-m/nofp\libc_nano.a(libc_a-lseekr.o)
 .text          0x08000ae8        0x0 d:/program files2/gnu tool chain/12.3 rel1/bin/../lib/gcc/arm-none-eabi/12.3.1/thumb/v7e-m/nofp\libc_nano.a(libc_a-readr.o)
 .text          0x08000ae8        0x0 d:/program files2/gnu tool chain/12.3 rel1/bin/../lib/gcc/arm-none-eabi/12.3.1/thumb/v7e-m/nofp\libc_nano.a(libc_a-writer.o)
 .text          0x08000ae8        0x0 d:/program files2/gnu tool chain/12.3 rel1/bin/../lib/gcc/arm-none-eabi/12.3.1/thumb/v7e-m/nofp\libc_nano.a(libc_a-errno.o)
 .text          0x08000ae8        0x0 d:/program files2/gnu tool chain/12.3 rel1/bin/../lib/gcc/arm-none-eabi/12.3.1/thumb/v7e-m/nofp\libc_nano.a(libc_a-init.o)
 .text          0x08000ae8        0x0 d:/program files2/gnu tool chain/12.3 rel1/bin/../lib/gcc/arm-none-eabi/12.3.1/thumb/v7e-m/nofp\libc_nano.a(libc_a-lock.o)
 .text          0x08000ae8        0x0 d:/program files2/gnu tool chain/12.3 rel1/bin/../lib/gcc/arm-none-eabi/12.3.1/thumb/v7e-m/nofp\libc_nano.a(libc_a-freer.o)
 .text          0x08000ae8        0x0 d:/program files2/gnu tool chain/12.3 rel1/bin/../lib/gcc/arm-none-eabi/12.3.1/thumb/v7e-m/nofp\libc_nano.a(libc_a-mallocr.o)
 .text          0x08000ae8        0x0 d:/program files2/gnu tool chain/12.3 rel1/bin/../lib/gcc/arm-none-eabi/12.3.1/thumb/v7e-m/nofp\libc_nano.a(libc_a-mlock.o)
 .text          0x08000ae8        0x0 d:/program files2/gnu tool chain/12.3 rel1/bin/../lib/gcc/arm-none-eabi/12.3.1/thumb/v7e-m/nofp\libc_nano.a(libc_a-nano-vfprintf.o)
 .text          0x08000ae8        0x0 d:/program files2/gnu tool chain/12.3 rel1/bin/../lib/gcc/arm-none-eabi/12.3.1/thumb/v7e-m/nofp\libc_nano.a(libc_a-nano-vfprintf_i.o)
 .text          0x08000ae8        0x0 d:/program files2/gnu tool chain/12.3 rel1/bin/../lib/gcc/arm-none-eabi/12.3.1/thumb/v7e-m/nofp\libc_nano.a(libc_a-fflush.o)
 .text          0x08000ae8        0x0 d:/program files2/gnu tool chain/12.3 rel1/bin/../lib/gcc/arm-none-eabi/12.3.1/thumb/v7e-m/nofp\libc_nano.a(libc_a-fvwrite.o)
 .text          0x08000ae8        0x0 d:/program files2/gnu tool chain/12.3 rel1/bin/../lib/gcc/arm-none-eabi/12.3.1/thumb/v7e-m/nofp\libc_nano.a(libc_a-makebuf.o)
 .text          0x08000ae8        0x0 d:/program files2/gnu tool chain/12.3 rel1/bin/../lib/gcc/arm-none-eabi/12.3.1/thumb/v7e-m/nofp\libc_nano.a(libc_a-memmove.o)
 .text          0x08000ae8        0x0 d:/program files2/gnu tool chain/12.3 rel1/bin/../lib/gcc/arm-none-eabi/12.3.1/thumb/v7e-m/nofp\libc_nano.a(libc_a-fstatr.o)
 .text          0x08000ae8        0x0 d:/program files2/gnu tool chain/12.3 rel1/bin/../lib/gcc/arm-none-eabi/12.3.1/thumb/v7e-m/nofp\libc_nano.a(libc_a-isattyr.o)
 .text          0x08000ae8        0x0 d:/program files2/gnu tool chain/12.3 rel1/bin/../lib/gcc/arm-none-eabi/12.3.1/thumb/v7e-m/nofp\libc_nano.a(libc_a-sbrkr.o)
 *fill*         0x08000ae8        0x8 
 .text          0x08000af0       0xa0 d:/program files2/gnu tool chain/12.3 rel1/bin/../lib/gcc/arm-none-eabi/12.3.1/thumb/v7e-m/nofp\libc_nano.a(libc_a-memchr.o)
                0x08000af0                memchr
 .text          0x08000b90        0x0 d:/program files2/gnu tool chain/12.3 rel1/bin/../lib/gcc/arm-none-eabi/12.3.1/thumb/v7e-m/nofp\libc_nano.a(libc_a-memcpy-stub.o)
 .text          0x08000b90        0x0 d:/program files2/gnu tool chain/12.3 rel1/bin/../lib/gcc/arm-none-eabi/12.3.1/thumb/v7e-m/nofp\libc_nano.a(libc_a-reallocr.o)
 .text          0x08000b90        0x0 d:/program files2/gnu tool chain/12.3 rel1/bin/../lib/gcc/arm-none-eabi/12.3.1/thumb/v7e-m/nofp\libc_nano.a(libc_a-msizer.o)
 .text          0x08000b90        0x0 d:/program files2/gnu tool chain/12.3 rel1/bin/../lib/gcc/arm-none-eabi/12.3.1/thumb/v7e-m/nofp/crtend.o
 .text          0x08000b90        0x0 d:/program files2/gnu tool chain/12.3 rel1/bin/../lib/gcc/arm-none-eabi/12.3.1/thumb/v7e-m/nofp/crtn.o
 *(.text.*)
 .text.deregister_tm_clones
                0x08000b90       0x1c d:/program files2/gnu tool chain/12.3 rel1/bin/../lib/gcc/arm-none-eabi/12.3.1/thumb/v7e-m/nofp/crtbegin.o
 .text.register_tm_clones
                0x08000bac       0x24 d:/program files2/gnu tool chain/12.3 rel1/bin/../lib/gcc/arm-none-eabi/12.3.1/thumb/v7e-m/nofp/crtbegin.o
 .text.__do_global_dtors_aux
                0x08000bd0       0x28 d:/program files2/gnu tool chain/12.3 rel1/bin/../lib/gcc/arm-none-eabi/12.3.1/thumb/v7e-m/nofp/crtbegin.o
 .text.frame_dummy
                0x08000bf8       0x24 d:/program files2/gnu tool chain/12.3 rel1/bin/../lib/gcc/arm-none-eabi/12.3.1/thumb/v7e-m/nofp/crtbegin.o
 .text.exit     0x08000c1c       0x24 d:/program files2/gnu tool chain/12.3 rel1/bin/../lib/gcc/arm-none-eabi/12.3.1/thumb/v7e-m/nofp\libc_nano.a(libc_a-exit.o)
                0x08000c1c                exit
 .text.std      0x08000c40       0x6c d:/program files2/gnu tool chain/12.3 rel1/bin/../lib/gcc/arm-none-eabi/12.3.1/thumb/v7e-m/nofp\libc_nano.a(libc_a-findfp.o)
 .text.stdio_exit_handler
                0x08000cac       0x18 d:/program files2/gnu tool chain/12.3 rel1/bin/../lib/gcc/arm-none-eabi/12.3.1/thumb/v7e-m/nofp\libc_nano.a(libc_a-findfp.o)
 .text.cleanup_stdio
                0x08000cc4       0x40 d:/program files2/gnu tool chain/12.3 rel1/bin/../lib/gcc/arm-none-eabi/12.3.1/thumb/v7e-m/nofp\libc_nano.a(libc_a-findfp.o)
 .text.__fp_lock
                0x08000d04       0x18 d:/program files2/gnu tool chain/12.3 rel1/bin/../lib/gcc/arm-none-eabi/12.3.1/thumb/v7e-m/nofp\libc_nano.a(libc_a-findfp.o)
 .text.__fp_unlock
                0x08000d1c       0x18 d:/program files2/gnu tool chain/12.3 rel1/bin/../lib/gcc/arm-none-eabi/12.3.1/thumb/v7e-m/nofp\libc_nano.a(libc_a-findfp.o)
 .text.global_stdio_init.part.0
                0x08000d34       0x3c d:/program files2/gnu tool chain/12.3 rel1/bin/../lib/gcc/arm-none-eabi/12.3.1/thumb/v7e-m/nofp\libc_nano.a(libc_a-findfp.o)
 .text.__sfp_lock_acquire
                0x08000d70        0xc d:/program files2/gnu tool chain/12.3 rel1/bin/../lib/gcc/arm-none-eabi/12.3.1/thumb/v7e-m/nofp\libc_nano.a(libc_a-findfp.o)
                0x08000d70                __sfp_lock_acquire
 .text.__sfp_lock_release
                0x08000d7c        0xc d:/program files2/gnu tool chain/12.3 rel1/bin/../lib/gcc/arm-none-eabi/12.3.1/thumb/v7e-m/nofp\libc_nano.a(libc_a-findfp.o)
                0x08000d7c                __sfp_lock_release
 .text.__sfp    0x08000d88       0xa4 d:/program files2/gnu tool chain/12.3 rel1/bin/../lib/gcc/arm-none-eabi/12.3.1/thumb/v7e-m/nofp\libc_nano.a(libc_a-findfp.o)
                0x08000d88                __sfp
 .text.__sinit  0x08000e2c       0x30 d:/program files2/gnu tool chain/12.3 rel1/bin/../lib/gcc/arm-none-eabi/12.3.1/thumb/v7e-m/nofp\libc_nano.a(libc_a-findfp.o)
                0x08000e2c                __sinit
 .text.__fp_lock_all
                0x08000e5c       0x1c d:/program files2/gnu tool chain/12.3 rel1/bin/../lib/gcc/arm-none-eabi/12.3.1/thumb/v7e-m/nofp\libc_nano.a(libc_a-findfp.o)
                0x08000e5c                __fp_lock_all
 .text.__fp_unlock_all
                0x08000e78       0x1c d:/program files2/gnu tool chain/12.3 rel1/bin/../lib/gcc/arm-none-eabi/12.3.1/thumb/v7e-m/nofp\libc_nano.a(libc_a-findfp.o)
                0x08000e78                __fp_unlock_all
 .text._fwalk_sglue
                0x08000e94       0x3c d:/program files2/gnu tool chain/12.3 rel1/bin/../lib/gcc/arm-none-eabi/12.3.1/thumb/v7e-m/nofp\libc_nano.a(libc_a-fwalk.o)
                0x08000e94                _fwalk_sglue
 .text._printf_r
                0x08000ed0       0x1c d:/program files2/gnu tool chain/12.3 rel1/bin/../lib/gcc/arm-none-eabi/12.3.1/thumb/v7e-m/nofp\libc_nano.a(libc_a-printf.o)
                0x08000ed0                _iprintf_r
                0x08000ed0                _printf_r
 .text.printf   0x08000eec       0x24 d:/program files2/gnu tool chain/12.3 rel1/bin/../lib/gcc/arm-none-eabi/12.3.1/thumb/v7e-m/nofp\libc_nano.a(libc_a-printf.o)
                0x08000eec                iprintf
                0x08000eec                printf
 .text._puts_r  0x08000f10       0xaa d:/program files2/gnu tool chain/12.3 rel1/bin/../lib/gcc/arm-none-eabi/12.3.1/thumb/v7e-m/nofp\libc_nano.a(libc_a-puts.o)
                0x08000f10                _puts_r
 *fill*         0x08000fba        0x2 
 .text.puts     0x08000fbc       0x10 d:/program files2/gnu tool chain/12.3 rel1/bin/../lib/gcc/arm-none-eabi/12.3.1/thumb/v7e-m/nofp\libc_nano.a(libc_a-puts.o)
                0x08000fbc                puts
 .text.__sread  0x08000fcc       0x22 d:/program files2/gnu tool chain/12.3 rel1/bin/../lib/gcc/arm-none-eabi/12.3.1/thumb/v7e-m/nofp\libc_nano.a(libc_a-stdio.o)
                0x08000fcc                __sread
 .text.__seofread
                0x08000fee        0x4 d:/program files2/gnu tool chain/12.3 rel1/bin/../lib/gcc/arm-none-eabi/12.3.1/thumb/v7e-m/nofp\libc_nano.a(libc_a-stdio.o)
                0x08000fee                __seofread
 .text.__swrite
                0x08000ff2       0x38 d:/program files2/gnu tool chain/12.3 rel1/bin/../lib/gcc/arm-none-eabi/12.3.1/thumb/v7e-m/nofp\libc_nano.a(libc_a-stdio.o)
                0x08000ff2                __swrite
 .text.__sseek  0x0800102a       0x24 d:/program files2/gnu tool chain/12.3 rel1/bin/../lib/gcc/arm-none-eabi/12.3.1/thumb/v7e-m/nofp\libc_nano.a(libc_a-stdio.o)
                0x0800102a                __sseek
 .text.__sclose
                0x0800104e        0x8 d:/program files2/gnu tool chain/12.3 rel1/bin/../lib/gcc/arm-none-eabi/12.3.1/thumb/v7e-m/nofp\libc_nano.a(libc_a-stdio.o)
                0x0800104e                __sclose
 .text.__swbuf_r
                0x08001056       0x7c d:/program files2/gnu tool chain/12.3 rel1/bin/../lib/gcc/arm-none-eabi/12.3.1/thumb/v7e-m/nofp\libc_nano.a(libc_a-wbuf.o)
                0x08001056                __swbuf_r
 *fill*         0x080010d2        0x2 
 .text.__swbuf  0x080010d4       0x10 d:/program files2/gnu tool chain/12.3 rel1/bin/../lib/gcc/arm-none-eabi/12.3.1/thumb/v7e-m/nofp\libc_nano.a(libc_a-wbuf.o)
                0x080010d4                __swbuf
 .text.__swsetup_r
                0x080010e4       0xac d:/program files2/gnu tool chain/12.3 rel1/bin/../lib/gcc/arm-none-eabi/12.3.1/thumb/v7e-m/nofp\libc_nano.a(libc_a-wsetup.o)
                0x080010e4                __swsetup_r
 .text.memset   0x08001190       0x10 d:/program files2/gnu tool chain/12.3 rel1/bin/../lib/gcc/arm-none-eabi/12.3.1/thumb/v7e-m/nofp\libc_nano.a(libc_a-memset.o)
                0x08001190                memset
 .text._close_r
                0x080011a0       0x20 d:/program files2/gnu tool chain/12.3 rel1/bin/../lib/gcc/arm-none-eabi/12.3.1/thumb/v7e-m/nofp\libc_nano.a(libc_a-closer.o)
                0x080011a0                _close_r
 .text._reclaim_reent
                0x080011c0       0xac d:/program files2/gnu tool chain/12.3 rel1/bin/../lib/gcc/arm-none-eabi/12.3.1/thumb/v7e-m/nofp\libc_nano.a(libc_a-reent.o)
                0x080011c0                _reclaim_reent
 .text._lseek_r
                0x0800126c       0x24 d:/program files2/gnu tool chain/12.3 rel1/bin/../lib/gcc/arm-none-eabi/12.3.1/thumb/v7e-m/nofp\libc_nano.a(libc_a-lseekr.o)
                0x0800126c                _lseek_r
 .text._read_r  0x08001290       0x24 d:/program files2/gnu tool chain/12.3 rel1/bin/../lib/gcc/arm-none-eabi/12.3.1/thumb/v7e-m/nofp\libc_nano.a(libc_a-readr.o)
                0x08001290                _read_r
 .text._write_r
                0x080012b4       0x24 d:/program files2/gnu tool chain/12.3 rel1/bin/../lib/gcc/arm-none-eabi/12.3.1/thumb/v7e-m/nofp\libc_nano.a(libc_a-writer.o)
                0x080012b4                _write_r
 .text.__errno  0x080012d8        0xc d:/program files2/gnu tool chain/12.3 rel1/bin/../lib/gcc/arm-none-eabi/12.3.1/thumb/v7e-m/nofp\libc_nano.a(libc_a-errno.o)
                0x080012d8                __errno
 .text.__libc_init_array
                0x080012e4       0x48 d:/program files2/gnu tool chain/12.3 rel1/bin/../lib/gcc/arm-none-eabi/12.3.1/thumb/v7e-m/nofp\libc_nano.a(libc_a-init.o)
                0x080012e4                __libc_init_array
 .text.__retarget_lock_init
                0x0800132c        0x2 d:/program files2/gnu tool chain/12.3 rel1/bin/../lib/gcc/arm-none-eabi/12.3.1/thumb/v7e-m/nofp\libc_nano.a(libc_a-lock.o)
                0x0800132c                __retarget_lock_init
 .text.__retarget_lock_init_recursive
                0x0800132e        0x2 d:/program files2/gnu tool chain/12.3 rel1/bin/../lib/gcc/arm-none-eabi/12.3.1/thumb/v7e-m/nofp\libc_nano.a(libc_a-lock.o)
                0x0800132e                __retarget_lock_init_recursive
 .text.__retarget_lock_close
                0x08001330        0x2 d:/program files2/gnu tool chain/12.3 rel1/bin/../lib/gcc/arm-none-eabi/12.3.1/thumb/v7e-m/nofp\libc_nano.a(libc_a-lock.o)
                0x08001330                __retarget_lock_close
 .text.__retarget_lock_close_recursive
                0x08001332        0x2 d:/program files2/gnu tool chain/12.3 rel1/bin/../lib/gcc/arm-none-eabi/12.3.1/thumb/v7e-m/nofp\libc_nano.a(libc_a-lock.o)
                0x08001332                __retarget_lock_close_recursive
 .text.__retarget_lock_acquire
                0x08001334        0x2 d:/program files2/gnu tool chain/12.3 rel1/bin/../lib/gcc/arm-none-eabi/12.3.1/thumb/v7e-m/nofp\libc_nano.a(libc_a-lock.o)
                0x08001334                __retarget_lock_acquire
 .text.__retarget_lock_acquire_recursive
                0x08001336        0x2 d:/program files2/gnu tool chain/12.3 rel1/bin/../lib/gcc/arm-none-eabi/12.3.1/thumb/v7e-m/nofp\libc_nano.a(libc_a-lock.o)
                0x08001336                __retarget_lock_acquire_recursive
 .text.__retarget_lock_try_acquire
                0x08001338        0x4 d:/program files2/gnu tool chain/12.3 rel1/bin/../lib/gcc/arm-none-eabi/12.3.1/thumb/v7e-m/nofp\libc_nano.a(libc_a-lock.o)
                0x08001338                __retarget_lock_try_acquire
 .text.__retarget_lock_try_acquire_recursive
                0x0800133c        0x4 d:/program files2/gnu tool chain/12.3 rel1/bin/../lib/gcc/arm-none-eabi/12.3.1/thumb/v7e-m/nofp\libc_nano.a(libc_a-lock.o)
                0x0800133c                __retarget_lock_try_acquire_recursive
 .text.__retarget_lock_release
                0x08001340        0x2 d:/program files2/gnu tool chain/12.3 rel1/bin/../lib/gcc/arm-none-eabi/12.3.1/thumb/v7e-m/nofp\libc_nano.a(libc_a-lock.o)
                0x08001340                __retarget_lock_release
 .text.__retarget_lock_release_recursive
                0x08001342        0x2 d:/program files2/gnu tool chain/12.3 rel1/bin/../lib/gcc/arm-none-eabi/12.3.1/thumb/v7e-m/nofp\libc_nano.a(libc_a-lock.o)
                0x08001342                __retarget_lock_release_recursive
 .text._free_r  0x08001344       0x94 d:/program files2/gnu tool chain/12.3 rel1/bin/../lib/gcc/arm-none-eabi/12.3.1/thumb/v7e-m/nofp\libc_nano.a(libc_a-freer.o)
                0x08001344                _free_r
 .text.sbrk_aligned
                0x080013d8       0x44 d:/program files2/gnu tool chain/12.3 rel1/bin/../lib/gcc/arm-none-eabi/12.3.1/thumb/v7e-m/nofp\libc_nano.a(libc_a-mallocr.o)
 .text._malloc_r
                0x0800141c      0x100 d:/program files2/gnu tool chain/12.3 rel1/bin/../lib/gcc/arm-none-eabi/12.3.1/thumb/v7e-m/nofp\libc_nano.a(libc_a-mallocr.o)
                0x0800141c                _malloc_r
 .text.__malloc_lock
                0x0800151c        0xc d:/program files2/gnu tool chain/12.3 rel1/bin/../lib/gcc/arm-none-eabi/12.3.1/thumb/v7e-m/nofp\libc_nano.a(libc_a-mlock.o)
                0x0800151c                __malloc_lock
 .text.__malloc_unlock
                0x08001528        0xc d:/program files2/gnu tool chain/12.3 rel1/bin/../lib/gcc/arm-none-eabi/12.3.1/thumb/v7e-m/nofp\libc_nano.a(libc_a-mlock.o)
                0x08001528                __malloc_unlock
 .text.__sfputc_r
                0x08001534       0x2a d:/program files2/gnu tool chain/12.3 rel1/bin/../lib/gcc/arm-none-eabi/12.3.1/thumb/v7e-m/nofp\libc_nano.a(libc_a-nano-vfprintf.o)
 .text.__sfputs_r
                0x0800155e       0x24 d:/program files2/gnu tool chain/12.3 rel1/bin/../lib/gcc/arm-none-eabi/12.3.1/thumb/v7e-m/nofp\libc_nano.a(libc_a-nano-vfprintf.o)
                0x0800155e                __sfputs_r
 .text.__sprint_r
                0x08001582       0x1a d:/program files2/gnu tool chain/12.3 rel1/bin/../lib/gcc/arm-none-eabi/12.3.1/thumb/v7e-m/nofp\libc_nano.a(libc_a-nano-vfprintf.o)
                0x08001582                __sprint_r
 .text._vfprintf_r
                0x0800159c      0x230 d:/program files2/gnu tool chain/12.3 rel1/bin/../lib/gcc/arm-none-eabi/12.3.1/thumb/v7e-m/nofp\libc_nano.a(libc_a-nano-vfprintf.o)
                0x0800159c                _vfprintf_r
                0x0800159c                _vfiprintf_r
 .text.vfprintf
                0x080017cc       0x14 d:/program files2/gnu tool chain/12.3 rel1/bin/../lib/gcc/arm-none-eabi/12.3.1/thumb/v7e-m/nofp\libc_nano.a(libc_a-nano-vfprintf.o)
                0x080017cc                vfprintf
                0x080017cc                vfiprintf
 .text._printf_common
                0x080017e0       0xda d:/program files2/gnu tool chain/12.3 rel1/bin/../lib/gcc/arm-none-eabi/12.3.1/thumb/v7e-m/nofp\libc_nano.a(libc_a-nano-vfprintf_i.o)
                0x080017e0                _printf_common
 *fill*         0x080018ba        0x2 
 .text._printf_i
                0x080018bc      0x258 d:/program files2/gnu tool chain/12.3 rel1/bin/../lib/gcc/arm-none-eabi/12.3.1/thumb/v7e-m/nofp\libc_nano.a(libc_a-nano-vfprintf_i.o)
                0x080018bc                _printf_i
 .text.__sflush_r
                0x08001b14      0x100 d:/program files2/gnu tool chain/12.3 rel1/bin/../lib/gcc/arm-none-eabi/12.3.1/thumb/v7e-m/nofp\libc_nano.a(libc_a-fflush.o)
                0x08001b14                __sflush_r
 .text._fflush_r
                0x08001c14       0x50 d:/program files2/gnu tool chain/12.3 rel1/bin/../lib/gcc/arm-none-eabi/12.3.1/thumb/v7e-m/nofp\libc_nano.a(libc_a-fflush.o)
                0x08001c14                _fflush_r
 .text.fflush   0x08001c64       0x28 d:/program files2/gnu tool chain/12.3 rel1/bin/../lib/gcc/arm-none-eabi/12.3.1/thumb/v7e-m/nofp\libc_nano.a(libc_a-fflush.o)
                0x08001c64                fflush
 .text.__sfvwrite_r
                0x08001c8c      0x2a0 d:/program files2/gnu tool chain/12.3 rel1/bin/../lib/gcc/arm-none-eabi/12.3.1/thumb/v7e-m/nofp\libc_nano.a(libc_a-fvwrite.o)
                0x08001c8c                __sfvwrite_r
 .text.__swhatbuf_r
                0x08001f2c       0x4c d:/program files2/gnu tool chain/12.3 rel1/bin/../lib/gcc/arm-none-eabi/12.3.1/thumb/v7e-m/nofp\libc_nano.a(libc_a-makebuf.o)
                0x08001f2c                __swhatbuf_r
 .text.__smakebuf_r
                0x08001f78       0x78 d:/program files2/gnu tool chain/12.3 rel1/bin/../lib/gcc/arm-none-eabi/12.3.1/thumb/v7e-m/nofp\libc_nano.a(libc_a-makebuf.o)
                0x08001f78                __smakebuf_r
 .text.memmove  0x08001ff0       0x34 d:/program files2/gnu tool chain/12.3 rel1/bin/../lib/gcc/arm-none-eabi/12.3.1/thumb/v7e-m/nofp\libc_nano.a(libc_a-memmove.o)
                0x08001ff0                memmove
 .text._fstat_r
                0x08002024       0x24 d:/program files2/gnu tool chain/12.3 rel1/bin/../lib/gcc/arm-none-eabi/12.3.1/thumb/v7e-m/nofp\libc_nano.a(libc_a-fstatr.o)
                0x08002024                _fstat_r
 .text._isatty_r
                0x08002048       0x20 d:/program files2/gnu tool chain/12.3 rel1/bin/../lib/gcc/arm-none-eabi/12.3.1/thumb/v7e-m/nofp\libc_nano.a(libc_a-isattyr.o)
                0x08002048                _isatty_r
 .text._sbrk_r  0x08002068       0x20 d:/program files2/gnu tool chain/12.3 rel1/bin/../lib/gcc/arm-none-eabi/12.3.1/thumb/v7e-m/nofp\libc_nano.a(libc_a-sbrkr.o)
                0x08002068                _sbrk_r
 .text.memcpy   0x08002088       0x1c d:/program files2/gnu tool chain/12.3 rel1/bin/../lib/gcc/arm-none-eabi/12.3.1/thumb/v7e-m/nofp\libc_nano.a(libc_a-memcpy-stub.o)
                0x08002088                memcpy
 .text._realloc_r
                0x080020a4       0x5c d:/program files2/gnu tool chain/12.3 rel1/bin/../lib/gcc/arm-none-eabi/12.3.1/thumb/v7e-m/nofp\libc_nano.a(libc_a-reallocr.o)
                0x080020a4                _realloc_r
 .text._malloc_usable_size_r
                0x08002100       0x10 d:/program files2/gnu tool chain/12.3 rel1/bin/../lib/gcc/arm-none-eabi/12.3.1/thumb/v7e-m/nofp\libc_nano.a(libc_a-msizer.o)
                0x08002100                _malloc_usable_size_r
 *(.init)
 .init          0x08002110        0x4 d:/program files2/gnu tool chain/12.3 rel1/bin/../lib/gcc/arm-none-eabi/12.3.1/thumb/v7e-m/nofp/crti.o
                0x08002110                _init
 .init          0x08002114        0x8 d:/program files2/gnu tool chain/12.3 rel1/bin/../lib/gcc/arm-none-eabi/12.3.1/thumb/v7e-m/nofp/crtn.o
 *(.fini)
 .fini          0x0800211c        0x4 d:/program files2/gnu tool chain/12.3 rel1/bin/../lib/gcc/arm-none-eabi/12.3.1/thumb/v7e-m/nofp/crti.o
                0x0800211c                _fini
 .fini          0x08002120        0x8 d:/program files2/gnu tool chain/12.3 rel1/bin/../lib/gcc/arm-none-eabi/12.3.1/thumb/v7e-m/nofp/crtn.o
 *(.rodata)
 .rodata        0x08002128       0x4b src/main.o
 *(.rodata.*)
 *fill*         0x08002173        0x1 
 .rodata.all_implied_fbits
                0x08002174       0x24 d:/program files2/gnu tool chain/12.3 rel1/bin/../lib/gcc/arm-none-eabi/12.3.1/thumb/v7e-m/nofp/crtbegin.o
 .rodata._vfprintf_r.str1.1
                0x08002198       0x11 d:/program files2/gnu tool chain/12.3 rel1/bin/../lib/gcc/arm-none-eabi/12.3.1/thumb/v7e-m/nofp\libc_nano.a(libc_a-nano-vfprintf.o)
 .rodata._printf_i.str1.1
                0x080021a9       0x22 d:/program files2/gnu tool chain/12.3 rel1/bin/../lib/gcc/arm-none-eabi/12.3.1/thumb/v7e-m/nofp\libc_nano.a(libc_a-nano-vfprintf_i.o)
 *fill*         0x080021cb        0x1 
 .rodata.all_implied_fbits
                0x080021cc       0x24 d:/program files2/gnu tool chain/12.3 rel1/bin/../lib/gcc/arm-none-eabi/12.3.1/thumb/v7e-m/nofp/crtend.o
                0x080021f0                        . = ALIGN (0x4)
                0x080021f0                        _etext = .
                0x0800224c                        _la_data = LOADADDR (.data)

.glue_7         0x080021f0        0x0
 .glue_7        0x080021f0        0x0 linker stubs

.glue_7t        0x080021f0        0x0
 .glue_7t       0x080021f0        0x0 linker stubs

.vfp11_veneer   0x080021f0        0x0
 .vfp11_veneer  0x080021f0        0x0 linker stubs

.v4_bx          0x080021f0        0x0
 .v4_bx         0x080021f0        0x0 linker stubs

.iplt           0x080021f0        0x0
 .iplt          0x080021f0        0x0 d:/program files2/gnu tool chain/12.3 rel1/bin/../lib/gcc/arm-none-eabi/12.3.1/thumb/v7e-m/nofp/crtbegin.o

.eh_frame       0x080021f0       0x54
 .eh_frame      0x080021f0        0x0 d:/program files2/gnu tool chain/12.3 rel1/bin/../lib/gcc/arm-none-eabi/12.3.1/thumb/v7e-m/nofp/crtbegin.o
 .eh_frame      0x080021f0       0x50 d:/program files2/gnu tool chain/12.3 rel1/bin/../lib/gcc/arm-none-eabi/12.3.1/thumb/v7e-m/nofp\libc_nano.a(libc_a-memchr.o)
 .eh_frame      0x08002240        0x4 d:/program files2/gnu tool chain/12.3 rel1/bin/../lib/gcc/arm-none-eabi/12.3.1/thumb/v7e-m/nofp/crtend.o

.ARM.extab      0x08002244        0x0
 .ARM.extab     0x08002244        0x0 d:/program files2/gnu tool chain/12.3 rel1/bin/../lib/gcc/arm-none-eabi/12.3.1/thumb/v7e-m/nofp/crt0.o
 .ARM.extab     0x08002244        0x0 d:/program files2/gnu tool chain/12.3 rel1/bin/../lib/gcc/arm-none-eabi/12.3.1/thumb/v7e-m/nofp\libc_nano.a(libc_a-memchr.o)

.ARM.exidx      0x08002244        0x8
 .ARM.exidx     0x08002244        0x8 d:/program files2/gnu tool chain/12.3 rel1/bin/../lib/gcc/arm-none-eabi/12.3.1/thumb/v7e-m/nofp/crt0.o
                                 0x10 (size before relaxing)
 .ARM.exidx     0x0800224c        0x0 d:/program files2/gnu tool chain/12.3 rel1/bin/../lib/gcc/arm-none-eabi/12.3.1/thumb/v7e-m/nofp\libc_nano.a(libc_a-memchr.o)
                                  0x8 (size before relaxing)

.rel.dyn        0x0800224c        0x0
 .rel.iplt      0x0800224c        0x0 d:/program files2/gnu tool chain/12.3 rel1/bin/../lib/gcc/arm-none-eabi/12.3.1/thumb/v7e-m/nofp/crtbegin.o

.data           0x20000000       0x68 load address 0x0800224c
                0x20000000                        _sdata = .
 *(.data)
 .data          0x20000000        0x0 d:/program files2/gnu tool chain/12.3 rel1/bin/../lib/gcc/arm-none-eabi/12.3.1/thumb/v7e-m/nofp/crti.o
 .data          0x20000000        0x0 d:/program files2/gnu tool chain/12.3 rel1/bin/../lib/gcc/arm-none-eabi/12.3.1/thumb/v7e-m/nofp/crtbegin.o
 .data          0x20000000        0x0 d:/program files2/gnu tool chain/12.3 rel1/bin/../lib/gcc/arm-none-eabi/12.3.1/thumb/v7e-m/nofp/crt0.o
 .data          0x20000000        0x0 src/led.o
 .data          0x20000000        0x1 src/main.o
                0x20000000                current_task
 .data          0x20000001        0x0 src/STM32_Startup.o
 *fill*         0x20000001        0x3 
 .data          0x20000004        0x4 src/syscalls.o
                0x20000004                environ
 .data          0x20000008        0x0 d:/program files2/gnu tool chain/12.3 rel1/bin/../lib/gcc/arm-none-eabi/12.3.1/thumb/v7e-m/nofp\libc_nano.a(libc_a-exit.o)
 .data          0x20000008        0x0 d:/program files2/gnu tool chain/12.3 rel1/bin/../lib/gcc/arm-none-eabi/12.3.1/thumb/v7e-m/nofp\libc_nano.a(libc_a-findfp.o)
 .data          0x20000008        0x0 d:/program files2/gnu tool chain/12.3 rel1/bin/../lib/gcc/arm-none-eabi/12.3.1/thumb/v7e-m/nofp\libc_nano.a(libc_a-fwalk.o)
 .data          0x20000008        0x0 d:/program files2/gnu tool chain/12.3 rel1/bin/../lib/gcc/arm-none-eabi/12.3.1/thumb/v7e-m/nofp\libc_nano.a(libc_a-printf.o)
 .data          0x20000008        0x0 d:/program files2/gnu tool chain/12.3 rel1/bin/../lib/gcc/arm-none-eabi/12.3.1/thumb/v7e-m/nofp\libc_nano.a(libc_a-puts.o)
 .data          0x20000008        0x0 d:/program files2/gnu tool chain/12.3 rel1/bin/../lib/gcc/arm-none-eabi/12.3.1/thumb/v7e-m/nofp\libc_nano.a(libc_a-stdio.o)
 .data          0x20000008        0x0 d:/program files2/gnu tool chain/12.3 rel1/bin/../lib/gcc/arm-none-eabi/12.3.1/thumb/v7e-m/nofp\libc_nano.a(libc_a-wbuf.o)
 .data          0x20000008        0x0 d:/program files2/gnu tool chain/12.3 rel1/bin/../lib/gcc/arm-none-eabi/12.3.1/thumb/v7e-m/nofp\libc_nano.a(libc_a-wsetup.o)
 .data          0x20000008        0x0 d:/program files2/gnu tool chain/12.3 rel1/bin/../lib/gcc/arm-none-eabi/12.3.1/thumb/v7e-m/nofp\libc_nano.a(libc_a-memset.o)
 .data          0x20000008        0x0 d:/program files2/gnu tool chain/12.3 rel1/bin/../lib/gcc/arm-none-eabi/12.3.1/thumb/v7e-m/nofp\libc_nano.a(libc_a-closer.o)
 .data          0x20000008        0x0 d:/program files2/gnu tool chain/12.3 rel1/bin/../lib/gcc/arm-none-eabi/12.3.1/thumb/v7e-m/nofp\libc_nano.a(libc_a-reent.o)
 .data          0x20000008        0x0 d:/program files2/gnu tool chain/12.3 rel1/bin/../lib/gcc/arm-none-eabi/12.3.1/thumb/v7e-m/nofp\libc_nano.a(libc_a-impure.o)
 .data          0x20000008        0x0 d:/program files2/gnu tool chain/12.3 rel1/bin/../lib/gcc/arm-none-eabi/12.3.1/thumb/v7e-m/nofp\libc_nano.a(libc_a-lseekr.o)
 .data          0x20000008        0x0 d:/program files2/gnu tool chain/12.3 rel1/bin/../lib/gcc/arm-none-eabi/12.3.1/thumb/v7e-m/nofp\libc_nano.a(libc_a-readr.o)
 .data          0x20000008        0x0 d:/program files2/gnu tool chain/12.3 rel1/bin/../lib/gcc/arm-none-eabi/12.3.1/thumb/v7e-m/nofp\libc_nano.a(libc_a-writer.o)
 .data          0x20000008        0x0 d:/program files2/gnu tool chain/12.3 rel1/bin/../lib/gcc/arm-none-eabi/12.3.1/thumb/v7e-m/nofp\libc_nano.a(libc_a-errno.o)
 .data          0x20000008        0x0 d:/program files2/gnu tool chain/12.3 rel1/bin/../lib/gcc/arm-none-eabi/12.3.1/thumb/v7e-m/nofp\libc_nano.a(libc_a-init.o)
 .data          0x20000008        0x0 d:/program files2/gnu tool chain/12.3 rel1/bin/../lib/gcc/arm-none-eabi/12.3.1/thumb/v7e-m/nofp\libc_nano.a(libc_a-lock.o)
 .data          0x20000008        0x0 d:/program files2/gnu tool chain/12.3 rel1/bin/../lib/gcc/arm-none-eabi/12.3.1/thumb/v7e-m/nofp\libc_nano.a(libc_a-freer.o)
 .data          0x20000008        0x0 d:/program files2/gnu tool chain/12.3 rel1/bin/../lib/gcc/arm-none-eabi/12.3.1/thumb/v7e-m/nofp\libc_nano.a(libc_a-mallocr.o)
 .data          0x20000008        0x0 d:/program files2/gnu tool chain/12.3 rel1/bin/../lib/gcc/arm-none-eabi/12.3.1/thumb/v7e-m/nofp\libc_nano.a(libc_a-mlock.o)
 .data          0x20000008        0x0 d:/program files2/gnu tool chain/12.3 rel1/bin/../lib/gcc/arm-none-eabi/12.3.1/thumb/v7e-m/nofp\libc_nano.a(libc_a-nano-vfprintf.o)
 .data          0x20000008        0x0 d:/program files2/gnu tool chain/12.3 rel1/bin/../lib/gcc/arm-none-eabi/12.3.1/thumb/v7e-m/nofp\libc_nano.a(libc_a-nano-vfprintf_i.o)
 .data          0x20000008        0x0 d:/program files2/gnu tool chain/12.3 rel1/bin/../lib/gcc/arm-none-eabi/12.3.1/thumb/v7e-m/nofp\libc_nano.a(libc_a-fflush.o)
 .data          0x20000008        0x0 d:/program files2/gnu tool chain/12.3 rel1/bin/../lib/gcc/arm-none-eabi/12.3.1/thumb/v7e-m/nofp\libc_nano.a(libc_a-fvwrite.o)
 .data          0x20000008        0x0 d:/program files2/gnu tool chain/12.3 rel1/bin/../lib/gcc/arm-none-eabi/12.3.1/thumb/v7e-m/nofp\libc_nano.a(libc_a-makebuf.o)
 .data          0x20000008        0x0 d:/program files2/gnu tool chain/12.3 rel1/bin/../lib/gcc/arm-none-eabi/12.3.1/thumb/v7e-m/nofp\libc_nano.a(libc_a-memmove.o)
 .data          0x20000008        0x0 d:/program files2/gnu tool chain/12.3 rel1/bin/../lib/gcc/arm-none-eabi/12.3.1/thumb/v7e-m/nofp\libc_nano.a(libc_a-fstatr.o)
 .data          0x20000008        0x0 d:/program files2/gnu tool chain/12.3 rel1/bin/../lib/gcc/arm-none-eabi/12.3.1/thumb/v7e-m/nofp\libc_nano.a(libc_a-isattyr.o)
 .data          0x20000008        0x0 d:/program files2/gnu tool chain/12.3 rel1/bin/../lib/gcc/arm-none-eabi/12.3.1/thumb/v7e-m/nofp\libc_nano.a(libc_a-sbrkr.o)
 .data          0x20000008        0x0 d:/program files2/gnu tool chain/12.3 rel1/bin/../lib/gcc/arm-none-eabi/12.3.1/thumb/v7e-m/nofp\libc_nano.a(libc_a-memchr.o)
 .data          0x20000008        0x0 d:/program files2/gnu tool chain/12.3 rel1/bin/../lib/gcc/arm-none-eabi/12.3.1/thumb/v7e-m/nofp\libc_nano.a(libc_a-memcpy-stub.o)
 .data          0x20000008        0x0 d:/program files2/gnu tool chain/12.3 rel1/bin/../lib/gcc/arm-none-eabi/12.3.1/thumb/v7e-m/nofp\libc_nano.a(libc_a-reallocr.o)
 .data          0x20000008        0x0 d:/program files2/gnu tool chain/12.3 rel1/bin/../lib/gcc/arm-none-eabi/12.3.1/thumb/v7e-m/nofp\libc_nano.a(libc_a-msizer.o)
 .data          0x20000008        0x0 d:/program files2/gnu tool chain/12.3 rel1/bin/../lib/gcc/arm-none-eabi/12.3.1/thumb/v7e-m/nofp/crtend.o
 .data          0x20000008        0x0 d:/program files2/gnu tool chain/12.3 rel1/bin/../lib/gcc/arm-none-eabi/12.3.1/thumb/v7e-m/nofp/crtn.o
 *(.data.*)
 .data.__dso_handle
                0x20000008        0x4 d:/program files2/gnu tool chain/12.3 rel1/bin/../lib/gcc/arm-none-eabi/12.3.1/thumb/v7e-m/nofp/crtbegin.o
                0x20000008                __dso_handle
 .data.__sglue  0x2000000c        0xc d:/program files2/gnu tool chain/12.3 rel1/bin/../lib/gcc/arm-none-eabi/12.3.1/thumb/v7e-m/nofp\libc_nano.a(libc_a-findfp.o)
                0x2000000c                __sglue
 .data._impure_ptr
                0x20000018        0x4 d:/program files2/gnu tool chain/12.3 rel1/bin/../lib/gcc/arm-none-eabi/12.3.1/thumb/v7e-m/nofp\libc_nano.a(libc_a-impure.o)
                0x20000018                _impure_ptr
 .data._impure_data
                0x2000001c       0x4c d:/program files2/gnu tool chain/12.3 rel1/bin/../lib/gcc/arm-none-eabi/12.3.1/thumb/v7e-m/nofp\libc_nano.a(libc_a-impure.o)
                0x2000001c                _impure_data
                0x20000068                        . = ALIGN (0x4)
                0x20000068                        _edata = .

.init_array     0x20000068        0x4 load address 0x080022b4
 .init_array    0x20000068        0x4 d:/program files2/gnu tool chain/12.3 rel1/bin/../lib/gcc/arm-none-eabi/12.3.1/thumb/v7e-m/nofp/crtbegin.o

.fini_array     0x2000006c        0x4 load address 0x080022b8
 .fini_array    0x2000006c        0x4 d:/program files2/gnu tool chain/12.3 rel1/bin/../lib/gcc/arm-none-eabi/12.3.1/thumb/v7e-m/nofp/crtbegin.o

.tm_clone_table
                0x20000070        0x0 load address 0x080022bc
 .tm_clone_table
                0x20000070        0x0 d:/program files2/gnu tool chain/12.3 rel1/bin/../lib/gcc/arm-none-eabi/12.3.1/thumb/v7e-m/nofp/crtbegin.o
 .tm_clone_table
                0x20000070        0x0 d:/program files2/gnu tool chain/12.3 rel1/bin/../lib/gcc/arm-none-eabi/12.3.1/thumb/v7e-m/nofp/crtend.o

.igot.plt       0x20000070        0x0 load address 0x080022bc
 .igot.plt      0x20000070        0x0 d:/program files2/gnu tool chain/12.3 rel1/bin/../lib/gcc/arm-none-eabi/12.3.1/thumb/v7e-m/nofp/crtbegin.o

.bss            0x20000070      0x1c8 load address 0x080022bc
                0x20000070                        _sbss = .
                0x20000070                        __bss_start__ = _sbss
 *(.bss)
 .bss           0x20000070        0x0 d:/program files2/gnu tool chain/12.3 rel1/bin/../lib/gcc/arm-none-eabi/12.3.1/thumb/v7e-m/nofp/crti.o
 .bss           0x20000070        0x0 d:/program files2/gnu tool chain/12.3 rel1/bin/../lib/gcc/arm-none-eabi/12.3.1/thumb/v7e-m/nofp/crtbegin.o
 .bss           0x20000070        0x0 d:/program files2/gnu tool chain/12.3 rel1/bin/../lib/gcc/arm-none-eabi/12.3.1/thumb/v7e-m/nofp/crt0.o
 .bss           0x20000070        0x0 src/led.o
 .bss           0x20000070       0x54 src/main.o
                0x20000070                g_tick_count
                0x20000074                user_tasks
 .bss           0x200000c4        0x0 src/STM32_Startup.o
 .bss           0x200000c4        0x8 src/syscalls.o
                0x200000c4                __env
 .bss           0x200000cc        0x0 d:/program files2/gnu tool chain/12.3 rel1/bin/../lib/gcc/arm-none-eabi/12.3.1/thumb/v7e-m/nofp\libc_nano.a(libc_a-exit.o)
 .bss           0x200000cc        0x0 d:/program files2/gnu tool chain/12.3 rel1/bin/../lib/gcc/arm-none-eabi/12.3.1/thumb/v7e-m/nofp\libc_nano.a(libc_a-findfp.o)
 .bss           0x200000cc        0x0 d:/program files2/gnu tool chain/12.3 rel1/bin/../lib/gcc/arm-none-eabi/12.3.1/thumb/v7e-m/nofp\libc_nano.a(libc_a-fwalk.o)
 .bss           0x200000cc        0x0 d:/program files2/gnu tool chain/12.3 rel1/bin/../lib/gcc/arm-none-eabi/12.3.1/thumb/v7e-m/nofp\libc_nano.a(libc_a-printf.o)
 .bss           0x200000cc        0x0 d:/program files2/gnu tool chain/12.3 rel1/bin/../lib/gcc/arm-none-eabi/12.3.1/thumb/v7e-m/nofp\libc_nano.a(libc_a-puts.o)
 .bss           0x200000cc        0x0 d:/program files2/gnu tool chain/12.3 rel1/bin/../lib/gcc/arm-none-eabi/12.3.1/thumb/v7e-m/nofp\libc_nano.a(libc_a-stdio.o)
 .bss           0x200000cc        0x0 d:/program files2/gnu tool chain/12.3 rel1/bin/../lib/gcc/arm-none-eabi/12.3.1/thumb/v7e-m/nofp\libc_nano.a(libc_a-wbuf.o)
 .bss           0x200000cc        0x0 d:/program files2/gnu tool chain/12.3 rel1/bin/../lib/gcc/arm-none-eabi/12.3.1/thumb/v7e-m/nofp\libc_nano.a(libc_a-wsetup.o)
 .bss           0x200000cc        0x0 d:/program files2/gnu tool chain/12.3 rel1/bin/../lib/gcc/arm-none-eabi/12.3.1/thumb/v7e-m/nofp\libc_nano.a(libc_a-memset.o)
 .bss           0x200000cc        0x0 d:/program files2/gnu tool chain/12.3 rel1/bin/../lib/gcc/arm-none-eabi/12.3.1/thumb/v7e-m/nofp\libc_nano.a(libc_a-closer.o)
 .bss           0x200000cc        0x0 d:/program files2/gnu tool chain/12.3 rel1/bin/../lib/gcc/arm-none-eabi/12.3.1/thumb/v7e-m/nofp\libc_nano.a(libc_a-reent.o)
 .bss           0x200000cc        0x0 d:/program files2/gnu tool chain/12.3 rel1/bin/../lib/gcc/arm-none-eabi/12.3.1/thumb/v7e-m/nofp\libc_nano.a(libc_a-impure.o)
 .bss           0x200000cc        0x0 d:/program files2/gnu tool chain/12.3 rel1/bin/../lib/gcc/arm-none-eabi/12.3.1/thumb/v7e-m/nofp\libc_nano.a(libc_a-lseekr.o)
 .bss           0x200000cc        0x0 d:/program files2/gnu tool chain/12.3 rel1/bin/../lib/gcc/arm-none-eabi/12.3.1/thumb/v7e-m/nofp\libc_nano.a(libc_a-readr.o)
 .bss           0x200000cc        0x0 d:/program files2/gnu tool chain/12.3 rel1/bin/../lib/gcc/arm-none-eabi/12.3.1/thumb/v7e-m/nofp\libc_nano.a(libc_a-writer.o)
 .bss           0x200000cc        0x0 d:/program files2/gnu tool chain/12.3 rel1/bin/../lib/gcc/arm-none-eabi/12.3.1/thumb/v7e-m/nofp\libc_nano.a(libc_a-errno.o)
 .bss           0x200000cc        0x0 d:/program files2/gnu tool chain/12.3 rel1/bin/../lib/gcc/arm-none-eabi/12.3.1/thumb/v7e-m/nofp\libc_nano.a(libc_a-init.o)
 .bss           0x200000cc        0x0 d:/program files2/gnu tool chain/12.3 rel1/bin/../lib/gcc/arm-none-eabi/12.3.1/thumb/v7e-m/nofp\libc_nano.a(libc_a-lock.o)
 .bss           0x200000cc        0x0 d:/program files2/gnu tool chain/12.3 rel1/bin/../lib/gcc/arm-none-eabi/12.3.1/thumb/v7e-m/nofp\libc_nano.a(libc_a-freer.o)
 .bss           0x200000cc        0x0 d:/program files2/gnu tool chain/12.3 rel1/bin/../lib/gcc/arm-none-eabi/12.3.1/thumb/v7e-m/nofp\libc_nano.a(libc_a-mallocr.o)
 .bss           0x200000cc        0x0 d:/program files2/gnu tool chain/12.3 rel1/bin/../lib/gcc/arm-none-eabi/12.3.1/thumb/v7e-m/nofp\libc_nano.a(libc_a-mlock.o)
 .bss           0x200000cc        0x0 d:/program files2/gnu tool chain/12.3 rel1/bin/../lib/gcc/arm-none-eabi/12.3.1/thumb/v7e-m/nofp\libc_nano.a(libc_a-nano-vfprintf.o)
 .bss           0x200000cc        0x0 d:/program files2/gnu tool chain/12.3 rel1/bin/../lib/gcc/arm-none-eabi/12.3.1/thumb/v7e-m/nofp\libc_nano.a(libc_a-nano-vfprintf_i.o)
 .bss           0x200000cc        0x0 d:/program files2/gnu tool chain/12.3 rel1/bin/../lib/gcc/arm-none-eabi/12.3.1/thumb/v7e-m/nofp\libc_nano.a(libc_a-fflush.o)
 .bss           0x200000cc        0x0 d:/program files2/gnu tool chain/12.3 rel1/bin/../lib/gcc/arm-none-eabi/12.3.1/thumb/v7e-m/nofp\libc_nano.a(libc_a-fvwrite.o)
 .bss           0x200000cc        0x0 d:/program files2/gnu tool chain/12.3 rel1/bin/../lib/gcc/arm-none-eabi/12.3.1/thumb/v7e-m/nofp\libc_nano.a(libc_a-makebuf.o)
 .bss           0x200000cc        0x0 d:/program files2/gnu tool chain/12.3 rel1/bin/../lib/gcc/arm-none-eabi/12.3.1/thumb/v7e-m/nofp\libc_nano.a(libc_a-memmove.o)
 .bss           0x200000cc        0x0 d:/program files2/gnu tool chain/12.3 rel1/bin/../lib/gcc/arm-none-eabi/12.3.1/thumb/v7e-m/nofp\libc_nano.a(libc_a-fstatr.o)
 .bss           0x200000cc        0x0 d:/program files2/gnu tool chain/12.3 rel1/bin/../lib/gcc/arm-none-eabi/12.3.1/thumb/v7e-m/nofp\libc_nano.a(libc_a-isattyr.o)
 .bss           0x200000cc        0x0 d:/program files2/gnu tool chain/12.3 rel1/bin/../lib/gcc/arm-none-eabi/12.3.1/thumb/v7e-m/nofp\libc_nano.a(libc_a-sbrkr.o)
 .bss           0x200000cc        0x0 d:/program files2/gnu tool chain/12.3 rel1/bin/../lib/gcc/arm-none-eabi/12.3.1/thumb/v7e-m/nofp\libc_nano.a(libc_a-memchr.o)
 .bss           0x200000cc        0x0 d:/program files2/gnu tool chain/12.3 rel1/bin/../lib/gcc/arm-none-eabi/12.3.1/thumb/v7e-m/nofp\libc_nano.a(libc_a-memcpy-stub.o)
 .bss           0x200000cc        0x0 d:/program files2/gnu tool chain/12.3 rel1/bin/../lib/gcc/arm-none-eabi/12.3.1/thumb/v7e-m/nofp\libc_nano.a(libc_a-reallocr.o)
 .bss           0x200000cc        0x0 d:/program files2/gnu tool chain/12.3 rel1/bin/../lib/gcc/arm-none-eabi/12.3.1/thumb/v7e-m/nofp\libc_nano.a(libc_a-msizer.o)
 .bss           0x200000cc        0x0 d:/program files2/gnu tool chain/12.3 rel1/bin/../lib/gcc/arm-none-eabi/12.3.1/thumb/v7e-m/nofp/crtend.o
 .bss           0x200000cc        0x0 d:/program files2/gnu tool chain/12.3 rel1/bin/../lib/gcc/arm-none-eabi/12.3.1/thumb/v7e-m/nofp/crtn.o
 *(.bss.*)
 .bss.completed.1
                0x200000cc        0x1 d:/program files2/gnu tool chain/12.3 rel1/bin/../lib/gcc/arm-none-eabi/12.3.1/thumb/v7e-m/nofp/crtbegin.o
 *fill*         0x200000cd        0x3 
 .bss.object.0  0x200000d0       0x18 d:/program files2/gnu tool chain/12.3 rel1/bin/../lib/gcc/arm-none-eabi/12.3.1/thumb/v7e-m/nofp/crtbegin.o
 .bss.__sf      0x200000e8      0x138 d:/program files2/gnu tool chain/12.3 rel1/bin/../lib/gcc/arm-none-eabi/12.3.1/thumb/v7e-m/nofp\libc_nano.a(libc_a-findfp.o)
                0x200000e8                __sf
 .bss.__stdio_exit_handler
                0x20000220        0x4 d:/program files2/gnu tool chain/12.3 rel1/bin/../lib/gcc/arm-none-eabi/12.3.1/thumb/v7e-m/nofp\libc_nano.a(libc_a-findfp.o)
                0x20000220                __stdio_exit_handler
 .bss.errno     0x20000224        0x4 d:/program files2/gnu tool chain/12.3 rel1/bin/../lib/gcc/arm-none-eabi/12.3.1/thumb/v7e-m/nofp\libc_nano.a(libc_a-reent.o)
                0x20000224                errno
 .bss.__lock___arc4random_mutex
                0x20000228        0x1 d:/program files2/gnu tool chain/12.3 rel1/bin/../lib/gcc/arm-none-eabi/12.3.1/thumb/v7e-m/nofp\libc_nano.a(libc_a-lock.o)
                0x20000228                __lock___arc4random_mutex
 .bss.__lock___dd_hash_mutex
                0x20000229        0x1 d:/program files2/gnu tool chain/12.3 rel1/bin/../lib/gcc/arm-none-eabi/12.3.1/thumb/v7e-m/nofp\libc_nano.a(libc_a-lock.o)
                0x20000229                __lock___dd_hash_mutex
 .bss.__lock___tz_mutex
                0x2000022a        0x1 d:/program files2/gnu tool chain/12.3 rel1/bin/../lib/gcc/arm-none-eabi/12.3.1/thumb/v7e-m/nofp\libc_nano.a(libc_a-lock.o)
                0x2000022a                __lock___tz_mutex
 .bss.__lock___env_recursive_mutex
                0x2000022b        0x1 d:/program files2/gnu tool chain/12.3 rel1/bin/../lib/gcc/arm-none-eabi/12.3.1/thumb/v7e-m/nofp\libc_nano.a(libc_a-lock.o)
                0x2000022b                __lock___env_recursive_mutex
 .bss.__lock___malloc_recursive_mutex
                0x2000022c        0x1 d:/program files2/gnu tool chain/12.3 rel1/bin/../lib/gcc/arm-none-eabi/12.3.1/thumb/v7e-m/nofp\libc_nano.a(libc_a-lock.o)
                0x2000022c                __lock___malloc_recursive_mutex
 .bss.__lock___at_quick_exit_mutex
                0x2000022d        0x1 d:/program files2/gnu tool chain/12.3 rel1/bin/../lib/gcc/arm-none-eabi/12.3.1/thumb/v7e-m/nofp\libc_nano.a(libc_a-lock.o)
                0x2000022d                __lock___at_quick_exit_mutex
 .bss.__lock___atexit_recursive_mutex
                0x2000022e        0x1 d:/program files2/gnu tool chain/12.3 rel1/bin/../lib/gcc/arm-none-eabi/12.3.1/thumb/v7e-m/nofp\libc_nano.a(libc_a-lock.o)
                0x2000022e                __lock___atexit_recursive_mutex
 .bss.__lock___sfp_recursive_mutex
                0x2000022f        0x1 d:/program files2/gnu tool chain/12.3 rel1/bin/../lib/gcc/arm-none-eabi/12.3.1/thumb/v7e-m/nofp\libc_nano.a(libc_a-lock.o)
                0x2000022f                __lock___sfp_recursive_mutex
 .bss.__malloc_sbrk_start
                0x20000230        0x4 d:/program files2/gnu tool chain/12.3 rel1/bin/../lib/gcc/arm-none-eabi/12.3.1/thumb/v7e-m/nofp\libc_nano.a(libc_a-mallocr.o)
                0x20000230                __malloc_sbrk_start
 .bss.__malloc_free_list
                0x20000234        0x4 d:/program files2/gnu tool chain/12.3 rel1/bin/../lib/gcc/arm-none-eabi/12.3.1/thumb/v7e-m/nofp\libc_nano.a(libc_a-mallocr.o)
                0x20000234                __malloc_free_list
 *(COMMON)
                0x20000238                        . = ALIGN (0x4)
                0x20000238                        _ebss = .
                0x20000238                        __bss_end__ = _ebss
                0x20000238                        . = ALIGN (0x4)
                0x20000238                        end = .
                0x20000238                        __end__ = .
OUTPUT(Exec.elf elf32-littlearm)
LOAD linker stubs

.ARM.attributes
                0x00000000       0x2a
 .ARM.attributes
                0x00000000       0x1e d:/program files2/gnu tool chain/12.3 rel1/bin/../lib/gcc/arm-none-eabi/12.3.1/thumb/v7e-m/nofp/crti.o
 .ARM.attributes
                0x0000001e       0x2e d:/program files2/gnu tool chain/12.3 rel1/bin/../lib/gcc/arm-none-eabi/12.3.1/thumb/v7e-m/nofp/crtbegin.o
 .ARM.attributes
                0x0000004c       0x1c d:/program files2/gnu tool chain/12.3 rel1/bin/../lib/gcc/arm-none-eabi/12.3.1/thumb/v7e-m/nofp/crt0.o
 .ARM.attributes
                0x00000068       0x2e src/led.o
 .ARM.attributes
                0x00000096       0x2e src/main.o
 .ARM.attributes
                0x000000c4       0x2e src/STM32_Startup.o
 .ARM.attributes
                0x000000f2       0x2e src/syscalls.o
 .ARM.attributes
                0x00000120       0x2e d:/program files2/gnu tool chain/12.3 rel1/bin/../lib/gcc/arm-none-eabi/12.3.1/thumb/v7e-m/nofp\libc_nano.a(libc_a-exit.o)
 .ARM.attributes
                0x0000014e       0x2e d:/program files2/gnu tool chain/12.3 rel1/bin/../lib/gcc/arm-none-eabi/12.3.1/thumb/v7e-m/nofp\libc_nano.a(libc_a-findfp.o)
 .ARM.attributes
                0x0000017c       0x2e d:/program files2/gnu tool chain/12.3 rel1/bin/../lib/gcc/arm-none-eabi/12.3.1/thumb/v7e-m/nofp\libc_nano.a(libc_a-fwalk.o)
 .ARM.attributes
                0x000001aa       0x2e d:/program files2/gnu tool chain/12.3 rel1/bin/../lib/gcc/arm-none-eabi/12.3.1/thumb/v7e-m/nofp\libc_nano.a(libc_a-printf.o)
 .ARM.attributes
                0x000001d8       0x2e d:/program files2/gnu tool chain/12.3 rel1/bin/../lib/gcc/arm-none-eabi/12.3.1/thumb/v7e-m/nofp\libc_nano.a(libc_a-puts.o)
 .ARM.attributes
                0x00000206       0x2e d:/program files2/gnu tool chain/12.3 rel1/bin/../lib/gcc/arm-none-eabi/12.3.1/thumb/v7e-m/nofp\libc_nano.a(libc_a-stdio.o)
 .ARM.attributes
                0x00000234       0x2e d:/program files2/gnu tool chain/12.3 rel1/bin/../lib/gcc/arm-none-eabi/12.3.1/thumb/v7e-m/nofp\libc_nano.a(libc_a-wbuf.o)
 .ARM.attributes
                0x00000262       0x2e d:/program files2/gnu tool chain/12.3 rel1/bin/../lib/gcc/arm-none-eabi/12.3.1/thumb/v7e-m/nofp\libc_nano.a(libc_a-wsetup.o)
 .ARM.attributes
                0x00000290       0x2e d:/program files2/gnu tool chain/12.3 rel1/bin/../lib/gcc/arm-none-eabi/12.3.1/thumb/v7e-m/nofp\libc_nano.a(libc_a-memset.o)
 .ARM.attributes
                0x000002be       0x2e d:/program files2/gnu tool chain/12.3 rel1/bin/../lib/gcc/arm-none-eabi/12.3.1/thumb/v7e-m/nofp\libc_nano.a(libc_a-closer.o)
 .ARM.attributes
                0x000002ec       0x2e d:/program files2/gnu tool chain/12.3 rel1/bin/../lib/gcc/arm-none-eabi/12.3.1/thumb/v7e-m/nofp\libc_nano.a(libc_a-reent.o)
 .ARM.attributes
                0x0000031a       0x2e d:/program files2/gnu tool chain/12.3 rel1/bin/../lib/gcc/arm-none-eabi/12.3.1/thumb/v7e-m/nofp\libc_nano.a(libc_a-impure.o)
 .ARM.attributes
                0x00000348       0x2e d:/program files2/gnu tool chain/12.3 rel1/bin/../lib/gcc/arm-none-eabi/12.3.1/thumb/v7e-m/nofp\libc_nano.a(libc_a-lseekr.o)
 .ARM.attributes
                0x00000376       0x2e d:/program files2/gnu tool chain/12.3 rel1/bin/../lib/gcc/arm-none-eabi/12.3.1/thumb/v7e-m/nofp\libc_nano.a(libc_a-readr.o)
 .ARM.attributes
                0x000003a4       0x2e d:/program files2/gnu tool chain/12.3 rel1/bin/../lib/gcc/arm-none-eabi/12.3.1/thumb/v7e-m/nofp\libc_nano.a(libc_a-writer.o)
 .ARM.attributes
                0x000003d2       0x2e d:/program files2/gnu tool chain/12.3 rel1/bin/../lib/gcc/arm-none-eabi/12.3.1/thumb/v7e-m/nofp\libc_nano.a(libc_a-errno.o)
 .ARM.attributes
                0x00000400       0x2e d:/program files2/gnu tool chain/12.3 rel1/bin/../lib/gcc/arm-none-eabi/12.3.1/thumb/v7e-m/nofp\libc_nano.a(libc_a-init.o)
 .ARM.attributes
                0x0000042e       0x2e d:/program files2/gnu tool chain/12.3 rel1/bin/../lib/gcc/arm-none-eabi/12.3.1/thumb/v7e-m/nofp\libc_nano.a(libc_a-lock.o)
 .ARM.attributes
                0x0000045c       0x2e d:/program files2/gnu tool chain/12.3 rel1/bin/../lib/gcc/arm-none-eabi/12.3.1/thumb/v7e-m/nofp\libc_nano.a(libc_a-freer.o)
 .ARM.attributes
                0x0000048a       0x2e d:/program files2/gnu tool chain/12.3 rel1/bin/../lib/gcc/arm-none-eabi/12.3.1/thumb/v7e-m/nofp\libc_nano.a(libc_a-mallocr.o)
 .ARM.attributes
                0x000004b8       0x2e d:/program files2/gnu tool chain/12.3 rel1/bin/../lib/gcc/arm-none-eabi/12.3.1/thumb/v7e-m/nofp\libc_nano.a(libc_a-mlock.o)
 .ARM.attributes
                0x000004e6       0x2e d:/program files2/gnu tool chain/12.3 rel1/bin/../lib/gcc/arm-none-eabi/12.3.1/thumb/v7e-m/nofp\libc_nano.a(libc_a-nano-vfprintf.o)
 .ARM.attributes
                0x00000514       0x2e d:/program files2/gnu tool chain/12.3 rel1/bin/../lib/gcc/arm-none-eabi/12.3.1/thumb/v7e-m/nofp\libc_nano.a(libc_a-nano-vfprintf_i.o)
 .ARM.attributes
                0x00000542       0x2e d:/program files2/gnu tool chain/12.3 rel1/bin/../lib/gcc/arm-none-eabi/12.3.1/thumb/v7e-m/nofp\libc_nano.a(libc_a-fflush.o)
 .ARM.attributes
                0x00000570       0x2e d:/program files2/gnu tool chain/12.3 rel1/bin/../lib/gcc/arm-none-eabi/12.3.1/thumb/v7e-m/nofp\libc_nano.a(libc_a-fvwrite.o)
 .ARM.attributes
                0x0000059e       0x2e d:/program files2/gnu tool chain/12.3 rel1/bin/../lib/gcc/arm-none-eabi/12.3.1/thumb/v7e-m/nofp\libc_nano.a(libc_a-makebuf.o)
 .ARM.attributes
                0x000005cc       0x2e d:/program files2/gnu tool chain/12.3 rel1/bin/../lib/gcc/arm-none-eabi/12.3.1/thumb/v7e-m/nofp\libc_nano.a(libc_a-memmove.o)
 .ARM.attributes
                0x000005fa       0x2e d:/program files2/gnu tool chain/12.3 rel1/bin/../lib/gcc/arm-none-eabi/12.3.1/thumb/v7e-m/nofp\libc_nano.a(libc_a-fstatr.o)
 .ARM.attributes
                0x00000628       0x2e d:/program files2/gnu tool chain/12.3 rel1/bin/../lib/gcc/arm-none-eabi/12.3.1/thumb/v7e-m/nofp\libc_nano.a(libc_a-isattyr.o)
 .ARM.attributes
                0x00000656       0x2e d:/program files2/gnu tool chain/12.3 rel1/bin/../lib/gcc/arm-none-eabi/12.3.1/thumb/v7e-m/nofp\libc_nano.a(libc_a-sbrkr.o)
 .ARM.attributes
                0x00000684       0x1c d:/program files2/gnu tool chain/12.3 rel1/bin/../lib/gcc/arm-none-eabi/12.3.1/thumb/v7e-m/nofp\libc_nano.a(libc_a-memchr.o)
 .ARM.attributes
                0x000006a0       0x2e d:/program files2/gnu tool chain/12.3 rel1/bin/../lib/gcc/arm-none-eabi/12.3.1/thumb/v7e-m/nofp\libc_nano.a(libc_a-memcpy-stub.o)
 .ARM.attributes
                0x000006ce       0x2e d:/program files2/gnu tool chain/12.3 rel1/bin/../lib/gcc/arm-none-eabi/12.3.1/thumb/v7e-m/nofp\libc_nano.a(libc_a-reallocr.o)
 .ARM.attributes
                0x000006fc       0x2e d:/program files2/gnu tool chain/12.3 rel1/bin/../lib/gcc/arm-none-eabi/12.3.1/thumb/v7e-m/nofp\libc_nano.a(libc_a-msizer.o)
 .ARM.attributes
                0x0000072a       0x2e d:/program files2/gnu tool chain/12.3 rel1/bin/../lib/gcc/arm-none-eabi/12.3.1/thumb/v7e-m/nofp/crtend.o
 .ARM.attributes
                0x00000758       0x1e d:/program files2/gnu tool chain/12.3 rel1/bin/../lib/gcc/arm-none-eabi/12.3.1/thumb/v7e-m/nofp/crtn.o

.comment        0x00000000       0x45
 .comment       0x00000000       0x45 src/led.o
                                 0x46 (size before relaxing)
 .comment       0x00000045       0x46 src/main.o
 .comment       0x00000045       0x46 src/STM32_Startup.o
 .comment       0x00000045       0x46 src/syscalls.o

.debug_line_str
                0x00000000      0x1b1
 .debug_line_str
                0x00000000       0xd3 d:/program files2/gnu tool chain/12.3 rel1/bin/../lib/gcc/arm-none-eabi/12.3.1/thumb/v7e-m/nofp/crt0.o
 .debug_line_str
                0x000000d3       0xde d:/program files2/gnu tool chain/12.3 rel1/bin/../lib/gcc/arm-none-eabi/12.3.1/thumb/v7e-m/nofp\libc_nano.a(libc_a-memchr.o)

.debug_frame    0x00000000      0x920
 .debug_frame   0x00000000       0x28 d:/program files2/gnu tool chain/12.3 rel1/bin/../lib/gcc/arm-none-eabi/12.3.1/thumb/v7e-m/nofp\libc_nano.a(libc_a-exit.o)
 .debug_frame   0x00000028      0x144 d:/program files2/gnu tool chain/12.3 rel1/bin/../lib/gcc/arm-none-eabi/12.3.1/thumb/v7e-m/nofp\libc_nano.a(libc_a-findfp.o)
 .debug_frame   0x0000016c       0x34 d:/program files2/gnu tool chain/12.3 rel1/bin/../lib/gcc/arm-none-eabi/12.3.1/thumb/v7e-m/nofp\libc_nano.a(libc_a-fwalk.o)
 .debug_frame   0x000001a0       0x6c d:/program files2/gnu tool chain/12.3 rel1/bin/../lib/gcc/arm-none-eabi/12.3.1/thumb/v7e-m/nofp\libc_nano.a(libc_a-printf.o)
 .debug_frame   0x0000020c       0x3c d:/program files2/gnu tool chain/12.3 rel1/bin/../lib/gcc/arm-none-eabi/12.3.1/thumb/v7e-m/nofp\libc_nano.a(libc_a-puts.o)
 .debug_frame   0x00000248       0x88 d:/program files2/gnu tool chain/12.3 rel1/bin/../lib/gcc/arm-none-eabi/12.3.1/thumb/v7e-m/nofp\libc_nano.a(libc_a-stdio.o)
 .debug_frame   0x000002d0       0x40 d:/program files2/gnu tool chain/12.3 rel1/bin/../lib/gcc/arm-none-eabi/12.3.1/thumb/v7e-m/nofp\libc_nano.a(libc_a-wbuf.o)
 .debug_frame   0x00000310       0x2c d:/program files2/gnu tool chain/12.3 rel1/bin/../lib/gcc/arm-none-eabi/12.3.1/thumb/v7e-m/nofp\libc_nano.a(libc_a-wsetup.o)
 .debug_frame   0x0000033c       0x20 d:/program files2/gnu tool chain/12.3 rel1/bin/../lib/gcc/arm-none-eabi/12.3.1/thumb/v7e-m/nofp\libc_nano.a(libc_a-memset.o)
 .debug_frame   0x0000035c       0x2c d:/program files2/gnu tool chain/12.3 rel1/bin/../lib/gcc/arm-none-eabi/12.3.1/thumb/v7e-m/nofp\libc_nano.a(libc_a-closer.o)
 .debug_frame   0x00000388       0x38 d:/program files2/gnu tool chain/12.3 rel1/bin/../lib/gcc/arm-none-eabi/12.3.1/thumb/v7e-m/nofp\libc_nano.a(libc_a-reent.o)
 .debug_frame   0x000003c0       0x2c d:/program files2/gnu tool chain/12.3 rel1/bin/../lib/gcc/arm-none-eabi/12.3.1/thumb/v7e-m/nofp\libc_nano.a(libc_a-lseekr.o)
 .debug_frame   0x000003ec       0x2c d:/program files2/gnu tool chain/12.3 rel1/bin/../lib/gcc/arm-none-eabi/12.3.1/thumb/v7e-m/nofp\libc_nano.a(libc_a-readr.o)
 .debug_frame   0x00000418       0x2c d:/program files2/gnu tool chain/12.3 rel1/bin/../lib/gcc/arm-none-eabi/12.3.1/thumb/v7e-m/nofp\libc_nano.a(libc_a-writer.o)
 .debug_frame   0x00000444       0x20 d:/program files2/gnu tool chain/12.3 rel1/bin/../lib/gcc/arm-none-eabi/12.3.1/thumb/v7e-m/nofp\libc_nano.a(libc_a-errno.o)
 .debug_frame   0x00000464       0x2c d:/program files2/gnu tool chain/12.3 rel1/bin/../lib/gcc/arm-none-eabi/12.3.1/thumb/v7e-m/nofp\libc_nano.a(libc_a-init.o)
 .debug_frame   0x00000490       0xb0 d:/program files2/gnu tool chain/12.3 rel1/bin/../lib/gcc/arm-none-eabi/12.3.1/thumb/v7e-m/nofp\libc_nano.a(libc_a-lock.o)
 .debug_frame   0x00000540       0x38 d:/program files2/gnu tool chain/12.3 rel1/bin/../lib/gcc/arm-none-eabi/12.3.1/thumb/v7e-m/nofp\libc_nano.a(libc_a-freer.o)
 .debug_frame   0x00000578       0x50 d:/program files2/gnu tool chain/12.3 rel1/bin/../lib/gcc/arm-none-eabi/12.3.1/thumb/v7e-m/nofp\libc_nano.a(libc_a-mallocr.o)
 .debug_frame   0x000005c8       0x30 d:/program files2/gnu tool chain/12.3 rel1/bin/../lib/gcc/arm-none-eabi/12.3.1/thumb/v7e-m/nofp\libc_nano.a(libc_a-mlock.o)
 .debug_frame   0x000005f8       0xa8 d:/program files2/gnu tool chain/12.3 rel1/bin/../lib/gcc/arm-none-eabi/12.3.1/thumb/v7e-m/nofp\libc_nano.a(libc_a-nano-vfprintf.o)
 .debug_frame   0x000006a0       0x60 d:/program files2/gnu tool chain/12.3 rel1/bin/../lib/gcc/arm-none-eabi/12.3.1/thumb/v7e-m/nofp\libc_nano.a(libc_a-nano-vfprintf_i.o)
 .debug_frame   0x00000700       0x5c d:/program files2/gnu tool chain/12.3 rel1/bin/../lib/gcc/arm-none-eabi/12.3.1/thumb/v7e-m/nofp\libc_nano.a(libc_a-fflush.o)
 .debug_frame   0x0000075c       0x3c d:/program files2/gnu tool chain/12.3 rel1/bin/../lib/gcc/arm-none-eabi/12.3.1/thumb/v7e-m/nofp\libc_nano.a(libc_a-fvwrite.o)
 .debug_frame   0x00000798       0x58 d:/program files2/gnu tool chain/12.3 rel1/bin/../lib/gcc/arm-none-eabi/12.3.1/thumb/v7e-m/nofp\libc_nano.a(libc_a-makebuf.o)
 .debug_frame   0x000007f0       0x28 d:/program files2/gnu tool chain/12.3 rel1/bin/../lib/gcc/arm-none-eabi/12.3.1/thumb/v7e-m/nofp\libc_nano.a(libc_a-memmove.o)
 .debug_frame   0x00000818       0x2c d:/program files2/gnu tool chain/12.3 rel1/bin/../lib/gcc/arm-none-eabi/12.3.1/thumb/v7e-m/nofp\libc_nano.a(libc_a-fstatr.o)
 .debug_frame   0x00000844       0x2c d:/program files2/gnu tool chain/12.3 rel1/bin/../lib/gcc/arm-none-eabi/12.3.1/thumb/v7e-m/nofp\libc_nano.a(libc_a-isattyr.o)
 .debug_frame   0x00000870       0x2c d:/program files2/gnu tool chain/12.3 rel1/bin/../lib/gcc/arm-none-eabi/12.3.1/thumb/v7e-m/nofp\libc_nano.a(libc_a-sbrkr.o)
 .debug_frame   0x0000089c       0x28 d:/program files2/gnu tool chain/12.3 rel1/bin/../lib/gcc/arm-none-eabi/12.3.1/thumb/v7e-m/nofp\libc_nano.a(libc_a-memcpy-stub.o)
 .debug_frame   0x000008c4       0x3c d:/program files2/gnu tool chain/12.3 rel1/bin/../lib/gcc/arm-none-eabi/12.3.1/thumb/v7e-m/nofp\libc_nano.a(libc_a-reallocr.o)
 .debug_frame   0x00000900       0x20 d:/program files2/gnu tool chain/12.3 rel1/bin/../lib/gcc/arm-none-eabi/12.3.1/thumb/v7e-m/nofp\libc_nano.a(libc_a-msizer.o)
