Archive member included to satisfy reference by file (symbol)

d:/program files2/gnu tool chain/12.3 rel1/bin/../lib/gcc/arm-none-eabi/12.3.1/thumb/v7e-m/nofp\libc_nano.a(libc_a-exit.o)
                              d:/program files2/gnu tool chain/12.3 rel1/bin/../lib/gcc/arm-none-eabi/12.3.1/thumb/v7e-m/nofp/crt0.o (exit)
d:/program files2/gnu tool chain/12.3 rel1/bin/../lib/gcc/arm-none-eabi/12.3.1/thumb/v7e-m/nofp\libc_nano.a(libc_a-findfp.o)
                              d:/program files2/gnu tool chain/12.3 rel1/bin/../lib/gcc/arm-none-eabi/12.3.1/thumb/v7e-m/nofp\libc_nano.a(libc_a-exit.o) (__stdio_exit_handler)
d:/program files2/gnu tool chain/12.3 rel1/bin/../lib/gcc/arm-none-eabi/12.3.1/thumb/v7e-m/nofp\libc_nano.a(libc_a-fwalk.o)
                              d:/program files2/gnu tool chain/12.3 rel1/bin/../lib/gcc/arm-none-eabi/12.3.1/thumb/v7e-m/nofp\libc_nano.a(libc_a-findfp.o) (_fwalk_sglue)
d:/program files2/gnu tool chain/12.3 rel1/bin/../lib/gcc/arm-none-eabi/12.3.1/thumb/v7e-m/nofp\libc_nano.a(libc_a-puts.o)
                              main.o (puts)
d:/program files2/gnu tool chain/12.3 rel1/bin/../lib/gcc/arm-none-eabi/12.3.1/thumb/v7e-m/nofp\libc_nano.a(libc_a-stdio.o)
                              d:/program files2/gnu tool chain/12.3 rel1/bin/../lib/gcc/arm-none-eabi/12.3.1/thumb/v7e-m/nofp\libc_nano.a(libc_a-findfp.o) (__sread)
d:/program files2/gnu tool chain/12.3 rel1/bin/../lib/gcc/arm-none-eabi/12.3.1/thumb/v7e-m/nofp\libc_nano.a(libc_a-wbuf.o)
                              d:/program files2/gnu tool chain/12.3 rel1/bin/../lib/gcc/arm-none-eabi/12.3.1/thumb/v7e-m/nofp\libc_nano.a(libc_a-puts.o) (__swbuf_r)
d:/program files2/gnu tool chain/12.3 rel1/bin/../lib/gcc/arm-none-eabi/12.3.1/thumb/v7e-m/nofp\libc_nano.a(libc_a-wsetup.o)
                              d:/program files2/gnu tool chain/12.3 rel1/bin/../lib/gcc/arm-none-eabi/12.3.1/thumb/v7e-m/nofp\libc_nano.a(libc_a-puts.o) (__swsetup_r)
d:/program files2/gnu tool chain/12.3 rel1/bin/../lib/gcc/arm-none-eabi/12.3.1/thumb/v7e-m/nofp\libc_nano.a(libc_a-memset.o)
                              d:/program files2/gnu tool chain/12.3 rel1/bin/../lib/gcc/arm-none-eabi/12.3.1/thumb/v7e-m/nofp/crt0.o (memset)
d:/program files2/gnu tool chain/12.3 rel1/bin/../lib/gcc/arm-none-eabi/12.3.1/thumb/v7e-m/nofp\libc_nano.a(libc_a-closer.o)
                              d:/program files2/gnu tool chain/12.3 rel1/bin/../lib/gcc/arm-none-eabi/12.3.1/thumb/v7e-m/nofp\libc_nano.a(libc_a-stdio.o) (_close_r)
d:/program files2/gnu tool chain/12.3 rel1/bin/../lib/gcc/arm-none-eabi/12.3.1/thumb/v7e-m/nofp\libc_nano.a(libc_a-reent.o)
                              d:/program files2/gnu tool chain/12.3 rel1/bin/../lib/gcc/arm-none-eabi/12.3.1/thumb/v7e-m/nofp\libc_nano.a(libc_a-closer.o) (errno)
d:/program files2/gnu tool chain/12.3 rel1/bin/../lib/gcc/arm-none-eabi/12.3.1/thumb/v7e-m/nofp\libc_nano.a(libc_a-impure.o)
                              d:/program files2/gnu tool chain/12.3 rel1/bin/../lib/gcc/arm-none-eabi/12.3.1/thumb/v7e-m/nofp\libc_nano.a(libc_a-puts.o) (_impure_ptr)
d:/program files2/gnu tool chain/12.3 rel1/bin/../lib/gcc/arm-none-eabi/12.3.1/thumb/v7e-m/nofp\libc_nano.a(libc_a-lseekr.o)
                              d:/program files2/gnu tool chain/12.3 rel1/bin/../lib/gcc/arm-none-eabi/12.3.1/thumb/v7e-m/nofp\libc_nano.a(libc_a-stdio.o) (_lseek_r)
d:/program files2/gnu tool chain/12.3 rel1/bin/../lib/gcc/arm-none-eabi/12.3.1/thumb/v7e-m/nofp\libc_nano.a(libc_a-readr.o)
                              d:/program files2/gnu tool chain/12.3 rel1/bin/../lib/gcc/arm-none-eabi/12.3.1/thumb/v7e-m/nofp\libc_nano.a(libc_a-stdio.o) (_read_r)
d:/program files2/gnu tool chain/12.3 rel1/bin/../lib/gcc/arm-none-eabi/12.3.1/thumb/v7e-m/nofp\libc_nano.a(libc_a-writer.o)
                              d:/program files2/gnu tool chain/12.3 rel1/bin/../lib/gcc/arm-none-eabi/12.3.1/thumb/v7e-m/nofp\libc_nano.a(libc_a-stdio.o) (_write_r)
d:/program files2/gnu tool chain/12.3 rel1/bin/../lib/gcc/arm-none-eabi/12.3.1/thumb/v7e-m/nofp\libc_nano.a(libc_a-errno.o)
                              syscalls.o (__errno)
d:/program files2/gnu tool chain/12.3 rel1/bin/../lib/gcc/arm-none-eabi/12.3.1/thumb/v7e-m/nofp\libc_nano.a(libc_a-init.o)
                              d:/program files2/gnu tool chain/12.3 rel1/bin/../lib/gcc/arm-none-eabi/12.3.1/thumb/v7e-m/nofp/crt0.o (__libc_init_array)
d:/program files2/gnu tool chain/12.3 rel1/bin/../lib/gcc/arm-none-eabi/12.3.1/thumb/v7e-m/nofp\libc_nano.a(libc_a-lock.o)
                              d:/program files2/gnu tool chain/12.3 rel1/bin/../lib/gcc/arm-none-eabi/12.3.1/thumb/v7e-m/nofp\libc_nano.a(libc_a-findfp.o) (__retarget_lock_init_recursive)
d:/program files2/gnu tool chain/12.3 rel1/bin/../lib/gcc/arm-none-eabi/12.3.1/thumb/v7e-m/nofp\libc_nano.a(libc_a-freer.o)
                              d:/program files2/gnu tool chain/12.3 rel1/bin/../lib/gcc/arm-none-eabi/12.3.1/thumb/v7e-m/nofp\libc_nano.a(libc_a-wsetup.o) (_free_r)
d:/program files2/gnu tool chain/12.3 rel1/bin/../lib/gcc/arm-none-eabi/12.3.1/thumb/v7e-m/nofp\libc_nano.a(libc_a-mallocr.o)
                              d:/program files2/gnu tool chain/12.3 rel1/bin/../lib/gcc/arm-none-eabi/12.3.1/thumb/v7e-m/nofp\libc_nano.a(libc_a-findfp.o) (_malloc_r)
d:/program files2/gnu tool chain/12.3 rel1/bin/../lib/gcc/arm-none-eabi/12.3.1/thumb/v7e-m/nofp\libc_nano.a(libc_a-mlock.o)
                              d:/program files2/gnu tool chain/12.3 rel1/bin/../lib/gcc/arm-none-eabi/12.3.1/thumb/v7e-m/nofp\libc_nano.a(libc_a-freer.o) (__malloc_lock)
d:/program files2/gnu tool chain/12.3 rel1/bin/../lib/gcc/arm-none-eabi/12.3.1/thumb/v7e-m/nofp\libc_nano.a(libc_a-fflush.o)
                              d:/program files2/gnu tool chain/12.3 rel1/bin/../lib/gcc/arm-none-eabi/12.3.1/thumb/v7e-m/nofp\libc_nano.a(libc_a-findfp.o) (_fflush_r)
d:/program files2/gnu tool chain/12.3 rel1/bin/../lib/gcc/arm-none-eabi/12.3.1/thumb/v7e-m/nofp\libc_nano.a(libc_a-makebuf.o)
                              d:/program files2/gnu tool chain/12.3 rel1/bin/../lib/gcc/arm-none-eabi/12.3.1/thumb/v7e-m/nofp\libc_nano.a(libc_a-wsetup.o) (__smakebuf_r)
d:/program files2/gnu tool chain/12.3 rel1/bin/../lib/gcc/arm-none-eabi/12.3.1/thumb/v7e-m/nofp\libc_nano.a(libc_a-fstatr.o)
                              d:/program files2/gnu tool chain/12.3 rel1/bin/../lib/gcc/arm-none-eabi/12.3.1/thumb/v7e-m/nofp\libc_nano.a(libc_a-makebuf.o) (_fstat_r)
d:/program files2/gnu tool chain/12.3 rel1/bin/../lib/gcc/arm-none-eabi/12.3.1/thumb/v7e-m/nofp\libc_nano.a(libc_a-isattyr.o)
                              d:/program files2/gnu tool chain/12.3 rel1/bin/../lib/gcc/arm-none-eabi/12.3.1/thumb/v7e-m/nofp\libc_nano.a(libc_a-makebuf.o) (_isatty_r)
d:/program files2/gnu tool chain/12.3 rel1/bin/../lib/gcc/arm-none-eabi/12.3.1/thumb/v7e-m/nofp\libc_nano.a(libc_a-sbrkr.o)
                              d:/program files2/gnu tool chain/12.3 rel1/bin/../lib/gcc/arm-none-eabi/12.3.1/thumb/v7e-m/nofp\libc_nano.a(libc_a-mallocr.o) (_sbrk_r)

Memory Configuration

Name             Origin             Length             Attributes
FLASH            0x08000000         0x00100000         xr
SRAM             0x20000000         0x00020000         xrw
*default*        0x00000000         0xffffffff

Linker script and memory map

LOAD d:/program files2/gnu tool chain/12.3 rel1/bin/../lib/gcc/arm-none-eabi/12.3.1/thumb/v7e-m/nofp/crti.o
LOAD d:/program files2/gnu tool chain/12.3 rel1/bin/../lib/gcc/arm-none-eabi/12.3.1/thumb/v7e-m/nofp/crtbegin.o
LOAD d:/program files2/gnu tool chain/12.3 rel1/bin/../lib/gcc/arm-none-eabi/12.3.1/thumb/v7e-m/nofp/crt0.o
LOAD led.o
LOAD main.o
LOAD STM32_Startup.o
LOAD syscalls.o
START GROUP
LOAD d:/program files2/gnu tool chain/12.3 rel1/bin/../lib/gcc/arm-none-eabi/12.3.1/thumb/v7e-m/nofp\libgcc.a
LOAD d:/program files2/gnu tool chain/12.3 rel1/bin/../lib/gcc/arm-none-eabi/12.3.1/thumb/v7e-m/nofp\libc_nano.a
END GROUP
START GROUP
LOAD d:/program files2/gnu tool chain/12.3 rel1/bin/../lib/gcc/arm-none-eabi/12.3.1/thumb/v7e-m/nofp\libgcc.a
LOAD d:/program files2/gnu tool chain/12.3 rel1/bin/../lib/gcc/arm-none-eabi/12.3.1/thumb/v7e-m/nofp\libc_nano.a
END GROUP
LOAD d:/program files2/gnu tool chain/12.3 rel1/bin/../lib/gcc/arm-none-eabi/12.3.1/thumb/v7e-m/nofp/crtend.o
LOAD d:/program files2/gnu tool chain/12.3 rel1/bin/../lib/gcc/arm-none-eabi/12.3.1/thumb/v7e-m/nofp/crtn.o

.text           0x08000000     0x1760
 *(.isr_vector)
 .isr_vector    0x08000000      0x188 STM32_Startup.o
                0x08000000                vectors
 *(.text)
 .text          0x08000188        0x0 d:/program files2/gnu tool chain/12.3 rel1/bin/../lib/gcc/arm-none-eabi/12.3.1/thumb/v7e-m/nofp/crti.o
 .text          0x08000188        0x0 d:/program files2/gnu tool chain/12.3 rel1/bin/../lib/gcc/arm-none-eabi/12.3.1/thumb/v7e-m/nofp/crtbegin.o
 .text          0x08000188       0x7c d:/program files2/gnu tool chain/12.3 rel1/bin/../lib/gcc/arm-none-eabi/12.3.1/thumb/v7e-m/nofp/crt0.o
                0x08000188                _stack_init
                0x08000190                _start
                0x08000190                _mainCRTStartup
 .text          0x08000204       0xfc led.o
                0x08000204                delay
                0x0800022c                led_init_all
                0x080002a0                led_on
                0x080002d0                led_off
 .text          0x08000300      0x4c8 main.o
                0x08000300                main
                0x08000330                idle_task
                0x08000338                enable_processor_faults
                0x08000374                get_psp_value
                0x08000394                change_msp_to_psp
                0x080003ae                init_task_stack
                0x080004b4                init_systick_timer
                0x0800050c                schedule
                0x08000530                task_delay
                0x08000590                init_scheduler_stack
                0x0800059a                HardFault_Handler
                0x080005ac                MemManage_Handler
                0x080005c0                BusFault_Handler
                0x080005d4                save_psp
                0x080005fc                get_next_task_id
                0x08000674                PendSV_Handler
                0x0800069a                update_global_tick_count
                0x080006b4                unblock_tasks
                0x08000714                SysTick_Handler
                0x08000740                Task1
                0x08000764                Task2
                0x08000788                Task3
                0x080007a8                Task4
 .text          0x080007c8       0x90 STM32_Startup.o
                0x080007c8                RTC_Alarm_IRQHandler
                0x080007c8                HASH_RNG_IRQHandler
                0x080007c8                EXTI2_IRQHandler
                0x080007c8                TIM8_CC_IRQHandler
                0x080007c8                DebugMon_Handler
                0x080007c8                TIM1_CC_IRQHandler
                0x080007c8                DMA2_Stream5_IRQHandler
                0x080007c8                DMA1_Stream5_IRQHandler
                0x080007c8                PVD_IRQHandler
                0x080007c8                SDIO_IRQHandler
                0x080007c8                TAMP_STAMP_IRQHandler
                0x080007c8                NMI_Handler
                0x080007c8                CAN2_RX1_IRQHandler
                0x080007c8                EXTI3_IRQHandler
                0x080007c8                TIM8_TRG_COM_TIM14_IRQHandler
                0x080007c8                TIM1_UP_TIM10_IRQHandler
                0x080007c8                TIM8_UP_TIM13_IRQHandler
                0x080007c8                I2C3_ER_IRQHandler
                0x080007c8                EXTI0_IRQHandler
                0x080007c8                I2C2_EV_IRQHandler
                0x080007c8                DMA1_Stream2_IRQHandler
                0x080007c8                CAN1_RX0_IRQHandler
                0x080007c8                FPU_IRQHandler
                0x080007c8                OTG_HS_WKUP_IRQHandler
                0x080007c8                UsageFault_Handler
                0x080007c8                CAN2_SCE_IRQHandler
                0x080007c8                DMA2_Stream2_IRQHandler
                0x080007c8                SPI1_IRQHandler
                0x080007c8                TIM6_DAC_IRQHandler
                0x080007c8                TIM1_BRK_TIM9_IRQHandler
                0x080007c8                DCMI_IRQHandler
                0x080007c8                CAN2_RX0_IRQHandler
                0x080007c8                DMA2_Stream3_IRQHandler
                0x080007c8                USART6_IRQHandler
                0x080007c8                USART3_IRQHandler
                0x080007c8                CRYP_IRQHandler
                0x080007c8                DMA2_Stream6_IRQHandler
                0x080007c8                CAN1_RX1_IRQHandler
                0x080007c8                UART5_IRQHandler
                0x080007c8                DMA2_Stream0_IRQHandler
                0x080007c8                TIM4_IRQHandler
                0x080007c8                I2C1_EV_IRQHandler
                0x080007c8                DMA1_Stream6_IRQHandler
                0x080007c8                DMA1_Stream1_IRQHandler
                0x080007c8                UART4_IRQHandler
                0x080007c8                TIM3_IRQHandler
                0x080007c8                RCC_IRQHandler
                0x080007c8                TIM8_BRK_TIM12_IRQHandler
                0x080007c8                Default_Handler
                0x080007c8                EXTI15_10_IRQHandler
                0x080007c8                ADC_IRQHandler
                0x080007c8                DMA1_Stream7_IRQHandler
                0x080007c8                TIM7_IRQHandler
                0x080007c8                CAN2_TX_IRQHandler
                0x080007c8                TIM5_IRQHandler
                0x080007c8                DMA2_Stream7_IRQHandler
                0x080007c8                I2C3_EV_IRQHandler
                0x080007c8                EXTI9_5_IRQHandler
                0x080007c8                RTC_WKUP_IRQHandler
                0x080007c8                ETH_WKUP_IRQHandler
                0x080007c8                SPI2_IRQHandler
                0x080007c8                OTG_HS_EP1_IN_IRQHandler
                0x080007c8                DMA1_Stream0_IRQHandler
                0x080007c8                CAN1_TX_IRQHandler
                0x080007c8                SVC_Handler
                0x080007c8                EXTI4_IRQHandler
                0x080007c8                FSMC_IRQHandler
                0x080007c8                ETH_IRQHandler
                0x080007c8                OTG_HS_EP1_OUT_IRQHandler
                0x080007c8                WWDG_IRQHandler
                0x080007c8                TIM2_IRQHandler
                0x080007c8                OTG_FS_WKUP_IRQHandler
                0x080007c8                TIM1_TRG_COM_TIM11_IRQHandler
                0x080007c8                OTG_HS_IRQHandler
                0x080007c8                EXTI1_IRQHandler
                0x080007c8                USART2_IRQHandler
                0x080007c8                I2C2_ER_IRQHandler
                0x080007c8                DMA2_Stream1_IRQHandler
                0x080007c8                CAN1_SCE_IRQHandler
                0x080007c8                DMA2_Stream4_IRQHandler
                0x080007c8                USART1_IRQHandler
                0x080007c8                OTG_FS_IRQHandler
                0x080007c8                SPI3_IRQHandler
                0x080007c8                DMA1_Stream4_IRQHandler
                0x080007c8                I2C1_ER_IRQHandler
                0x080007c8                DMA1_Stream3_IRQHandler
                0x080007d0                Reset_Handler
 .text          0x08000858      0x25c syscalls.o
                0x08000858                initialise_monitor_handles
                0x08000864                _getpid
                0x08000872                _kill
                0x08000892                _exit
                0x080008a8                _read
                0x080008e2                _write
                0x0800091a                _close
                0x08000930                _fstat
                0x0800094e                _isatty
                0x08000962                _lseek
                0x0800097a                _open
                0x08000994                _wait
                0x080009b2                _unlink
                0x080009d0                _times
                0x080009e6                _stat
                0x08000a04                _link
                0x08000a24                _fork
                0x08000a3a                _execve
                0x08000a5c                _sbrk
 .text          0x08000ab4        0x0 d:/program files2/gnu tool chain/12.3 rel1/bin/../lib/gcc/arm-none-eabi/12.3.1/thumb/v7e-m/nofp\libc_nano.a(libc_a-exit.o)
 .text          0x08000ab4        0x0 d:/program files2/gnu tool chain/12.3 rel1/bin/../lib/gcc/arm-none-eabi/12.3.1/thumb/v7e-m/nofp\libc_nano.a(libc_a-findfp.o)
 .text          0x08000ab4        0x0 d:/program files2/gnu tool chain/12.3 rel1/bin/../lib/gcc/arm-none-eabi/12.3.1/thumb/v7e-m/nofp\libc_nano.a(libc_a-fwalk.o)
 .text          0x08000ab4        0x0 d:/program files2/gnu tool chain/12.3 rel1/bin/../lib/gcc/arm-none-eabi/12.3.1/thumb/v7e-m/nofp\libc_nano.a(libc_a-puts.o)
 .text          0x08000ab4        0x0 d:/program files2/gnu tool chain/12.3 rel1/bin/../lib/gcc/arm-none-eabi/12.3.1/thumb/v7e-m/nofp\libc_nano.a(libc_a-stdio.o)
 .text          0x08000ab4        0x0 d:/program files2/gnu tool chain/12.3 rel1/bin/../lib/gcc/arm-none-eabi/12.3.1/thumb/v7e-m/nofp\libc_nano.a(libc_a-wbuf.o)
 .text          0x08000ab4        0x0 d:/program files2/gnu tool chain/12.3 rel1/bin/../lib/gcc/arm-none-eabi/12.3.1/thumb/v7e-m/nofp\libc_nano.a(libc_a-wsetup.o)
 .text          0x08000ab4        0x0 d:/program files2/gnu tool chain/12.3 rel1/bin/../lib/gcc/arm-none-eabi/12.3.1/thumb/v7e-m/nofp\libc_nano.a(libc_a-memset.o)
 .text          0x08000ab4        0x0 d:/program files2/gnu tool chain/12.3 rel1/bin/../lib/gcc/arm-none-eabi/12.3.1/thumb/v7e-m/nofp\libc_nano.a(libc_a-closer.o)
 .text          0x08000ab4        0x0 d:/program files2/gnu tool chain/12.3 rel1/bin/../lib/gcc/arm-none-eabi/12.3.1/thumb/v7e-m/nofp\libc_nano.a(libc_a-reent.o)
 .text          0x08000ab4        0x0 d:/program files2/gnu tool chain/12.3 rel1/bin/../lib/gcc/arm-none-eabi/12.3.1/thumb/v7e-m/nofp\libc_nano.a(libc_a-impure.o)
 .text          0x08000ab4        0x0 d:/program files2/gnu tool chain/12.3 rel1/bin/../lib/gcc/arm-none-eabi/12.3.1/thumb/v7e-m/nofp\libc_nano.a(libc_a-lseekr.o)
 .text          0x08000ab4        0x0 d:/program files2/gnu tool chain/12.3 rel1/bin/../lib/gcc/arm-none-eabi/12.3.1/thumb/v7e-m/nofp\libc_nano.a(libc_a-readr.o)
 .text          0x08000ab4        0x0 d:/program files2/gnu tool chain/12.3 rel1/bin/../lib/gcc/arm-none-eabi/12.3.1/thumb/v7e-m/nofp\libc_nano.a(libc_a-writer.o)
 .text          0x08000ab4        0x0 d:/program files2/gnu tool chain/12.3 rel1/bin/../lib/gcc/arm-none-eabi/12.3.1/thumb/v7e-m/nofp\libc_nano.a(libc_a-errno.o)
 .text          0x08000ab4        0x0 d:/program files2/gnu tool chain/12.3 rel1/bin/../lib/gcc/arm-none-eabi/12.3.1/thumb/v7e-m/nofp\libc_nano.a(libc_a-init.o)
 .text          0x08000ab4        0x0 d:/program files2/gnu tool chain/12.3 rel1/bin/../lib/gcc/arm-none-eabi/12.3.1/thumb/v7e-m/nofp\libc_nano.a(libc_a-lock.o)
 .text          0x08000ab4        0x0 d:/program files2/gnu tool chain/12.3 rel1/bin/../lib/gcc/arm-none-eabi/12.3.1/thumb/v7e-m/nofp\libc_nano.a(libc_a-freer.o)
 .text          0x08000ab4        0x0 d:/program files2/gnu tool chain/12.3 rel1/bin/../lib/gcc/arm-none-eabi/12.3.1/thumb/v7e-m/nofp\libc_nano.a(libc_a-mallocr.o)
 .text          0x08000ab4        0x0 d:/program files2/gnu tool chain/12.3 rel1/bin/../lib/gcc/arm-none-eabi/12.3.1/thumb/v7e-m/nofp\libc_nano.a(libc_a-mlock.o)
 .text          0x08000ab4        0x0 d:/program files2/gnu tool chain/12.3 rel1/bin/../lib/gcc/arm-none-eabi/12.3.1/thumb/v7e-m/nofp\libc_nano.a(libc_a-fflush.o)
 .text          0x08000ab4        0x0 d:/program files2/gnu tool chain/12.3 rel1/bin/../lib/gcc/arm-none-eabi/12.3.1/thumb/v7e-m/nofp\libc_nano.a(libc_a-makebuf.o)
 .text          0x08000ab4        0x0 d:/program files2/gnu tool chain/12.3 rel1/bin/../lib/gcc/arm-none-eabi/12.3.1/thumb/v7e-m/nofp\libc_nano.a(libc_a-fstatr.o)
 .text          0x08000ab4        0x0 d:/program files2/gnu tool chain/12.3 rel1/bin/../lib/gcc/arm-none-eabi/12.3.1/thumb/v7e-m/nofp\libc_nano.a(libc_a-isattyr.o)
 .text          0x08000ab4        0x0 d:/program files2/gnu tool chain/12.3 rel1/bin/../lib/gcc/arm-none-eabi/12.3.1/thumb/v7e-m/nofp\libc_nano.a(libc_a-sbrkr.o)
 .text          0x08000ab4        0x0 d:/program files2/gnu tool chain/12.3 rel1/bin/../lib/gcc/arm-none-eabi/12.3.1/thumb/v7e-m/nofp/crtend.o
 .text          0x08000ab4        0x0 d:/program files2/gnu tool chain/12.3 rel1/bin/../lib/gcc/arm-none-eabi/12.3.1/thumb/v7e-m/nofp/crtn.o
 *(.text.*)
 .text.deregister_tm_clones
                0x08000ab4       0x1c d:/program files2/gnu tool chain/12.3 rel1/bin/../lib/gcc/arm-none-eabi/12.3.1/thumb/v7e-m/nofp/crtbegin.o
 .text.register_tm_clones
                0x08000ad0       0x24 d:/program files2/gnu tool chain/12.3 rel1/bin/../lib/gcc/arm-none-eabi/12.3.1/thumb/v7e-m/nofp/crtbegin.o
 .text.__do_global_dtors_aux
                0x08000af4       0x28 d:/program files2/gnu tool chain/12.3 rel1/bin/../lib/gcc/arm-none-eabi/12.3.1/thumb/v7e-m/nofp/crtbegin.o
 .text.frame_dummy
                0x08000b1c       0x24 d:/program files2/gnu tool chain/12.3 rel1/bin/../lib/gcc/arm-none-eabi/12.3.1/thumb/v7e-m/nofp/crtbegin.o
 .text.exit     0x08000b40       0x24 d:/program files2/gnu tool chain/12.3 rel1/bin/../lib/gcc/arm-none-eabi/12.3.1/thumb/v7e-m/nofp\libc_nano.a(libc_a-exit.o)
                0x08000b40                exit
 .text.std      0x08000b64       0x6c d:/program files2/gnu tool chain/12.3 rel1/bin/../lib/gcc/arm-none-eabi/12.3.1/thumb/v7e-m/nofp\libc_nano.a(libc_a-findfp.o)
 .text.stdio_exit_handler
                0x08000bd0       0x18 d:/program files2/gnu tool chain/12.3 rel1/bin/../lib/gcc/arm-none-eabi/12.3.1/thumb/v7e-m/nofp\libc_nano.a(libc_a-findfp.o)
 .text.cleanup_stdio
                0x08000be8       0x40 d:/program files2/gnu tool chain/12.3 rel1/bin/../lib/gcc/arm-none-eabi/12.3.1/thumb/v7e-m/nofp\libc_nano.a(libc_a-findfp.o)
 .text.__fp_lock
                0x08000c28       0x18 d:/program files2/gnu tool chain/12.3 rel1/bin/../lib/gcc/arm-none-eabi/12.3.1/thumb/v7e-m/nofp\libc_nano.a(libc_a-findfp.o)
 .text.__fp_unlock
                0x08000c40       0x18 d:/program files2/gnu tool chain/12.3 rel1/bin/../lib/gcc/arm-none-eabi/12.3.1/thumb/v7e-m/nofp\libc_nano.a(libc_a-findfp.o)
 .text.global_stdio_init.part.0
                0x08000c58       0x3c d:/program files2/gnu tool chain/12.3 rel1/bin/../lib/gcc/arm-none-eabi/12.3.1/thumb/v7e-m/nofp\libc_nano.a(libc_a-findfp.o)
 .text.__sfp_lock_acquire
                0x08000c94        0xc d:/program files2/gnu tool chain/12.3 rel1/bin/../lib/gcc/arm-none-eabi/12.3.1/thumb/v7e-m/nofp\libc_nano.a(libc_a-findfp.o)
                0x08000c94                __sfp_lock_acquire
 .text.__sfp_lock_release
                0x08000ca0        0xc d:/program files2/gnu tool chain/12.3 rel1/bin/../lib/gcc/arm-none-eabi/12.3.1/thumb/v7e-m/nofp\libc_nano.a(libc_a-findfp.o)
                0x08000ca0                __sfp_lock_release
 .text.__sfp    0x08000cac       0xa4 d:/program files2/gnu tool chain/12.3 rel1/bin/../lib/gcc/arm-none-eabi/12.3.1/thumb/v7e-m/nofp\libc_nano.a(libc_a-findfp.o)
                0x08000cac                __sfp
 .text.__sinit  0x08000d50       0x30 d:/program files2/gnu tool chain/12.3 rel1/bin/../lib/gcc/arm-none-eabi/12.3.1/thumb/v7e-m/nofp\libc_nano.a(libc_a-findfp.o)
                0x08000d50                __sinit
 .text.__fp_lock_all
                0x08000d80       0x1c d:/program files2/gnu tool chain/12.3 rel1/bin/../lib/gcc/arm-none-eabi/12.3.1/thumb/v7e-m/nofp\libc_nano.a(libc_a-findfp.o)
                0x08000d80                __fp_lock_all
 .text.__fp_unlock_all
                0x08000d9c       0x1c d:/program files2/gnu tool chain/12.3 rel1/bin/../lib/gcc/arm-none-eabi/12.3.1/thumb/v7e-m/nofp\libc_nano.a(libc_a-findfp.o)
                0x08000d9c                __fp_unlock_all
 .text._fwalk_sglue
                0x08000db8       0x3c d:/program files2/gnu tool chain/12.3 rel1/bin/../lib/gcc/arm-none-eabi/12.3.1/thumb/v7e-m/nofp\libc_nano.a(libc_a-fwalk.o)
                0x08000db8                _fwalk_sglue
 .text._puts_r  0x08000df4       0xaa d:/program files2/gnu tool chain/12.3 rel1/bin/../lib/gcc/arm-none-eabi/12.3.1/thumb/v7e-m/nofp\libc_nano.a(libc_a-puts.o)
                0x08000df4                _puts_r
 *fill*         0x08000e9e        0x2 
 .text.puts     0x08000ea0       0x10 d:/program files2/gnu tool chain/12.3 rel1/bin/../lib/gcc/arm-none-eabi/12.3.1/thumb/v7e-m/nofp\libc_nano.a(libc_a-puts.o)
                0x08000ea0                puts
 .text.__sread  0x08000eb0       0x22 d:/program files2/gnu tool chain/12.3 rel1/bin/../lib/gcc/arm-none-eabi/12.3.1/thumb/v7e-m/nofp\libc_nano.a(libc_a-stdio.o)
                0x08000eb0                __sread
 .text.__seofread
                0x08000ed2        0x4 d:/program files2/gnu tool chain/12.3 rel1/bin/../lib/gcc/arm-none-eabi/12.3.1/thumb/v7e-m/nofp\libc_nano.a(libc_a-stdio.o)
                0x08000ed2                __seofread
 .text.__swrite
                0x08000ed6       0x38 d:/program files2/gnu tool chain/12.3 rel1/bin/../lib/gcc/arm-none-eabi/12.3.1/thumb/v7e-m/nofp\libc_nano.a(libc_a-stdio.o)
                0x08000ed6                __swrite
 .text.__sseek  0x08000f0e       0x24 d:/program files2/gnu tool chain/12.3 rel1/bin/../lib/gcc/arm-none-eabi/12.3.1/thumb/v7e-m/nofp\libc_nano.a(libc_a-stdio.o)
                0x08000f0e                __sseek
 .text.__sclose
                0x08000f32        0x8 d:/program files2/gnu tool chain/12.3 rel1/bin/../lib/gcc/arm-none-eabi/12.3.1/thumb/v7e-m/nofp\libc_nano.a(libc_a-stdio.o)
                0x08000f32                __sclose
 .text.__swbuf_r
                0x08000f3a       0x7c d:/program files2/gnu tool chain/12.3 rel1/bin/../lib/gcc/arm-none-eabi/12.3.1/thumb/v7e-m/nofp\libc_nano.a(libc_a-wbuf.o)
                0x08000f3a                __swbuf_r
 *fill*         0x08000fb6        0x2 
 .text.__swbuf  0x08000fb8       0x10 d:/program files2/gnu tool chain/12.3 rel1/bin/../lib/gcc/arm-none-eabi/12.3.1/thumb/v7e-m/nofp\libc_nano.a(libc_a-wbuf.o)
                0x08000fb8                __swbuf
 .text.__swsetup_r
                0x08000fc8       0xac d:/program files2/gnu tool chain/12.3 rel1/bin/../lib/gcc/arm-none-eabi/12.3.1/thumb/v7e-m/nofp\libc_nano.a(libc_a-wsetup.o)
                0x08000fc8                __swsetup_r
 .text.memset   0x08001074       0x10 d:/program files2/gnu tool chain/12.3 rel1/bin/../lib/gcc/arm-none-eabi/12.3.1/thumb/v7e-m/nofp\libc_nano.a(libc_a-memset.o)
                0x08001074                memset
 .text._close_r
                0x08001084       0x20 d:/program files2/gnu tool chain/12.3 rel1/bin/../lib/gcc/arm-none-eabi/12.3.1/thumb/v7e-m/nofp\libc_nano.a(libc_a-closer.o)
                0x08001084                _close_r
 .text._reclaim_reent
                0x080010a4       0xac d:/program files2/gnu tool chain/12.3 rel1/bin/../lib/gcc/arm-none-eabi/12.3.1/thumb/v7e-m/nofp\libc_nano.a(libc_a-reent.o)
                0x080010a4                _reclaim_reent
 .text._lseek_r
                0x08001150       0x24 d:/program files2/gnu tool chain/12.3 rel1/bin/../lib/gcc/arm-none-eabi/12.3.1/thumb/v7e-m/nofp\libc_nano.a(libc_a-lseekr.o)
                0x08001150                _lseek_r
 .text._read_r  0x08001174       0x24 d:/program files2/gnu tool chain/12.3 rel1/bin/../lib/gcc/arm-none-eabi/12.3.1/thumb/v7e-m/nofp\libc_nano.a(libc_a-readr.o)
                0x08001174                _read_r
 .text._write_r
                0x08001198       0x24 d:/program files2/gnu tool chain/12.3 rel1/bin/../lib/gcc/arm-none-eabi/12.3.1/thumb/v7e-m/nofp\libc_nano.a(libc_a-writer.o)
                0x08001198                _write_r
 .text.__errno  0x080011bc        0xc d:/program files2/gnu tool chain/12.3 rel1/bin/../lib/gcc/arm-none-eabi/12.3.1/thumb/v7e-m/nofp\libc_nano.a(libc_a-errno.o)
                0x080011bc                __errno
 .text.__libc_init_array
                0x080011c8       0x48 d:/program files2/gnu tool chain/12.3 rel1/bin/../lib/gcc/arm-none-eabi/12.3.1/thumb/v7e-m/nofp\libc_nano.a(libc_a-init.o)
                0x080011c8                __libc_init_array
 .text.__retarget_lock_init
                0x08001210        0x2 d:/program files2/gnu tool chain/12.3 rel1/bin/../lib/gcc/arm-none-eabi/12.3.1/thumb/v7e-m/nofp\libc_nano.a(libc_a-lock.o)
                0x08001210                __retarget_lock_init
 .text.__retarget_lock_init_recursive
                0x08001212        0x2 d:/program files2/gnu tool chain/12.3 rel1/bin/../lib/gcc/arm-none-eabi/12.3.1/thumb/v7e-m/nofp\libc_nano.a(libc_a-lock.o)
                0x08001212                __retarget_lock_init_recursive
 .text.__retarget_lock_close
                0x08001214        0x2 d:/program files2/gnu tool chain/12.3 rel1/bin/../lib/gcc/arm-none-eabi/12.3.1/thumb/v7e-m/nofp\libc_nano.a(libc_a-lock.o)
                0x08001214                __retarget_lock_close
 .text.__retarget_lock_close_recursive
                0x08001216        0x2 d:/program files2/gnu tool chain/12.3 rel1/bin/../lib/gcc/arm-none-eabi/12.3.1/thumb/v7e-m/nofp\libc_nano.a(libc_a-lock.o)
                0x08001216                __retarget_lock_close_recursive
 .text.__retarget_lock_acquire
                0x08001218        0x2 d:/program files2/gnu tool chain/12.3 rel1/bin/../lib/gcc/arm-none-eabi/12.3.1/thumb/v7e-m/nofp\libc_nano.a(libc_a-lock.o)
                0x08001218                __retarget_lock_acquire
 .text.__retarget_lock_acquire_recursive
                0x0800121a        0x2 d:/program files2/gnu tool chain/12.3 rel1/bin/../lib/gcc/arm-none-eabi/12.3.1/thumb/v7e-m/nofp\libc_nano.a(libc_a-lock.o)
                0x0800121a                __retarget_lock_acquire_recursive
 .text.__retarget_lock_try_acquire
                0x0800121c        0x4 d:/program files2/gnu tool chain/12.3 rel1/bin/../lib/gcc/arm-none-eabi/12.3.1/thumb/v7e-m/nofp\libc_nano.a(libc_a-lock.o)
                0x0800121c                __retarget_lock_try_acquire
 .text.__retarget_lock_try_acquire_recursive
                0x08001220        0x4 d:/program files2/gnu tool chain/12.3 rel1/bin/../lib/gcc/arm-none-eabi/12.3.1/thumb/v7e-m/nofp\libc_nano.a(libc_a-lock.o)
                0x08001220                __retarget_lock_try_acquire_recursive
 .text.__retarget_lock_release
                0x08001224        0x2 d:/program files2/gnu tool chain/12.3 rel1/bin/../lib/gcc/arm-none-eabi/12.3.1/thumb/v7e-m/nofp\libc_nano.a(libc_a-lock.o)
                0x08001224                __retarget_lock_release
 .text.__retarget_lock_release_recursive
                0x08001226        0x2 d:/program files2/gnu tool chain/12.3 rel1/bin/../lib/gcc/arm-none-eabi/12.3.1/thumb/v7e-m/nofp\libc_nano.a(libc_a-lock.o)
                0x08001226                __retarget_lock_release_recursive
 .text._free_r  0x08001228       0x94 d:/program files2/gnu tool chain/12.3 rel1/bin/../lib/gcc/arm-none-eabi/12.3.1/thumb/v7e-m/nofp\libc_nano.a(libc_a-freer.o)
                0x08001228                _free_r
 .text.sbrk_aligned
                0x080012bc       0x44 d:/program files2/gnu tool chain/12.3 rel1/bin/../lib/gcc/arm-none-eabi/12.3.1/thumb/v7e-m/nofp\libc_nano.a(libc_a-mallocr.o)
 .text._malloc_r
                0x08001300      0x100 d:/program files2/gnu tool chain/12.3 rel1/bin/../lib/gcc/arm-none-eabi/12.3.1/thumb/v7e-m/nofp\libc_nano.a(libc_a-mallocr.o)
                0x08001300                _malloc_r
 .text.__malloc_lock
                0x08001400        0xc d:/program files2/gnu tool chain/12.3 rel1/bin/../lib/gcc/arm-none-eabi/12.3.1/thumb/v7e-m/nofp\libc_nano.a(libc_a-mlock.o)
                0x08001400                __malloc_lock
 .text.__malloc_unlock
                0x0800140c        0xc d:/program files2/gnu tool chain/12.3 rel1/bin/../lib/gcc/arm-none-eabi/12.3.1/thumb/v7e-m/nofp\libc_nano.a(libc_a-mlock.o)
                0x0800140c                __malloc_unlock
 .text.__sflush_r
                0x08001418      0x100 d:/program files2/gnu tool chain/12.3 rel1/bin/../lib/gcc/arm-none-eabi/12.3.1/thumb/v7e-m/nofp\libc_nano.a(libc_a-fflush.o)
                0x08001418                __sflush_r
 .text._fflush_r
                0x08001518       0x50 d:/program files2/gnu tool chain/12.3 rel1/bin/../lib/gcc/arm-none-eabi/12.3.1/thumb/v7e-m/nofp\libc_nano.a(libc_a-fflush.o)
                0x08001518                _fflush_r
 .text.fflush   0x08001568       0x28 d:/program files2/gnu tool chain/12.3 rel1/bin/../lib/gcc/arm-none-eabi/12.3.1/thumb/v7e-m/nofp\libc_nano.a(libc_a-fflush.o)
                0x08001568                fflush
 .text.__swhatbuf_r
                0x08001590       0x4c d:/program files2/gnu tool chain/12.3 rel1/bin/../lib/gcc/arm-none-eabi/12.3.1/thumb/v7e-m/nofp\libc_nano.a(libc_a-makebuf.o)
                0x08001590                __swhatbuf_r
 .text.__smakebuf_r
                0x080015dc       0x78 d:/program files2/gnu tool chain/12.3 rel1/bin/../lib/gcc/arm-none-eabi/12.3.1/thumb/v7e-m/nofp\libc_nano.a(libc_a-makebuf.o)
                0x080015dc                __smakebuf_r
 .text._fstat_r
                0x08001654       0x24 d:/program files2/gnu tool chain/12.3 rel1/bin/../lib/gcc/arm-none-eabi/12.3.1/thumb/v7e-m/nofp\libc_nano.a(libc_a-fstatr.o)
                0x08001654                _fstat_r
 .text._isatty_r
                0x08001678       0x20 d:/program files2/gnu tool chain/12.3 rel1/bin/../lib/gcc/arm-none-eabi/12.3.1/thumb/v7e-m/nofp\libc_nano.a(libc_a-isattyr.o)
                0x08001678                _isatty_r
 .text._sbrk_r  0x08001698       0x20 d:/program files2/gnu tool chain/12.3 rel1/bin/../lib/gcc/arm-none-eabi/12.3.1/thumb/v7e-m/nofp\libc_nano.a(libc_a-sbrkr.o)
                0x08001698                _sbrk_r
 *(.init)
 .init          0x080016b8        0x4 d:/program files2/gnu tool chain/12.3 rel1/bin/../lib/gcc/arm-none-eabi/12.3.1/thumb/v7e-m/nofp/crti.o
                0x080016b8                _init
 .init          0x080016bc        0x8 d:/program files2/gnu tool chain/12.3 rel1/bin/../lib/gcc/arm-none-eabi/12.3.1/thumb/v7e-m/nofp/crtn.o
 *(.fini)
 .fini          0x080016c4        0x4 d:/program files2/gnu tool chain/12.3 rel1/bin/../lib/gcc/arm-none-eabi/12.3.1/thumb/v7e-m/nofp/crti.o
                0x080016c4                _fini
 .fini          0x080016c8        0x8 d:/program files2/gnu tool chain/12.3 rel1/bin/../lib/gcc/arm-none-eabi/12.3.1/thumb/v7e-m/nofp/crtn.o
 *(.rodata)
 .rodata        0x080016d0       0x45 main.o
 *(.rodata.*)
 *fill*         0x08001715        0x3 
 .rodata.all_implied_fbits
                0x08001718       0x24 d:/program files2/gnu tool chain/12.3 rel1/bin/../lib/gcc/arm-none-eabi/12.3.1/thumb/v7e-m/nofp/crtbegin.o
 .rodata.all_implied_fbits
                0x0800173c       0x24 d:/program files2/gnu tool chain/12.3 rel1/bin/../lib/gcc/arm-none-eabi/12.3.1/thumb/v7e-m/nofp/crtend.o
                0x08001760                        . = ALIGN (0x4)
                0x08001760                        _etext = .
                0x0800176c                        _la_data = LOADADDR (.data)

.glue_7         0x08001760        0x0
 .glue_7        0x08001760        0x0 linker stubs

.glue_7t        0x08001760        0x0
 .glue_7t       0x08001760        0x0 linker stubs

.vfp11_veneer   0x08001760        0x0
 .vfp11_veneer  0x08001760        0x0 linker stubs

.v4_bx          0x08001760        0x0
 .v4_bx         0x08001760        0x0 linker stubs

.iplt           0x08001760        0x0
 .iplt          0x08001760        0x0 d:/program files2/gnu tool chain/12.3 rel1/bin/../lib/gcc/arm-none-eabi/12.3.1/thumb/v7e-m/nofp/crtbegin.o

.eh_frame       0x08001760        0x4
 .eh_frame      0x08001760        0x0 d:/program files2/gnu tool chain/12.3 rel1/bin/../lib/gcc/arm-none-eabi/12.3.1/thumb/v7e-m/nofp/crtbegin.o
 .eh_frame      0x08001760        0x4 d:/program files2/gnu tool chain/12.3 rel1/bin/../lib/gcc/arm-none-eabi/12.3.1/thumb/v7e-m/nofp/crtend.o

.ARM.extab      0x08001764        0x0
 .ARM.extab     0x08001764        0x0 d:/program files2/gnu tool chain/12.3 rel1/bin/../lib/gcc/arm-none-eabi/12.3.1/thumb/v7e-m/nofp/crt0.o

.ARM.exidx      0x08001764        0x8
 .ARM.exidx     0x08001764        0x8 d:/program files2/gnu tool chain/12.3 rel1/bin/../lib/gcc/arm-none-eabi/12.3.1/thumb/v7e-m/nofp/crt0.o
                                 0x10 (size before relaxing)

.rel.dyn        0x0800176c        0x0
 .rel.iplt      0x0800176c        0x0 d:/program files2/gnu tool chain/12.3 rel1/bin/../lib/gcc/arm-none-eabi/12.3.1/thumb/v7e-m/nofp/crtbegin.o

.data           0x20000000       0x68 load address 0x0800176c
                0x20000000                        _sdata = .
 *(.data)
 .data          0x20000000        0x0 d:/program files2/gnu tool chain/12.3 rel1/bin/../lib/gcc/arm-none-eabi/12.3.1/thumb/v7e-m/nofp/crti.o
 .data          0x20000000        0x0 d:/program files2/gnu tool chain/12.3 rel1/bin/../lib/gcc/arm-none-eabi/12.3.1/thumb/v7e-m/nofp/crtbegin.o
 .data          0x20000000        0x0 d:/program files2/gnu tool chain/12.3 rel1/bin/../lib/gcc/arm-none-eabi/12.3.1/thumb/v7e-m/nofp/crt0.o
 .data          0x20000000        0x0 led.o
 .data          0x20000000        0x1 main.o
                0x20000000                current_task
 .data          0x20000001        0x0 STM32_Startup.o
 *fill*         0x20000001        0x3 
 .data          0x20000004        0x4 syscalls.o
                0x20000004                environ
 .data          0x20000008        0x0 d:/program files2/gnu tool chain/12.3 rel1/bin/../lib/gcc/arm-none-eabi/12.3.1/thumb/v7e-m/nofp\libc_nano.a(libc_a-exit.o)
 .data          0x20000008        0x0 d:/program files2/gnu tool chain/12.3 rel1/bin/../lib/gcc/arm-none-eabi/12.3.1/thumb/v7e-m/nofp\libc_nano.a(libc_a-findfp.o)
 .data          0x20000008        0x0 d:/program files2/gnu tool chain/12.3 rel1/bin/../lib/gcc/arm-none-eabi/12.3.1/thumb/v7e-m/nofp\libc_nano.a(libc_a-fwalk.o)
 .data          0x20000008        0x0 d:/program files2/gnu tool chain/12.3 rel1/bin/../lib/gcc/arm-none-eabi/12.3.1/thumb/v7e-m/nofp\libc_nano.a(libc_a-puts.o)
 .data          0x20000008        0x0 d:/program files2/gnu tool chain/12.3 rel1/bin/../lib/gcc/arm-none-eabi/12.3.1/thumb/v7e-m/nofp\libc_nano.a(libc_a-stdio.o)
 .data          0x20000008        0x0 d:/program files2/gnu tool chain/12.3 rel1/bin/../lib/gcc/arm-none-eabi/12.3.1/thumb/v7e-m/nofp\libc_nano.a(libc_a-wbuf.o)
 .data          0x20000008        0x0 d:/program files2/gnu tool chain/12.3 rel1/bin/../lib/gcc/arm-none-eabi/12.3.1/thumb/v7e-m/nofp\libc_nano.a(libc_a-wsetup.o)
 .data          0x20000008        0x0 d:/program files2/gnu tool chain/12.3 rel1/bin/../lib/gcc/arm-none-eabi/12.3.1/thumb/v7e-m/nofp\libc_nano.a(libc_a-memset.o)
 .data          0x20000008        0x0 d:/program files2/gnu tool chain/12.3 rel1/bin/../lib/gcc/arm-none-eabi/12.3.1/thumb/v7e-m/nofp\libc_nano.a(libc_a-closer.o)
 .data          0x20000008        0x0 d:/program files2/gnu tool chain/12.3 rel1/bin/../lib/gcc/arm-none-eabi/12.3.1/thumb/v7e-m/nofp\libc_nano.a(libc_a-reent.o)
 .data          0x20000008        0x0 d:/program files2/gnu tool chain/12.3 rel1/bin/../lib/gcc/arm-none-eabi/12.3.1/thumb/v7e-m/nofp\libc_nano.a(libc_a-impure.o)
 .data          0x20000008        0x0 d:/program files2/gnu tool chain/12.3 rel1/bin/../lib/gcc/arm-none-eabi/12.3.1/thumb/v7e-m/nofp\libc_nano.a(libc_a-lseekr.o)
 .data          0x20000008        0x0 d:/program files2/gnu tool chain/12.3 rel1/bin/../lib/gcc/arm-none-eabi/12.3.1/thumb/v7e-m/nofp\libc_nano.a(libc_a-readr.o)
 .data          0x20000008        0x0 d:/program files2/gnu tool chain/12.3 rel1/bin/../lib/gcc/arm-none-eabi/12.3.1/thumb/v7e-m/nofp\libc_nano.a(libc_a-writer.o)
 .data          0x20000008        0x0 d:/program files2/gnu tool chain/12.3 rel1/bin/../lib/gcc/arm-none-eabi/12.3.1/thumb/v7e-m/nofp\libc_nano.a(libc_a-errno.o)
 .data          0x20000008        0x0 d:/program files2/gnu tool chain/12.3 rel1/bin/../lib/gcc/arm-none-eabi/12.3.1/thumb/v7e-m/nofp\libc_nano.a(libc_a-init.o)
 .data          0x20000008        0x0 d:/program files2/gnu tool chain/12.3 rel1/bin/../lib/gcc/arm-none-eabi/12.3.1/thumb/v7e-m/nofp\libc_nano.a(libc_a-lock.o)
 .data          0x20000008        0x0 d:/program files2/gnu tool chain/12.3 rel1/bin/../lib/gcc/arm-none-eabi/12.3.1/thumb/v7e-m/nofp\libc_nano.a(libc_a-freer.o)
 .data          0x20000008        0x0 d:/program files2/gnu tool chain/12.3 rel1/bin/../lib/gcc/arm-none-eabi/12.3.1/thumb/v7e-m/nofp\libc_nano.a(libc_a-mallocr.o)
 .data          0x20000008        0x0 d:/program files2/gnu tool chain/12.3 rel1/bin/../lib/gcc/arm-none-eabi/12.3.1/thumb/v7e-m/nofp\libc_nano.a(libc_a-mlock.o)
 .data          0x20000008        0x0 d:/program files2/gnu tool chain/12.3 rel1/bin/../lib/gcc/arm-none-eabi/12.3.1/thumb/v7e-m/nofp\libc_nano.a(libc_a-fflush.o)
 .data          0x20000008        0x0 d:/program files2/gnu tool chain/12.3 rel1/bin/../lib/gcc/arm-none-eabi/12.3.1/thumb/v7e-m/nofp\libc_nano.a(libc_a-makebuf.o)
 .data          0x20000008        0x0 d:/program files2/gnu tool chain/12.3 rel1/bin/../lib/gcc/arm-none-eabi/12.3.1/thumb/v7e-m/nofp\libc_nano.a(libc_a-fstatr.o)
 .data          0x20000008        0x0 d:/program files2/gnu tool chain/12.3 rel1/bin/../lib/gcc/arm-none-eabi/12.3.1/thumb/v7e-m/nofp\libc_nano.a(libc_a-isattyr.o)
 .data          0x20000008        0x0 d:/program files2/gnu tool chain/12.3 rel1/bin/../lib/gcc/arm-none-eabi/12.3.1/thumb/v7e-m/nofp\libc_nano.a(libc_a-sbrkr.o)
 .data          0x20000008        0x0 d:/program files2/gnu tool chain/12.3 rel1/bin/../lib/gcc/arm-none-eabi/12.3.1/thumb/v7e-m/nofp/crtend.o
 .data          0x20000008        0x0 d:/program files2/gnu tool chain/12.3 rel1/bin/../lib/gcc/arm-none-eabi/12.3.1/thumb/v7e-m/nofp/crtn.o
 *(.data.*)
 .data.__dso_handle
                0x20000008        0x4 d:/program files2/gnu tool chain/12.3 rel1/bin/../lib/gcc/arm-none-eabi/12.3.1/thumb/v7e-m/nofp/crtbegin.o
                0x20000008                __dso_handle
 .data.__sglue  0x2000000c        0xc d:/program files2/gnu tool chain/12.3 rel1/bin/../lib/gcc/arm-none-eabi/12.3.1/thumb/v7e-m/nofp\libc_nano.a(libc_a-findfp.o)
                0x2000000c                __sglue
 .data._impure_ptr
                0x20000018        0x4 d:/program files2/gnu tool chain/12.3 rel1/bin/../lib/gcc/arm-none-eabi/12.3.1/thumb/v7e-m/nofp\libc_nano.a(libc_a-impure.o)
                0x20000018                _impure_ptr
 .data._impure_data
                0x2000001c       0x4c d:/program files2/gnu tool chain/12.3 rel1/bin/../lib/gcc/arm-none-eabi/12.3.1/thumb/v7e-m/nofp\libc_nano.a(libc_a-impure.o)
                0x2000001c                _impure_data
                0x20000068                        . = ALIGN (0x4)
                0x20000068                        _edata = .

.init_array     0x20000068        0x4 load address 0x080017d4
 .init_array    0x20000068        0x4 d:/program files2/gnu tool chain/12.3 rel1/bin/../lib/gcc/arm-none-eabi/12.3.1/thumb/v7e-m/nofp/crtbegin.o

.fini_array     0x2000006c        0x4 load address 0x080017d8
 .fini_array    0x2000006c        0x4 d:/program files2/gnu tool chain/12.3 rel1/bin/../lib/gcc/arm-none-eabi/12.3.1/thumb/v7e-m/nofp/crtbegin.o

.tm_clone_table
                0x20000070        0x0 load address 0x080017dc
 .tm_clone_table
                0x20000070        0x0 d:/program files2/gnu tool chain/12.3 rel1/bin/../lib/gcc/arm-none-eabi/12.3.1/thumb/v7e-m/nofp/crtbegin.o
 .tm_clone_table
                0x20000070        0x0 d:/program files2/gnu tool chain/12.3 rel1/bin/../lib/gcc/arm-none-eabi/12.3.1/thumb/v7e-m/nofp/crtend.o

.igot.plt       0x20000070        0x0 load address 0x080017dc
 .igot.plt      0x20000070        0x0 d:/program files2/gnu tool chain/12.3 rel1/bin/../lib/gcc/arm-none-eabi/12.3.1/thumb/v7e-m/nofp/crtbegin.o

.bss            0x20000070      0x1b8 load address 0x080017dc
                0x20000070                        _sbss = .
                0x20000070                        __bss_start__ = _sbss
 *(.bss)
 .bss           0x20000070        0x0 d:/program files2/gnu tool chain/12.3 rel1/bin/../lib/gcc/arm-none-eabi/12.3.1/thumb/v7e-m/nofp/crti.o
 .bss           0x20000070        0x0 d:/program files2/gnu tool chain/12.3 rel1/bin/../lib/gcc/arm-none-eabi/12.3.1/thumb/v7e-m/nofp/crtbegin.o
 .bss           0x20000070        0x0 d:/program files2/gnu tool chain/12.3 rel1/bin/../lib/gcc/arm-none-eabi/12.3.1/thumb/v7e-m/nofp/crt0.o
 .bss           0x20000070        0x0 led.o
 .bss           0x20000070       0x44 main.o
                0x20000070                g_tick_count
                0x20000074                user_tasks
 .bss           0x200000b4        0x0 STM32_Startup.o
 .bss           0x200000b4        0x8 syscalls.o
                0x200000b4                __env
 .bss           0x200000bc        0x0 d:/program files2/gnu tool chain/12.3 rel1/bin/../lib/gcc/arm-none-eabi/12.3.1/thumb/v7e-m/nofp\libc_nano.a(libc_a-exit.o)
 .bss           0x200000bc        0x0 d:/program files2/gnu tool chain/12.3 rel1/bin/../lib/gcc/arm-none-eabi/12.3.1/thumb/v7e-m/nofp\libc_nano.a(libc_a-findfp.o)
 .bss           0x200000bc        0x0 d:/program files2/gnu tool chain/12.3 rel1/bin/../lib/gcc/arm-none-eabi/12.3.1/thumb/v7e-m/nofp\libc_nano.a(libc_a-fwalk.o)
 .bss           0x200000bc        0x0 d:/program files2/gnu tool chain/12.3 rel1/bin/../lib/gcc/arm-none-eabi/12.3.1/thumb/v7e-m/nofp\libc_nano.a(libc_a-puts.o)
 .bss           0x200000bc        0x0 d:/program files2/gnu tool chain/12.3 rel1/bin/../lib/gcc/arm-none-eabi/12.3.1/thumb/v7e-m/nofp\libc_nano.a(libc_a-stdio.o)
 .bss           0x200000bc        0x0 d:/program files2/gnu tool chain/12.3 rel1/bin/../lib/gcc/arm-none-eabi/12.3.1/thumb/v7e-m/nofp\libc_nano.a(libc_a-wbuf.o)
 .bss           0x200000bc        0x0 d:/program files2/gnu tool chain/12.3 rel1/bin/../lib/gcc/arm-none-eabi/12.3.1/thumb/v7e-m/nofp\libc_nano.a(libc_a-wsetup.o)
 .bss           0x200000bc        0x0 d:/program files2/gnu tool chain/12.3 rel1/bin/../lib/gcc/arm-none-eabi/12.3.1/thumb/v7e-m/nofp\libc_nano.a(libc_a-memset.o)
 .bss           0x200000bc        0x0 d:/program files2/gnu tool chain/12.3 rel1/bin/../lib/gcc/arm-none-eabi/12.3.1/thumb/v7e-m/nofp\libc_nano.a(libc_a-closer.o)
 .bss           0x200000bc        0x0 d:/program files2/gnu tool chain/12.3 rel1/bin/../lib/gcc/arm-none-eabi/12.3.1/thumb/v7e-m/nofp\libc_nano.a(libc_a-reent.o)
 .bss           0x200000bc        0x0 d:/program files2/gnu tool chain/12.3 rel1/bin/../lib/gcc/arm-none-eabi/12.3.1/thumb/v7e-m/nofp\libc_nano.a(libc_a-impure.o)
 .bss           0x200000bc        0x0 d:/program files2/gnu tool chain/12.3 rel1/bin/../lib/gcc/arm-none-eabi/12.3.1/thumb/v7e-m/nofp\libc_nano.a(libc_a-lseekr.o)
 .bss           0x200000bc        0x0 d:/program files2/gnu tool chain/12.3 rel1/bin/../lib/gcc/arm-none-eabi/12.3.1/thumb/v7e-m/nofp\libc_nano.a(libc_a-readr.o)
 .bss           0x200000bc        0x0 d:/program files2/gnu tool chain/12.3 rel1/bin/../lib/gcc/arm-none-eabi/12.3.1/thumb/v7e-m/nofp\libc_nano.a(libc_a-writer.o)
 .bss           0x200000bc        0x0 d:/program files2/gnu tool chain/12.3 rel1/bin/../lib/gcc/arm-none-eabi/12.3.1/thumb/v7e-m/nofp\libc_nano.a(libc_a-errno.o)
 .bss           0x200000bc        0x0 d:/program files2/gnu tool chain/12.3 rel1/bin/../lib/gcc/arm-none-eabi/12.3.1/thumb/v7e-m/nofp\libc_nano.a(libc_a-init.o)
 .bss           0x200000bc        0x0 d:/program files2/gnu tool chain/12.3 rel1/bin/../lib/gcc/arm-none-eabi/12.3.1/thumb/v7e-m/nofp\libc_nano.a(libc_a-lock.o)
 .bss           0x200000bc        0x0 d:/program files2/gnu tool chain/12.3 rel1/bin/../lib/gcc/arm-none-eabi/12.3.1/thumb/v7e-m/nofp\libc_nano.a(libc_a-freer.o)
 .bss           0x200000bc        0x0 d:/program files2/gnu tool chain/12.3 rel1/bin/../lib/gcc/arm-none-eabi/12.3.1/thumb/v7e-m/nofp\libc_nano.a(libc_a-mallocr.o)
 .bss           0x200000bc        0x0 d:/program files2/gnu tool chain/12.3 rel1/bin/../lib/gcc/arm-none-eabi/12.3.1/thumb/v7e-m/nofp\libc_nano.a(libc_a-mlock.o)
 .bss           0x200000bc        0x0 d:/program files2/gnu tool chain/12.3 rel1/bin/../lib/gcc/arm-none-eabi/12.3.1/thumb/v7e-m/nofp\libc_nano.a(libc_a-fflush.o)
 .bss           0x200000bc        0x0 d:/program files2/gnu tool chain/12.3 rel1/bin/../lib/gcc/arm-none-eabi/12.3.1/thumb/v7e-m/nofp\libc_nano.a(libc_a-makebuf.o)
 .bss           0x200000bc        0x0 d:/program files2/gnu tool chain/12.3 rel1/bin/../lib/gcc/arm-none-eabi/12.3.1/thumb/v7e-m/nofp\libc_nano.a(libc_a-fstatr.o)
 .bss           0x200000bc        0x0 d:/program files2/gnu tool chain/12.3 rel1/bin/../lib/gcc/arm-none-eabi/12.3.1/thumb/v7e-m/nofp\libc_nano.a(libc_a-isattyr.o)
 .bss           0x200000bc        0x0 d:/program files2/gnu tool chain/12.3 rel1/bin/../lib/gcc/arm-none-eabi/12.3.1/thumb/v7e-m/nofp\libc_nano.a(libc_a-sbrkr.o)
 .bss           0x200000bc        0x0 d:/program files2/gnu tool chain/12.3 rel1/bin/../lib/gcc/arm-none-eabi/12.3.1/thumb/v7e-m/nofp/crtend.o
 .bss           0x200000bc        0x0 d:/program files2/gnu tool chain/12.3 rel1/bin/../lib/gcc/arm-none-eabi/12.3.1/thumb/v7e-m/nofp/crtn.o
 *(.bss.*)
 .bss.completed.1
                0x200000bc        0x1 d:/program files2/gnu tool chain/12.3 rel1/bin/../lib/gcc/arm-none-eabi/12.3.1/thumb/v7e-m/nofp/crtbegin.o
 *fill*         0x200000bd        0x3 
 .bss.object.0  0x200000c0       0x18 d:/program files2/gnu tool chain/12.3 rel1/bin/../lib/gcc/arm-none-eabi/12.3.1/thumb/v7e-m/nofp/crtbegin.o
 .bss.__sf      0x200000d8      0x138 d:/program files2/gnu tool chain/12.3 rel1/bin/../lib/gcc/arm-none-eabi/12.3.1/thumb/v7e-m/nofp\libc_nano.a(libc_a-findfp.o)
                0x200000d8                __sf
 .bss.__stdio_exit_handler
                0x20000210        0x4 d:/program files2/gnu tool chain/12.3 rel1/bin/../lib/gcc/arm-none-eabi/12.3.1/thumb/v7e-m/nofp\libc_nano.a(libc_a-findfp.o)
                0x20000210                __stdio_exit_handler
 .bss.errno     0x20000214        0x4 d:/program files2/gnu tool chain/12.3 rel1/bin/../lib/gcc/arm-none-eabi/12.3.1/thumb/v7e-m/nofp\libc_nano.a(libc_a-reent.o)
                0x20000214                errno
 .bss.__lock___arc4random_mutex
                0x20000218        0x1 d:/program files2/gnu tool chain/12.3 rel1/bin/../lib/gcc/arm-none-eabi/12.3.1/thumb/v7e-m/nofp\libc_nano.a(libc_a-lock.o)
                0x20000218                __lock___arc4random_mutex
 .bss.__lock___dd_hash_mutex
                0x20000219        0x1 d:/program files2/gnu tool chain/12.3 rel1/bin/../lib/gcc/arm-none-eabi/12.3.1/thumb/v7e-m/nofp\libc_nano.a(libc_a-lock.o)
                0x20000219                __lock___dd_hash_mutex
 .bss.__lock___tz_mutex
                0x2000021a        0x1 d:/program files2/gnu tool chain/12.3 rel1/bin/../lib/gcc/arm-none-eabi/12.3.1/thumb/v7e-m/nofp\libc_nano.a(libc_a-lock.o)
                0x2000021a                __lock___tz_mutex
 .bss.__lock___env_recursive_mutex
                0x2000021b        0x1 d:/program files2/gnu tool chain/12.3 rel1/bin/../lib/gcc/arm-none-eabi/12.3.1/thumb/v7e-m/nofp\libc_nano.a(libc_a-lock.o)
                0x2000021b                __lock___env_recursive_mutex
 .bss.__lock___malloc_recursive_mutex
                0x2000021c        0x1 d:/program files2/gnu tool chain/12.3 rel1/bin/../lib/gcc/arm-none-eabi/12.3.1/thumb/v7e-m/nofp\libc_nano.a(libc_a-lock.o)
                0x2000021c                __lock___malloc_recursive_mutex
 .bss.__lock___at_quick_exit_mutex
                0x2000021d        0x1 d:/program files2/gnu tool chain/12.3 rel1/bin/../lib/gcc/arm-none-eabi/12.3.1/thumb/v7e-m/nofp\libc_nano.a(libc_a-lock.o)
                0x2000021d                __lock___at_quick_exit_mutex
 .bss.__lock___atexit_recursive_mutex
                0x2000021e        0x1 d:/program files2/gnu tool chain/12.3 rel1/bin/../lib/gcc/arm-none-eabi/12.3.1/thumb/v7e-m/nofp\libc_nano.a(libc_a-lock.o)
                0x2000021e                __lock___atexit_recursive_mutex
 .bss.__lock___sfp_recursive_mutex
                0x2000021f        0x1 d:/program files2/gnu tool chain/12.3 rel1/bin/../lib/gcc/arm-none-eabi/12.3.1/thumb/v7e-m/nofp\libc_nano.a(libc_a-lock.o)
                0x2000021f                __lock___sfp_recursive_mutex
 .bss.__malloc_sbrk_start
                0x20000220        0x4 d:/program files2/gnu tool chain/12.3 rel1/bin/../lib/gcc/arm-none-eabi/12.3.1/thumb/v7e-m/nofp\libc_nano.a(libc_a-mallocr.o)
                0x20000220                __malloc_sbrk_start
 .bss.__malloc_free_list
                0x20000224        0x4 d:/program files2/gnu tool chain/12.3 rel1/bin/../lib/gcc/arm-none-eabi/12.3.1/thumb/v7e-m/nofp\libc_nano.a(libc_a-mallocr.o)
                0x20000224                __malloc_free_list
 *(COMMON)
                0x20000228                        . = ALIGN (0x4)
                0x20000228                        _ebss = .
                0x20000228                        __bss_end__ = _ebss
                0x20000228                        . = ALIGN (0x4)
                0x20000228                        end = .
                0x20000228                        __end__ = .
OUTPUT(Exec.elf elf32-littlearm)
LOAD linker stubs

.ARM.attributes
                0x00000000       0x2a
 .ARM.attributes
                0x00000000       0x1e d:/program files2/gnu tool chain/12.3 rel1/bin/../lib/gcc/arm-none-eabi/12.3.1/thumb/v7e-m/nofp/crti.o
 .ARM.attributes
                0x0000001e       0x2e d:/program files2/gnu tool chain/12.3 rel1/bin/../lib/gcc/arm-none-eabi/12.3.1/thumb/v7e-m/nofp/crtbegin.o
 .ARM.attributes
                0x0000004c       0x1c d:/program files2/gnu tool chain/12.3 rel1/bin/../lib/gcc/arm-none-eabi/12.3.1/thumb/v7e-m/nofp/crt0.o
 .ARM.attributes
                0x00000068       0x2e led.o
 .ARM.attributes
                0x00000096       0x2e main.o
 .ARM.attributes
                0x000000c4       0x2e STM32_Startup.o
 .ARM.attributes
                0x000000f2       0x2e syscalls.o
 .ARM.attributes
                0x00000120       0x2e d:/program files2/gnu tool chain/12.3 rel1/bin/../lib/gcc/arm-none-eabi/12.3.1/thumb/v7e-m/nofp\libc_nano.a(libc_a-exit.o)
 .ARM.attributes
                0x0000014e       0x2e d:/program files2/gnu tool chain/12.3 rel1/bin/../lib/gcc/arm-none-eabi/12.3.1/thumb/v7e-m/nofp\libc_nano.a(libc_a-findfp.o)
 .ARM.attributes
                0x0000017c       0x2e d:/program files2/gnu tool chain/12.3 rel1/bin/../lib/gcc/arm-none-eabi/12.3.1/thumb/v7e-m/nofp\libc_nano.a(libc_a-fwalk.o)
 .ARM.attributes
                0x000001aa       0x2e d:/program files2/gnu tool chain/12.3 rel1/bin/../lib/gcc/arm-none-eabi/12.3.1/thumb/v7e-m/nofp\libc_nano.a(libc_a-puts.o)
 .ARM.attributes
                0x000001d8       0x2e d:/program files2/gnu tool chain/12.3 rel1/bin/../lib/gcc/arm-none-eabi/12.3.1/thumb/v7e-m/nofp\libc_nano.a(libc_a-stdio.o)
 .ARM.attributes
                0x00000206       0x2e d:/program files2/gnu tool chain/12.3 rel1/bin/../lib/gcc/arm-none-eabi/12.3.1/thumb/v7e-m/nofp\libc_nano.a(libc_a-wbuf.o)
 .ARM.attributes
                0x00000234       0x2e d:/program files2/gnu tool chain/12.3 rel1/bin/../lib/gcc/arm-none-eabi/12.3.1/thumb/v7e-m/nofp\libc_nano.a(libc_a-wsetup.o)
 .ARM.attributes
                0x00000262       0x2e d:/program files2/gnu tool chain/12.3 rel1/bin/../lib/gcc/arm-none-eabi/12.3.1/thumb/v7e-m/nofp\libc_nano.a(libc_a-memset.o)
 .ARM.attributes
                0x00000290       0x2e d:/program files2/gnu tool chain/12.3 rel1/bin/../lib/gcc/arm-none-eabi/12.3.1/thumb/v7e-m/nofp\libc_nano.a(libc_a-closer.o)
 .ARM.attributes
                0x000002be       0x2e d:/program files2/gnu tool chain/12.3 rel1/bin/../lib/gcc/arm-none-eabi/12.3.1/thumb/v7e-m/nofp\libc_nano.a(libc_a-reent.o)
 .ARM.attributes
                0x000002ec       0x2e d:/program files2/gnu tool chain/12.3 rel1/bin/../lib/gcc/arm-none-eabi/12.3.1/thumb/v7e-m/nofp\libc_nano.a(libc_a-impure.o)
 .ARM.attributes
                0x0000031a       0x2e d:/program files2/gnu tool chain/12.3 rel1/bin/../lib/gcc/arm-none-eabi/12.3.1/thumb/v7e-m/nofp\libc_nano.a(libc_a-lseekr.o)
 .ARM.attributes
                0x00000348       0x2e d:/program files2/gnu tool chain/12.3 rel1/bin/../lib/gcc/arm-none-eabi/12.3.1/thumb/v7e-m/nofp\libc_nano.a(libc_a-readr.o)
 .ARM.attributes
                0x00000376       0x2e d:/program files2/gnu tool chain/12.3 rel1/bin/../lib/gcc/arm-none-eabi/12.3.1/thumb/v7e-m/nofp\libc_nano.a(libc_a-writer.o)
 .ARM.attributes
                0x000003a4       0x2e d:/program files2/gnu tool chain/12.3 rel1/bin/../lib/gcc/arm-none-eabi/12.3.1/thumb/v7e-m/nofp\libc_nano.a(libc_a-errno.o)
 .ARM.attributes
                0x000003d2       0x2e d:/program files2/gnu tool chain/12.3 rel1/bin/../lib/gcc/arm-none-eabi/12.3.1/thumb/v7e-m/nofp\libc_nano.a(libc_a-init.o)
 .ARM.attributes
                0x00000400       0x2e d:/program files2/gnu tool chain/12.3 rel1/bin/../lib/gcc/arm-none-eabi/12.3.1/thumb/v7e-m/nofp\libc_nano.a(libc_a-lock.o)
 .ARM.attributes
                0x0000042e       0x2e d:/program files2/gnu tool chain/12.3 rel1/bin/../lib/gcc/arm-none-eabi/12.3.1/thumb/v7e-m/nofp\libc_nano.a(libc_a-freer.o)
 .ARM.attributes
                0x0000045c       0x2e d:/program files2/gnu tool chain/12.3 rel1/bin/../lib/gcc/arm-none-eabi/12.3.1/thumb/v7e-m/nofp\libc_nano.a(libc_a-mallocr.o)
 .ARM.attributes
                0x0000048a       0x2e d:/program files2/gnu tool chain/12.3 rel1/bin/../lib/gcc/arm-none-eabi/12.3.1/thumb/v7e-m/nofp\libc_nano.a(libc_a-mlock.o)
 .ARM.attributes
                0x000004b8       0x2e d:/program files2/gnu tool chain/12.3 rel1/bin/../lib/gcc/arm-none-eabi/12.3.1/thumb/v7e-m/nofp\libc_nano.a(libc_a-fflush.o)
 .ARM.attributes
                0x000004e6       0x2e d:/program files2/gnu tool chain/12.3 rel1/bin/../lib/gcc/arm-none-eabi/12.3.1/thumb/v7e-m/nofp\libc_nano.a(libc_a-makebuf.o)
 .ARM.attributes
                0x00000514       0x2e d:/program files2/gnu tool chain/12.3 rel1/bin/../lib/gcc/arm-none-eabi/12.3.1/thumb/v7e-m/nofp\libc_nano.a(libc_a-fstatr.o)
 .ARM.attributes
                0x00000542       0x2e d:/program files2/gnu tool chain/12.3 rel1/bin/../lib/gcc/arm-none-eabi/12.3.1/thumb/v7e-m/nofp\libc_nano.a(libc_a-isattyr.o)
 .ARM.attributes
                0x00000570       0x2e d:/program files2/gnu tool chain/12.3 rel1/bin/../lib/gcc/arm-none-eabi/12.3.1/thumb/v7e-m/nofp\libc_nano.a(libc_a-sbrkr.o)
 .ARM.attributes
                0x0000059e       0x2e d:/program files2/gnu tool chain/12.3 rel1/bin/../lib/gcc/arm-none-eabi/12.3.1/thumb/v7e-m/nofp/crtend.o
 .ARM.attributes
                0x000005cc       0x1e d:/program files2/gnu tool chain/12.3 rel1/bin/../lib/gcc/arm-none-eabi/12.3.1/thumb/v7e-m/nofp/crtn.o

.comment        0x00000000       0x45
 .comment       0x00000000       0x45 led.o
                                 0x46 (size before relaxing)
 .comment       0x00000045       0x46 main.o
 .comment       0x00000045       0x46 STM32_Startup.o
 .comment       0x00000045       0x46 syscalls.o

.debug_line_str
                0x00000000       0xd3
 .debug_line_str
                0x00000000       0xd3 d:/program files2/gnu tool chain/12.3 rel1/bin/../lib/gcc/arm-none-eabi/12.3.1/thumb/v7e-m/nofp/crt0.o

.debug_frame    0x00000000      0x6c4
 .debug_frame   0x00000000       0x28 d:/program files2/gnu tool chain/12.3 rel1/bin/../lib/gcc/arm-none-eabi/12.3.1/thumb/v7e-m/nofp\libc_nano.a(libc_a-exit.o)
 .debug_frame   0x00000028      0x144 d:/program files2/gnu tool chain/12.3 rel1/bin/../lib/gcc/arm-none-eabi/12.3.1/thumb/v7e-m/nofp\libc_nano.a(libc_a-findfp.o)
 .debug_frame   0x0000016c       0x34 d:/program files2/gnu tool chain/12.3 rel1/bin/../lib/gcc/arm-none-eabi/12.3.1/thumb/v7e-m/nofp\libc_nano.a(libc_a-fwalk.o)
 .debug_frame   0x000001a0       0x3c d:/program files2/gnu tool chain/12.3 rel1/bin/../lib/gcc/arm-none-eabi/12.3.1/thumb/v7e-m/nofp\libc_nano.a(libc_a-puts.o)
 .debug_frame   0x000001dc       0x88 d:/program files2/gnu tool chain/12.3 rel1/bin/../lib/gcc/arm-none-eabi/12.3.1/thumb/v7e-m/nofp\libc_nano.a(libc_a-stdio.o)
 .debug_frame   0x00000264       0x40 d:/program files2/gnu tool chain/12.3 rel1/bin/../lib/gcc/arm-none-eabi/12.3.1/thumb/v7e-m/nofp\libc_nano.a(libc_a-wbuf.o)
 .debug_frame   0x000002a4       0x2c d:/program files2/gnu tool chain/12.3 rel1/bin/../lib/gcc/arm-none-eabi/12.3.1/thumb/v7e-m/nofp\libc_nano.a(libc_a-wsetup.o)
 .debug_frame   0x000002d0       0x20 d:/program files2/gnu tool chain/12.3 rel1/bin/../lib/gcc/arm-none-eabi/12.3.1/thumb/v7e-m/nofp\libc_nano.a(libc_a-memset.o)
 .debug_frame   0x000002f0       0x2c d:/program files2/gnu tool chain/12.3 rel1/bin/../lib/gcc/arm-none-eabi/12.3.1/thumb/v7e-m/nofp\libc_nano.a(libc_a-closer.o)
 .debug_frame   0x0000031c       0x38 d:/program files2/gnu tool chain/12.3 rel1/bin/../lib/gcc/arm-none-eabi/12.3.1/thumb/v7e-m/nofp\libc_nano.a(libc_a-reent.o)
 .debug_frame   0x00000354       0x2c d:/program files2/gnu tool chain/12.3 rel1/bin/../lib/gcc/arm-none-eabi/12.3.1/thumb/v7e-m/nofp\libc_nano.a(libc_a-lseekr.o)
 .debug_frame   0x00000380       0x2c d:/program files2/gnu tool chain/12.3 rel1/bin/../lib/gcc/arm-none-eabi/12.3.1/thumb/v7e-m/nofp\libc_nano.a(libc_a-readr.o)
 .debug_frame   0x000003ac       0x2c d:/program files2/gnu tool chain/12.3 rel1/bin/../lib/gcc/arm-none-eabi/12.3.1/thumb/v7e-m/nofp\libc_nano.a(libc_a-writer.o)
 .debug_frame   0x000003d8       0x20 d:/program files2/gnu tool chain/12.3 rel1/bin/../lib/gcc/arm-none-eabi/12.3.1/thumb/v7e-m/nofp\libc_nano.a(libc_a-errno.o)
 .debug_frame   0x000003f8       0x2c d:/program files2/gnu tool chain/12.3 rel1/bin/../lib/gcc/arm-none-eabi/12.3.1/thumb/v7e-m/nofp\libc_nano.a(libc_a-init.o)
 .debug_frame   0x00000424       0xb0 d:/program files2/gnu tool chain/12.3 rel1/bin/../lib/gcc/arm-none-eabi/12.3.1/thumb/v7e-m/nofp\libc_nano.a(libc_a-lock.o)
 .debug_frame   0x000004d4       0x38 d:/program files2/gnu tool chain/12.3 rel1/bin/../lib/gcc/arm-none-eabi/12.3.1/thumb/v7e-m/nofp\libc_nano.a(libc_a-freer.o)
 .debug_frame   0x0000050c       0x50 d:/program files2/gnu tool chain/12.3 rel1/bin/../lib/gcc/arm-none-eabi/12.3.1/thumb/v7e-m/nofp\libc_nano.a(libc_a-mallocr.o)
 .debug_frame   0x0000055c       0x30 d:/program files2/gnu tool chain/12.3 rel1/bin/../lib/gcc/arm-none-eabi/12.3.1/thumb/v7e-m/nofp\libc_nano.a(libc_a-mlock.o)
 .debug_frame   0x0000058c       0x5c d:/program files2/gnu tool chain/12.3 rel1/bin/../lib/gcc/arm-none-eabi/12.3.1/thumb/v7e-m/nofp\libc_nano.a(libc_a-fflush.o)
 .debug_frame   0x000005e8       0x58 d:/program files2/gnu tool chain/12.3 rel1/bin/../lib/gcc/arm-none-eabi/12.3.1/thumb/v7e-m/nofp\libc_nano.a(libc_a-makebuf.o)
 .debug_frame   0x00000640       0x2c d:/program files2/gnu tool chain/12.3 rel1/bin/../lib/gcc/arm-none-eabi/12.3.1/thumb/v7e-m/nofp\libc_nano.a(libc_a-fstatr.o)
 .debug_frame   0x0000066c       0x2c d:/program files2/gnu tool chain/12.3 rel1/bin/../lib/gcc/arm-none-eabi/12.3.1/thumb/v7e-m/nofp\libc_nano.a(libc_a-isattyr.o)
 .debug_frame   0x00000698       0x2c d:/program files2/gnu tool chain/12.3 rel1/bin/../lib/gcc/arm-none-eabi/12.3.1/thumb/v7e-m/nofp\libc_nano.a(libc_a-sbrkr.o)
