Archive member included to satisfy reference by file (symbol)

d:/program files2/gnu tool chain/12.3 rel1/bin/../lib/gcc/arm-none-eabi/12.3.1\libc_nano.a(libc_a-exit.o)
                              d:/program files2/gnu tool chain/12.3 rel1/bin/../lib/gcc/arm-none-eabi/12.3.1/crt0.o (exit)
d:/program files2/gnu tool chain/12.3 rel1/bin/../lib/gcc/arm-none-eabi/12.3.1\libc_nano.a(libc_a-findfp.o)
                              d:/program files2/gnu tool chain/12.3 rel1/bin/../lib/gcc/arm-none-eabi/12.3.1\libc_nano.a(libc_a-exit.o) (__stdio_exit_handler)
d:/program files2/gnu tool chain/12.3 rel1/bin/../lib/gcc/arm-none-eabi/12.3.1\libc_nano.a(libc_a-fwalk.o)
                              d:/program files2/gnu tool chain/12.3 rel1/bin/../lib/gcc/arm-none-eabi/12.3.1\libc_nano.a(libc_a-findfp.o) (_fwalk_sglue)
d:/program files2/gnu tool chain/12.3 rel1/bin/../lib/gcc/arm-none-eabi/12.3.1\libc_nano.a(libc_a-puts.o)
                              main.o (puts)
d:/program files2/gnu tool chain/12.3 rel1/bin/../lib/gcc/arm-none-eabi/12.3.1\libc_nano.a(libc_a-stdio.o)
                              d:/program files2/gnu tool chain/12.3 rel1/bin/../lib/gcc/arm-none-eabi/12.3.1\libc_nano.a(libc_a-findfp.o) (__sread)
d:/program files2/gnu tool chain/12.3 rel1/bin/../lib/gcc/arm-none-eabi/12.3.1\libc_nano.a(libc_a-wbuf.o)
                              d:/program files2/gnu tool chain/12.3 rel1/bin/../lib/gcc/arm-none-eabi/12.3.1\libc_nano.a(libc_a-puts.o) (__swbuf_r)
d:/program files2/gnu tool chain/12.3 rel1/bin/../lib/gcc/arm-none-eabi/12.3.1\libc_nano.a(libc_a-wsetup.o)
                              d:/program files2/gnu tool chain/12.3 rel1/bin/../lib/gcc/arm-none-eabi/12.3.1\libc_nano.a(libc_a-puts.o) (__swsetup_r)
d:/program files2/gnu tool chain/12.3 rel1/bin/../lib/gcc/arm-none-eabi/12.3.1\libc_nano.a(libc_a-memset.o)
                              d:/program files2/gnu tool chain/12.3 rel1/bin/../lib/gcc/arm-none-eabi/12.3.1/crt0.o (memset)
d:/program files2/gnu tool chain/12.3 rel1/bin/../lib/gcc/arm-none-eabi/12.3.1\libc_nano.a(libc_a-closer.o)
                              d:/program files2/gnu tool chain/12.3 rel1/bin/../lib/gcc/arm-none-eabi/12.3.1\libc_nano.a(libc_a-stdio.o) (_close_r)
d:/program files2/gnu tool chain/12.3 rel1/bin/../lib/gcc/arm-none-eabi/12.3.1\libc_nano.a(libc_a-reent.o)
                              d:/program files2/gnu tool chain/12.3 rel1/bin/../lib/gcc/arm-none-eabi/12.3.1\libc_nano.a(libc_a-closer.o) (errno)
d:/program files2/gnu tool chain/12.3 rel1/bin/../lib/gcc/arm-none-eabi/12.3.1\libc_nano.a(libc_a-impure.o)
                              d:/program files2/gnu tool chain/12.3 rel1/bin/../lib/gcc/arm-none-eabi/12.3.1\libc_nano.a(libc_a-puts.o) (_impure_ptr)
d:/program files2/gnu tool chain/12.3 rel1/bin/../lib/gcc/arm-none-eabi/12.3.1\libc_nano.a(libc_a-lseekr.o)
                              d:/program files2/gnu tool chain/12.3 rel1/bin/../lib/gcc/arm-none-eabi/12.3.1\libc_nano.a(libc_a-stdio.o) (_lseek_r)
d:/program files2/gnu tool chain/12.3 rel1/bin/../lib/gcc/arm-none-eabi/12.3.1\libc_nano.a(libc_a-readr.o)
                              d:/program files2/gnu tool chain/12.3 rel1/bin/../lib/gcc/arm-none-eabi/12.3.1\libc_nano.a(libc_a-stdio.o) (_read_r)
d:/program files2/gnu tool chain/12.3 rel1/bin/../lib/gcc/arm-none-eabi/12.3.1\libc_nano.a(libc_a-writer.o)
                              d:/program files2/gnu tool chain/12.3 rel1/bin/../lib/gcc/arm-none-eabi/12.3.1\libc_nano.a(libc_a-stdio.o) (_write_r)
d:/program files2/gnu tool chain/12.3 rel1/bin/../lib/gcc/arm-none-eabi/12.3.1\libc_nano.a(libc_a-errno.o)
                              syscalls.o (__errno)
d:/program files2/gnu tool chain/12.3 rel1/bin/../lib/gcc/arm-none-eabi/12.3.1\libc_nano.a(libc_a-init.o)
                              d:/program files2/gnu tool chain/12.3 rel1/bin/../lib/gcc/arm-none-eabi/12.3.1/crt0.o (__libc_init_array)
d:/program files2/gnu tool chain/12.3 rel1/bin/../lib/gcc/arm-none-eabi/12.3.1\libc_nano.a(libc_a-lock.o)
                              d:/program files2/gnu tool chain/12.3 rel1/bin/../lib/gcc/arm-none-eabi/12.3.1\libc_nano.a(libc_a-findfp.o) (__retarget_lock_init_recursive)
d:/program files2/gnu tool chain/12.3 rel1/bin/../lib/gcc/arm-none-eabi/12.3.1\libc_nano.a(libc_a-freer.o)
                              d:/program files2/gnu tool chain/12.3 rel1/bin/../lib/gcc/arm-none-eabi/12.3.1\libc_nano.a(libc_a-wsetup.o) (_free_r)
d:/program files2/gnu tool chain/12.3 rel1/bin/../lib/gcc/arm-none-eabi/12.3.1\libc_nano.a(libc_a-mallocr.o)
                              d:/program files2/gnu tool chain/12.3 rel1/bin/../lib/gcc/arm-none-eabi/12.3.1\libc_nano.a(libc_a-findfp.o) (_malloc_r)
d:/program files2/gnu tool chain/12.3 rel1/bin/../lib/gcc/arm-none-eabi/12.3.1\libc_nano.a(libc_a-mlock.o)
                              d:/program files2/gnu tool chain/12.3 rel1/bin/../lib/gcc/arm-none-eabi/12.3.1\libc_nano.a(libc_a-freer.o) (__malloc_lock)
d:/program files2/gnu tool chain/12.3 rel1/bin/../lib/gcc/arm-none-eabi/12.3.1\libc_nano.a(libc_a-fflush.o)
                              d:/program files2/gnu tool chain/12.3 rel1/bin/../lib/gcc/arm-none-eabi/12.3.1\libc_nano.a(libc_a-findfp.o) (_fflush_r)
d:/program files2/gnu tool chain/12.3 rel1/bin/../lib/gcc/arm-none-eabi/12.3.1\libc_nano.a(libc_a-makebuf.o)
                              d:/program files2/gnu tool chain/12.3 rel1/bin/../lib/gcc/arm-none-eabi/12.3.1\libc_nano.a(libc_a-wsetup.o) (__smakebuf_r)
d:/program files2/gnu tool chain/12.3 rel1/bin/../lib/gcc/arm-none-eabi/12.3.1\libc_nano.a(libc_a-fstatr.o)
                              d:/program files2/gnu tool chain/12.3 rel1/bin/../lib/gcc/arm-none-eabi/12.3.1\libc_nano.a(libc_a-makebuf.o) (_fstat_r)
d:/program files2/gnu tool chain/12.3 rel1/bin/../lib/gcc/arm-none-eabi/12.3.1\libc_nano.a(libc_a-isattyr.o)
                              d:/program files2/gnu tool chain/12.3 rel1/bin/../lib/gcc/arm-none-eabi/12.3.1\libc_nano.a(libc_a-makebuf.o) (_isatty_r)
d:/program files2/gnu tool chain/12.3 rel1/bin/../lib/gcc/arm-none-eabi/12.3.1\libc_nano.a(libc_a-sbrkr.o)
                              d:/program files2/gnu tool chain/12.3 rel1/bin/../lib/gcc/arm-none-eabi/12.3.1\libc_nano.a(libc_a-mallocr.o) (_sbrk_r)

Memory Configuration

Name             Origin             Length             Attributes
FLASH            0x08000000         0x00100000         xr
SRAM             0x20000000         0x00020000         xrw
*default*        0x00000000         0xffffffff

Linker script and memory map

LOAD d:/program files2/gnu tool chain/12.3 rel1/bin/../lib/gcc/arm-none-eabi/12.3.1/crti.o
LOAD d:/program files2/gnu tool chain/12.3 rel1/bin/../lib/gcc/arm-none-eabi/12.3.1/crtbegin.o
LOAD d:/program files2/gnu tool chain/12.3 rel1/bin/../lib/gcc/arm-none-eabi/12.3.1/crt0.o
LOAD led.o
LOAD main.o
LOAD STM32_Startup.o
LOAD syscalls.o
START GROUP
LOAD d:/program files2/gnu tool chain/12.3 rel1/bin/../lib/gcc/arm-none-eabi/12.3.1\libgcc.a
LOAD d:/program files2/gnu tool chain/12.3 rel1/bin/../lib/gcc/arm-none-eabi/12.3.1\libc_nano.a
END GROUP
START GROUP
LOAD d:/program files2/gnu tool chain/12.3 rel1/bin/../lib/gcc/arm-none-eabi/12.3.1\libgcc.a
LOAD d:/program files2/gnu tool chain/12.3 rel1/bin/../lib/gcc/arm-none-eabi/12.3.1\libc_nano.a
END GROUP
LOAD d:/program files2/gnu tool chain/12.3 rel1/bin/../lib/gcc/arm-none-eabi/12.3.1/crtend.o
LOAD d:/program files2/gnu tool chain/12.3 rel1/bin/../lib/gcc/arm-none-eabi/12.3.1/crtn.o

.text           0x08000000     0x20d8
 *(.isr_vector)
 .isr_vector    0x08000000      0x188 STM32_Startup.o
                0x08000000                vectors
 *(.text)
 .text          0x08000188        0x0 d:/program files2/gnu tool chain/12.3 rel1/bin/../lib/gcc/arm-none-eabi/12.3.1/crti.o
 .text          0x08000188        0x0 d:/program files2/gnu tool chain/12.3 rel1/bin/../lib/gcc/arm-none-eabi/12.3.1/crtbegin.o
 .text          0x08000188      0x140 d:/program files2/gnu tool chain/12.3 rel1/bin/../lib/gcc/arm-none-eabi/12.3.1/crt0.o
                0x08000188                _stack_init
                0x08000218                _start
                0x08000218                _mainCRTStartup
 .text          0x080002c8       0xfc led.o
                0x080002c8                delay
                0x080002f0                led_init_all
                0x08000364                led_on
                0x08000394                led_off
 .text          0x080003c4      0x4c4 main.o
                0x080003c4                main
                0x080003f0                idle_task
                0x080003f8                enable_processor_faults
                0x08000434                get_psp_value
                0x08000454                change_msp_to_psp
                0x0800046e                init_task_stack
                0x08000574                init_systick_timer
                0x080005cc                schedule
                0x080005f0                task_delay
                0x08000650                init_scheduler_stack
                0x0800065a                HardFault_Handler
                0x0800066c                MemManage_Handler
                0x08000680                BusFault_Handler
                0x08000694                save_psp
                0x080006bc                get_next_task_id
                0x08000734                PendSV_Handler
                0x0800075a                update_global_tick_count
                0x08000774                unblock_tasks
                0x080007d4                SysTick_Handler
                0x08000800                Task1
                0x08000824                Task2
                0x08000848                Task3
                0x08000868                Task4
 .text          0x08000888       0x90 STM32_Startup.o
                0x08000888                RTC_Alarm_IRQHandler
                0x08000888                HASH_RNG_IRQHandler
                0x08000888                EXTI2_IRQHandler
                0x08000888                TIM8_CC_IRQHandler
                0x08000888                DebugMon_Handler
                0x08000888                TIM1_CC_IRQHandler
                0x08000888                DMA2_Stream5_IRQHandler
                0x08000888                DMA1_Stream5_IRQHandler
                0x08000888                PVD_IRQHandler
                0x08000888                SDIO_IRQHandler
                0x08000888                TAMP_STAMP_IRQHandler
                0x08000888                NMI_Handler
                0x08000888                CAN2_RX1_IRQHandler
                0x08000888                EXTI3_IRQHandler
                0x08000888                TIM8_TRG_COM_TIM14_IRQHandler
                0x08000888                TIM1_UP_TIM10_IRQHandler
                0x08000888                TIM8_UP_TIM13_IRQHandler
                0x08000888                I2C3_ER_IRQHandler
                0x08000888                EXTI0_IRQHandler
                0x08000888                I2C2_EV_IRQHandler
                0x08000888                DMA1_Stream2_IRQHandler
                0x08000888                CAN1_RX0_IRQHandler
                0x08000888                FPU_IRQHandler
                0x08000888                OTG_HS_WKUP_IRQHandler
                0x08000888                UsageFault_Handler
                0x08000888                CAN2_SCE_IRQHandler
                0x08000888                DMA2_Stream2_IRQHandler
                0x08000888                SPI1_IRQHandler
                0x08000888                TIM6_DAC_IRQHandler
                0x08000888                TIM1_BRK_TIM9_IRQHandler
                0x08000888                DCMI_IRQHandler
                0x08000888                CAN2_RX0_IRQHandler
                0x08000888                DMA2_Stream3_IRQHandler
                0x08000888                USART6_IRQHandler
                0x08000888                USART3_IRQHandler
                0x08000888                CRYP_IRQHandler
                0x08000888                DMA2_Stream6_IRQHandler
                0x08000888                CAN1_RX1_IRQHandler
                0x08000888                UART5_IRQHandler
                0x08000888                DMA2_Stream0_IRQHandler
                0x08000888                TIM4_IRQHandler
                0x08000888                I2C1_EV_IRQHandler
                0x08000888                DMA1_Stream6_IRQHandler
                0x08000888                DMA1_Stream1_IRQHandler
                0x08000888                UART4_IRQHandler
                0x08000888                TIM3_IRQHandler
                0x08000888                RCC_IRQHandler
                0x08000888                TIM8_BRK_TIM12_IRQHandler
                0x08000888                Default_Handler
                0x08000888                EXTI15_10_IRQHandler
                0x08000888                ADC_IRQHandler
                0x08000888                DMA1_Stream7_IRQHandler
                0x08000888                TIM7_IRQHandler
                0x08000888                CAN2_TX_IRQHandler
                0x08000888                TIM5_IRQHandler
                0x08000888                DMA2_Stream7_IRQHandler
                0x08000888                I2C3_EV_IRQHandler
                0x08000888                EXTI9_5_IRQHandler
                0x08000888                RTC_WKUP_IRQHandler
                0x08000888                ETH_WKUP_IRQHandler
                0x08000888                SPI2_IRQHandler
                0x08000888                OTG_HS_EP1_IN_IRQHandler
                0x08000888                DMA1_Stream0_IRQHandler
                0x08000888                CAN1_TX_IRQHandler
                0x08000888                SVC_Handler
                0x08000888                EXTI4_IRQHandler
                0x08000888                FSMC_IRQHandler
                0x08000888                ETH_IRQHandler
                0x08000888                OTG_HS_EP1_OUT_IRQHandler
                0x08000888                WWDG_IRQHandler
                0x08000888                TIM2_IRQHandler
                0x08000888                OTG_FS_WKUP_IRQHandler
                0x08000888                TIM1_TRG_COM_TIM11_IRQHandler
                0x08000888                OTG_HS_IRQHandler
                0x08000888                EXTI1_IRQHandler
                0x08000888                USART2_IRQHandler
                0x08000888                I2C2_ER_IRQHandler
                0x08000888                DMA2_Stream1_IRQHandler
                0x08000888                CAN1_SCE_IRQHandler
                0x08000888                DMA2_Stream4_IRQHandler
                0x08000888                USART1_IRQHandler
                0x08000888                OTG_FS_IRQHandler
                0x08000888                SPI3_IRQHandler
                0x08000888                DMA1_Stream4_IRQHandler
                0x08000888                I2C1_ER_IRQHandler
                0x08000888                DMA1_Stream3_IRQHandler
                0x08000890                Reset_Handler
 .text          0x08000918      0x25c syscalls.o
                0x08000918                initialise_monitor_handles
                0x08000924                _getpid
                0x08000932                _kill
                0x08000952                _exit
                0x08000968                _read
                0x080009a2                _write
                0x080009da                _close
                0x080009f0                _fstat
                0x08000a0e                _isatty
                0x08000a22                _lseek
                0x08000a3a                _open
                0x08000a54                _wait
                0x08000a72                _unlink
                0x08000a90                _times
                0x08000aa6                _stat
                0x08000ac4                _link
                0x08000ae4                _fork
                0x08000afa                _execve
                0x08000b1c                _sbrk
 .text          0x08000b74        0x0 d:/program files2/gnu tool chain/12.3 rel1/bin/../lib/gcc/arm-none-eabi/12.3.1\libc_nano.a(libc_a-exit.o)
 .text          0x08000b74        0x0 d:/program files2/gnu tool chain/12.3 rel1/bin/../lib/gcc/arm-none-eabi/12.3.1\libc_nano.a(libc_a-findfp.o)
 .text          0x08000b74        0x0 d:/program files2/gnu tool chain/12.3 rel1/bin/../lib/gcc/arm-none-eabi/12.3.1\libc_nano.a(libc_a-fwalk.o)
 .text          0x08000b74        0x0 d:/program files2/gnu tool chain/12.3 rel1/bin/../lib/gcc/arm-none-eabi/12.3.1\libc_nano.a(libc_a-puts.o)
 .text          0x08000b74        0x0 d:/program files2/gnu tool chain/12.3 rel1/bin/../lib/gcc/arm-none-eabi/12.3.1\libc_nano.a(libc_a-stdio.o)
 .text          0x08000b74        0x0 d:/program files2/gnu tool chain/12.3 rel1/bin/../lib/gcc/arm-none-eabi/12.3.1\libc_nano.a(libc_a-wbuf.o)
 .text          0x08000b74        0x0 d:/program files2/gnu tool chain/12.3 rel1/bin/../lib/gcc/arm-none-eabi/12.3.1\libc_nano.a(libc_a-wsetup.o)
 .text          0x08000b74        0x0 d:/program files2/gnu tool chain/12.3 rel1/bin/../lib/gcc/arm-none-eabi/12.3.1\libc_nano.a(libc_a-memset.o)
 .text          0x08000b74        0x0 d:/program files2/gnu tool chain/12.3 rel1/bin/../lib/gcc/arm-none-eabi/12.3.1\libc_nano.a(libc_a-closer.o)
 .text          0x08000b74        0x0 d:/program files2/gnu tool chain/12.3 rel1/bin/../lib/gcc/arm-none-eabi/12.3.1\libc_nano.a(libc_a-reent.o)
 .text          0x08000b74        0x0 d:/program files2/gnu tool chain/12.3 rel1/bin/../lib/gcc/arm-none-eabi/12.3.1\libc_nano.a(libc_a-impure.o)
 .text          0x08000b74        0x0 d:/program files2/gnu tool chain/12.3 rel1/bin/../lib/gcc/arm-none-eabi/12.3.1\libc_nano.a(libc_a-lseekr.o)
 .text          0x08000b74        0x0 d:/program files2/gnu tool chain/12.3 rel1/bin/../lib/gcc/arm-none-eabi/12.3.1\libc_nano.a(libc_a-readr.o)
 .text          0x08000b74        0x0 d:/program files2/gnu tool chain/12.3 rel1/bin/../lib/gcc/arm-none-eabi/12.3.1\libc_nano.a(libc_a-writer.o)
 .text          0x08000b74        0x0 d:/program files2/gnu tool chain/12.3 rel1/bin/../lib/gcc/arm-none-eabi/12.3.1\libc_nano.a(libc_a-errno.o)
 .text          0x08000b74        0x0 d:/program files2/gnu tool chain/12.3 rel1/bin/../lib/gcc/arm-none-eabi/12.3.1\libc_nano.a(libc_a-init.o)
 .text          0x08000b74        0x0 d:/program files2/gnu tool chain/12.3 rel1/bin/../lib/gcc/arm-none-eabi/12.3.1\libc_nano.a(libc_a-lock.o)
 .text          0x08000b74        0x0 d:/program files2/gnu tool chain/12.3 rel1/bin/../lib/gcc/arm-none-eabi/12.3.1\libc_nano.a(libc_a-freer.o)
 .text          0x08000b74        0x0 d:/program files2/gnu tool chain/12.3 rel1/bin/../lib/gcc/arm-none-eabi/12.3.1\libc_nano.a(libc_a-mallocr.o)
 .text          0x08000b74        0x0 d:/program files2/gnu tool chain/12.3 rel1/bin/../lib/gcc/arm-none-eabi/12.3.1\libc_nano.a(libc_a-mlock.o)
 .text          0x08000b74        0x0 d:/program files2/gnu tool chain/12.3 rel1/bin/../lib/gcc/arm-none-eabi/12.3.1\libc_nano.a(libc_a-fflush.o)
 .text          0x08000b74        0x0 d:/program files2/gnu tool chain/12.3 rel1/bin/../lib/gcc/arm-none-eabi/12.3.1\libc_nano.a(libc_a-makebuf.o)
 .text          0x08000b74        0x0 d:/program files2/gnu tool chain/12.3 rel1/bin/../lib/gcc/arm-none-eabi/12.3.1\libc_nano.a(libc_a-fstatr.o)
 .text          0x08000b74        0x0 d:/program files2/gnu tool chain/12.3 rel1/bin/../lib/gcc/arm-none-eabi/12.3.1\libc_nano.a(libc_a-isattyr.o)
 .text          0x08000b74        0x0 d:/program files2/gnu tool chain/12.3 rel1/bin/../lib/gcc/arm-none-eabi/12.3.1\libc_nano.a(libc_a-sbrkr.o)
 .text          0x08000b74        0x0 d:/program files2/gnu tool chain/12.3 rel1/bin/../lib/gcc/arm-none-eabi/12.3.1/crtend.o
 .text          0x08000b74        0x0 d:/program files2/gnu tool chain/12.3 rel1/bin/../lib/gcc/arm-none-eabi/12.3.1/crtn.o
 *(.text.*)
 .text.deregister_tm_clones
                0x08000b74       0x2c d:/program files2/gnu tool chain/12.3 rel1/bin/../lib/gcc/arm-none-eabi/12.3.1/crtbegin.o
 .text.register_tm_clones
                0x08000ba0       0x38 d:/program files2/gnu tool chain/12.3 rel1/bin/../lib/gcc/arm-none-eabi/12.3.1/crtbegin.o
 .text.__do_global_dtors_aux
                0x08000bd8       0x44 d:/program files2/gnu tool chain/12.3 rel1/bin/../lib/gcc/arm-none-eabi/12.3.1/crtbegin.o
 .text.frame_dummy
                0x08000c1c       0x34 d:/program files2/gnu tool chain/12.3 rel1/bin/../lib/gcc/arm-none-eabi/12.3.1/crtbegin.o
 .text.exit     0x08000c50       0x3c d:/program files2/gnu tool chain/12.3 rel1/bin/../lib/gcc/arm-none-eabi/12.3.1\libc_nano.a(libc_a-exit.o)
                0x08000c50                exit
 .text.std      0x08000c8c       0xb0 d:/program files2/gnu tool chain/12.3 rel1/bin/../lib/gcc/arm-none-eabi/12.3.1\libc_nano.a(libc_a-findfp.o)
 .text.stdio_exit_handler
                0x08000d3c       0x28 d:/program files2/gnu tool chain/12.3 rel1/bin/../lib/gcc/arm-none-eabi/12.3.1\libc_nano.a(libc_a-findfp.o)
 .text.cleanup_stdio
                0x08000d64       0x54 d:/program files2/gnu tool chain/12.3 rel1/bin/../lib/gcc/arm-none-eabi/12.3.1\libc_nano.a(libc_a-findfp.o)
 .text.__fp_lock
                0x08000db8       0x38 d:/program files2/gnu tool chain/12.3 rel1/bin/../lib/gcc/arm-none-eabi/12.3.1\libc_nano.a(libc_a-findfp.o)
 .text.__fp_unlock
                0x08000df0       0x38 d:/program files2/gnu tool chain/12.3 rel1/bin/../lib/gcc/arm-none-eabi/12.3.1\libc_nano.a(libc_a-findfp.o)
 .text.global_stdio_init.part.0
                0x08000e28       0x54 d:/program files2/gnu tool chain/12.3 rel1/bin/../lib/gcc/arm-none-eabi/12.3.1\libc_nano.a(libc_a-findfp.o)
 .text.__sfp_lock_acquire
                0x08000e7c       0x18 d:/program files2/gnu tool chain/12.3 rel1/bin/../lib/gcc/arm-none-eabi/12.3.1\libc_nano.a(libc_a-findfp.o)
                0x08000e7c                __sfp_lock_acquire
 .text.__sfp_lock_release
                0x08000e94       0x18 d:/program files2/gnu tool chain/12.3 rel1/bin/../lib/gcc/arm-none-eabi/12.3.1\libc_nano.a(libc_a-findfp.o)
                0x08000e94                __sfp_lock_release
 .text.__sfp    0x08000eac      0x108 d:/program files2/gnu tool chain/12.3 rel1/bin/../lib/gcc/arm-none-eabi/12.3.1\libc_nano.a(libc_a-findfp.o)
                0x08000eac                __sfp
 .text.__sinit  0x08000fb4       0x48 d:/program files2/gnu tool chain/12.3 rel1/bin/../lib/gcc/arm-none-eabi/12.3.1\libc_nano.a(libc_a-findfp.o)
                0x08000fb4                __sinit
 .text.__fp_lock_all
                0x08000ffc       0x28 d:/program files2/gnu tool chain/12.3 rel1/bin/../lib/gcc/arm-none-eabi/12.3.1\libc_nano.a(libc_a-findfp.o)
                0x08000ffc                __fp_lock_all
 .text.__fp_unlock_all
                0x08001024       0x24 d:/program files2/gnu tool chain/12.3 rel1/bin/../lib/gcc/arm-none-eabi/12.3.1\libc_nano.a(libc_a-findfp.o)
                0x08001024                __fp_unlock_all
 .text._fwalk_sglue
                0x08001048       0x70 d:/program files2/gnu tool chain/12.3 rel1/bin/../lib/gcc/arm-none-eabi/12.3.1\libc_nano.a(libc_a-fwalk.o)
                0x08001048                _fwalk_sglue
 .text._puts_r  0x080010b8      0x140 d:/program files2/gnu tool chain/12.3 rel1/bin/../lib/gcc/arm-none-eabi/12.3.1\libc_nano.a(libc_a-puts.o)
                0x080010b8                _puts_r
 .text.puts     0x080011f8       0x14 d:/program files2/gnu tool chain/12.3 rel1/bin/../lib/gcc/arm-none-eabi/12.3.1\libc_nano.a(libc_a-puts.o)
                0x080011f8                puts
 .text.__sread  0x0800120c       0x34 d:/program files2/gnu tool chain/12.3 rel1/bin/../lib/gcc/arm-none-eabi/12.3.1\libc_nano.a(libc_a-stdio.o)
                0x0800120c                __sread
 .text.__seofread
                0x08001240        0x8 d:/program files2/gnu tool chain/12.3 rel1/bin/../lib/gcc/arm-none-eabi/12.3.1\libc_nano.a(libc_a-stdio.o)
                0x08001240                __seofread
 .text.__swrite
                0x08001248       0x58 d:/program files2/gnu tool chain/12.3 rel1/bin/../lib/gcc/arm-none-eabi/12.3.1\libc_nano.a(libc_a-stdio.o)
                0x08001248                __swrite
 .text.__sseek  0x080012a0       0x34 d:/program files2/gnu tool chain/12.3 rel1/bin/../lib/gcc/arm-none-eabi/12.3.1\libc_nano.a(libc_a-stdio.o)
                0x080012a0                __sseek
 .text.__sclose
                0x080012d4       0x14 d:/program files2/gnu tool chain/12.3 rel1/bin/../lib/gcc/arm-none-eabi/12.3.1\libc_nano.a(libc_a-stdio.o)
                0x080012d4                __sclose
 .text.__swbuf_r
                0x080012e8       0xf4 d:/program files2/gnu tool chain/12.3 rel1/bin/../lib/gcc/arm-none-eabi/12.3.1\libc_nano.a(libc_a-wbuf.o)
                0x080012e8                __swbuf_r
 .text.__swbuf  0x080013dc       0x18 d:/program files2/gnu tool chain/12.3 rel1/bin/../lib/gcc/arm-none-eabi/12.3.1\libc_nano.a(libc_a-wbuf.o)
                0x080013dc                __swbuf
 .text.__swsetup_r
                0x080013f4      0x11c d:/program files2/gnu tool chain/12.3 rel1/bin/../lib/gcc/arm-none-eabi/12.3.1\libc_nano.a(libc_a-wsetup.o)
                0x080013f4                __swsetup_r
 .text.memset   0x08001510       0x18 d:/program files2/gnu tool chain/12.3 rel1/bin/../lib/gcc/arm-none-eabi/12.3.1\libc_nano.a(libc_a-memset.o)
                0x08001510                memset
 .text._close_r
                0x08001528       0x3c d:/program files2/gnu tool chain/12.3 rel1/bin/../lib/gcc/arm-none-eabi/12.3.1\libc_nano.a(libc_a-closer.o)
                0x08001528                _close_r
 .text._reclaim_reent
                0x08001564      0x130 d:/program files2/gnu tool chain/12.3 rel1/bin/../lib/gcc/arm-none-eabi/12.3.1\libc_nano.a(libc_a-reent.o)
                0x08001564                _reclaim_reent
 .text._lseek_r
                0x08001694       0x44 d:/program files2/gnu tool chain/12.3 rel1/bin/../lib/gcc/arm-none-eabi/12.3.1\libc_nano.a(libc_a-lseekr.o)
                0x08001694                _lseek_r
 .text._read_r  0x080016d8       0x44 d:/program files2/gnu tool chain/12.3 rel1/bin/../lib/gcc/arm-none-eabi/12.3.1\libc_nano.a(libc_a-readr.o)
                0x080016d8                _read_r
 .text._write_r
                0x0800171c       0x44 d:/program files2/gnu tool chain/12.3 rel1/bin/../lib/gcc/arm-none-eabi/12.3.1\libc_nano.a(libc_a-writer.o)
                0x0800171c                _write_r
 .text.__errno  0x08001760       0x10 d:/program files2/gnu tool chain/12.3 rel1/bin/../lib/gcc/arm-none-eabi/12.3.1\libc_nano.a(libc_a-errno.o)
                0x08001760                __errno
 .text.__libc_init_array
                0x08001770       0x80 d:/program files2/gnu tool chain/12.3 rel1/bin/../lib/gcc/arm-none-eabi/12.3.1\libc_nano.a(libc_a-init.o)
                0x08001770                __libc_init_array
 .text.__retarget_lock_init
                0x080017f0        0x4 d:/program files2/gnu tool chain/12.3 rel1/bin/../lib/gcc/arm-none-eabi/12.3.1\libc_nano.a(libc_a-lock.o)
                0x080017f0                __retarget_lock_init
 .text.__retarget_lock_init_recursive
                0x080017f4        0x4 d:/program files2/gnu tool chain/12.3 rel1/bin/../lib/gcc/arm-none-eabi/12.3.1\libc_nano.a(libc_a-lock.o)
                0x080017f4                __retarget_lock_init_recursive
 .text.__retarget_lock_close
                0x080017f8        0x4 d:/program files2/gnu tool chain/12.3 rel1/bin/../lib/gcc/arm-none-eabi/12.3.1\libc_nano.a(libc_a-lock.o)
                0x080017f8                __retarget_lock_close
 .text.__retarget_lock_close_recursive
                0x080017fc        0x4 d:/program files2/gnu tool chain/12.3 rel1/bin/../lib/gcc/arm-none-eabi/12.3.1\libc_nano.a(libc_a-lock.o)
                0x080017fc                __retarget_lock_close_recursive
 .text.__retarget_lock_acquire
                0x08001800        0x4 d:/program files2/gnu tool chain/12.3 rel1/bin/../lib/gcc/arm-none-eabi/12.3.1\libc_nano.a(libc_a-lock.o)
                0x08001800                __retarget_lock_acquire
 .text.__retarget_lock_acquire_recursive
                0x08001804        0x4 d:/program files2/gnu tool chain/12.3 rel1/bin/../lib/gcc/arm-none-eabi/12.3.1\libc_nano.a(libc_a-lock.o)
                0x08001804                __retarget_lock_acquire_recursive
 .text.__retarget_lock_try_acquire
                0x08001808        0x8 d:/program files2/gnu tool chain/12.3 rel1/bin/../lib/gcc/arm-none-eabi/12.3.1\libc_nano.a(libc_a-lock.o)
                0x08001808                __retarget_lock_try_acquire
 .text.__retarget_lock_try_acquire_recursive
                0x08001810        0x8 d:/program files2/gnu tool chain/12.3 rel1/bin/../lib/gcc/arm-none-eabi/12.3.1\libc_nano.a(libc_a-lock.o)
                0x08001810                __retarget_lock_try_acquire_recursive
 .text.__retarget_lock_release
                0x08001818        0x4 d:/program files2/gnu tool chain/12.3 rel1/bin/../lib/gcc/arm-none-eabi/12.3.1\libc_nano.a(libc_a-lock.o)
                0x08001818                __retarget_lock_release
 .text.__retarget_lock_release_recursive
                0x0800181c        0x4 d:/program files2/gnu tool chain/12.3 rel1/bin/../lib/gcc/arm-none-eabi/12.3.1\libc_nano.a(libc_a-lock.o)
                0x0800181c                __retarget_lock_release_recursive
 .text._free_r  0x08001820      0x10c d:/program files2/gnu tool chain/12.3 rel1/bin/../lib/gcc/arm-none-eabi/12.3.1\libc_nano.a(libc_a-freer.o)
                0x08001820                _free_r
 .text.sbrk_aligned
                0x0800192c       0x74 d:/program files2/gnu tool chain/12.3 rel1/bin/../lib/gcc/arm-none-eabi/12.3.1\libc_nano.a(libc_a-mallocr.o)
 .text._malloc_r
                0x080019a0      0x19c d:/program files2/gnu tool chain/12.3 rel1/bin/../lib/gcc/arm-none-eabi/12.3.1\libc_nano.a(libc_a-mallocr.o)
                0x080019a0                _malloc_r
 .text.__malloc_lock
                0x08001b3c       0x18 d:/program files2/gnu tool chain/12.3 rel1/bin/../lib/gcc/arm-none-eabi/12.3.1\libc_nano.a(libc_a-mlock.o)
                0x08001b3c                __malloc_lock
 .text.__malloc_unlock
                0x08001b54       0x18 d:/program files2/gnu tool chain/12.3 rel1/bin/../lib/gcc/arm-none-eabi/12.3.1\libc_nano.a(libc_a-mlock.o)
                0x08001b54                __malloc_unlock
 .text.__sflush_r
                0x08001b6c      0x1dc d:/program files2/gnu tool chain/12.3 rel1/bin/../lib/gcc/arm-none-eabi/12.3.1\libc_nano.a(libc_a-fflush.o)
                0x08001b6c                __sflush_r
 .text._fflush_r
                0x08001d48       0x94 d:/program files2/gnu tool chain/12.3 rel1/bin/../lib/gcc/arm-none-eabi/12.3.1\libc_nano.a(libc_a-fflush.o)
                0x08001d48                _fflush_r
 .text.fflush   0x08001ddc       0x3c d:/program files2/gnu tool chain/12.3 rel1/bin/../lib/gcc/arm-none-eabi/12.3.1\libc_nano.a(libc_a-fflush.o)
                0x08001ddc                fflush
 .text.__swhatbuf_r
                0x08001e18       0x78 d:/program files2/gnu tool chain/12.3 rel1/bin/../lib/gcc/arm-none-eabi/12.3.1\libc_nano.a(libc_a-makebuf.o)
                0x08001e18                __swhatbuf_r
 .text.__smakebuf_r
                0x08001e90       0xd0 d:/program files2/gnu tool chain/12.3 rel1/bin/../lib/gcc/arm-none-eabi/12.3.1\libc_nano.a(libc_a-makebuf.o)
                0x08001e90                __smakebuf_r
 .text._fstat_r
                0x08001f60       0x40 d:/program files2/gnu tool chain/12.3 rel1/bin/../lib/gcc/arm-none-eabi/12.3.1\libc_nano.a(libc_a-fstatr.o)
                0x08001f60                _fstat_r
 .text._isatty_r
                0x08001fa0       0x3c d:/program files2/gnu tool chain/12.3 rel1/bin/../lib/gcc/arm-none-eabi/12.3.1\libc_nano.a(libc_a-isattyr.o)
                0x08001fa0                _isatty_r
 .text._sbrk_r  0x08001fdc       0x3c d:/program files2/gnu tool chain/12.3 rel1/bin/../lib/gcc/arm-none-eabi/12.3.1\libc_nano.a(libc_a-sbrkr.o)
                0x08001fdc                _sbrk_r
 *(.init)
 .init          0x08002018        0xc d:/program files2/gnu tool chain/12.3 rel1/bin/../lib/gcc/arm-none-eabi/12.3.1/crti.o
                0x08002018                _init
 .init          0x08002024        0xc d:/program files2/gnu tool chain/12.3 rel1/bin/../lib/gcc/arm-none-eabi/12.3.1/crtn.o
 *(.fini)
 .fini          0x08002030        0xc d:/program files2/gnu tool chain/12.3 rel1/bin/../lib/gcc/arm-none-eabi/12.3.1/crti.o
                0x08002030                _fini
 .fini          0x0800203c        0xc d:/program files2/gnu tool chain/12.3 rel1/bin/../lib/gcc/arm-none-eabi/12.3.1/crtn.o
 *(.rodata)
 .rodata        0x08002048       0x45 main.o
 *(.rodata.*)
 *fill*         0x0800208d        0x3 
 .rodata.all_implied_fbits
                0x08002090       0x24 d:/program files2/gnu tool chain/12.3 rel1/bin/../lib/gcc/arm-none-eabi/12.3.1/crtbegin.o
 .rodata.all_implied_fbits
                0x080020b4       0x24 d:/program files2/gnu tool chain/12.3 rel1/bin/../lib/gcc/arm-none-eabi/12.3.1/crtend.o
                0x080020d8                        . = ALIGN (0x4)
                0x080020d8                        _etext = .
                0x080020e4                        _la_data = LOADADDR (.data)

.glue_7         0x080020d8        0x0
 .glue_7        0x080020d8        0x0 linker stubs

.glue_7t        0x080020d8        0x0
 .glue_7t       0x080020d8        0x0 linker stubs

.vfp11_veneer   0x080020d8        0x0
 .vfp11_veneer  0x080020d8        0x0 linker stubs

.v4_bx          0x080020d8        0x0
 .v4_bx         0x080020d8        0x0 linker stubs

.iplt           0x080020d8        0x0
 .iplt          0x080020d8        0x0 d:/program files2/gnu tool chain/12.3 rel1/bin/../lib/gcc/arm-none-eabi/12.3.1/crtbegin.o

.eh_frame       0x080020d8        0x4
 .eh_frame      0x080020d8        0x0 d:/program files2/gnu tool chain/12.3 rel1/bin/../lib/gcc/arm-none-eabi/12.3.1/crtbegin.o
 .eh_frame      0x080020d8        0x4 d:/program files2/gnu tool chain/12.3 rel1/bin/../lib/gcc/arm-none-eabi/12.3.1/crtend.o

.ARM.extab      0x080020dc        0x0
 .ARM.extab     0x080020dc        0x0 d:/program files2/gnu tool chain/12.3 rel1/bin/../lib/gcc/arm-none-eabi/12.3.1/crt0.o

.ARM.exidx      0x080020dc        0x8
 .ARM.exidx     0x080020dc        0x8 d:/program files2/gnu tool chain/12.3 rel1/bin/../lib/gcc/arm-none-eabi/12.3.1/crt0.o
                                 0x10 (size before relaxing)

.rel.dyn        0x080020e4        0x0
 .rel.iplt      0x080020e4        0x0 d:/program files2/gnu tool chain/12.3 rel1/bin/../lib/gcc/arm-none-eabi/12.3.1/crtbegin.o

.data           0x20000000       0x68 load address 0x080020e4
                0x20000000                        _sdata = .
 *(.data)
 .data          0x20000000        0x0 d:/program files2/gnu tool chain/12.3 rel1/bin/../lib/gcc/arm-none-eabi/12.3.1/crti.o
 .data          0x20000000        0x0 d:/program files2/gnu tool chain/12.3 rel1/bin/../lib/gcc/arm-none-eabi/12.3.1/crtbegin.o
 .data          0x20000000        0x0 d:/program files2/gnu tool chain/12.3 rel1/bin/../lib/gcc/arm-none-eabi/12.3.1/crt0.o
 .data          0x20000000        0x0 led.o
 .data          0x20000000        0x1 main.o
                0x20000000                current_task
 .data          0x20000001        0x0 STM32_Startup.o
 *fill*         0x20000001        0x3 
 .data          0x20000004        0x4 syscalls.o
                0x20000004                environ
 .data          0x20000008        0x0 d:/program files2/gnu tool chain/12.3 rel1/bin/../lib/gcc/arm-none-eabi/12.3.1\libc_nano.a(libc_a-exit.o)
 .data          0x20000008        0x0 d:/program files2/gnu tool chain/12.3 rel1/bin/../lib/gcc/arm-none-eabi/12.3.1\libc_nano.a(libc_a-findfp.o)
 .data          0x20000008        0x0 d:/program files2/gnu tool chain/12.3 rel1/bin/../lib/gcc/arm-none-eabi/12.3.1\libc_nano.a(libc_a-fwalk.o)
 .data          0x20000008        0x0 d:/program files2/gnu tool chain/12.3 rel1/bin/../lib/gcc/arm-none-eabi/12.3.1\libc_nano.a(libc_a-puts.o)
 .data          0x20000008        0x0 d:/program files2/gnu tool chain/12.3 rel1/bin/../lib/gcc/arm-none-eabi/12.3.1\libc_nano.a(libc_a-stdio.o)
 .data          0x20000008        0x0 d:/program files2/gnu tool chain/12.3 rel1/bin/../lib/gcc/arm-none-eabi/12.3.1\libc_nano.a(libc_a-wbuf.o)
 .data          0x20000008        0x0 d:/program files2/gnu tool chain/12.3 rel1/bin/../lib/gcc/arm-none-eabi/12.3.1\libc_nano.a(libc_a-wsetup.o)
 .data          0x20000008        0x0 d:/program files2/gnu tool chain/12.3 rel1/bin/../lib/gcc/arm-none-eabi/12.3.1\libc_nano.a(libc_a-memset.o)
 .data          0x20000008        0x0 d:/program files2/gnu tool chain/12.3 rel1/bin/../lib/gcc/arm-none-eabi/12.3.1\libc_nano.a(libc_a-closer.o)
 .data          0x20000008        0x0 d:/program files2/gnu tool chain/12.3 rel1/bin/../lib/gcc/arm-none-eabi/12.3.1\libc_nano.a(libc_a-reent.o)
 .data          0x20000008        0x0 d:/program files2/gnu tool chain/12.3 rel1/bin/../lib/gcc/arm-none-eabi/12.3.1\libc_nano.a(libc_a-impure.o)
 .data          0x20000008        0x0 d:/program files2/gnu tool chain/12.3 rel1/bin/../lib/gcc/arm-none-eabi/12.3.1\libc_nano.a(libc_a-lseekr.o)
 .data          0x20000008        0x0 d:/program files2/gnu tool chain/12.3 rel1/bin/../lib/gcc/arm-none-eabi/12.3.1\libc_nano.a(libc_a-readr.o)
 .data          0x20000008        0x0 d:/program files2/gnu tool chain/12.3 rel1/bin/../lib/gcc/arm-none-eabi/12.3.1\libc_nano.a(libc_a-writer.o)
 .data          0x20000008        0x0 d:/program files2/gnu tool chain/12.3 rel1/bin/../lib/gcc/arm-none-eabi/12.3.1\libc_nano.a(libc_a-errno.o)
 .data          0x20000008        0x0 d:/program files2/gnu tool chain/12.3 rel1/bin/../lib/gcc/arm-none-eabi/12.3.1\libc_nano.a(libc_a-init.o)
 .data          0x20000008        0x0 d:/program files2/gnu tool chain/12.3 rel1/bin/../lib/gcc/arm-none-eabi/12.3.1\libc_nano.a(libc_a-lock.o)
 .data          0x20000008        0x0 d:/program files2/gnu tool chain/12.3 rel1/bin/../lib/gcc/arm-none-eabi/12.3.1\libc_nano.a(libc_a-freer.o)
 .data          0x20000008        0x0 d:/program files2/gnu tool chain/12.3 rel1/bin/../lib/gcc/arm-none-eabi/12.3.1\libc_nano.a(libc_a-mallocr.o)
 .data          0x20000008        0x0 d:/program files2/gnu tool chain/12.3 rel1/bin/../lib/gcc/arm-none-eabi/12.3.1\libc_nano.a(libc_a-mlock.o)
 .data          0x20000008        0x0 d:/program files2/gnu tool chain/12.3 rel1/bin/../lib/gcc/arm-none-eabi/12.3.1\libc_nano.a(libc_a-fflush.o)
 .data          0x20000008        0x0 d:/program files2/gnu tool chain/12.3 rel1/bin/../lib/gcc/arm-none-eabi/12.3.1\libc_nano.a(libc_a-makebuf.o)
 .data          0x20000008        0x0 d:/program files2/gnu tool chain/12.3 rel1/bin/../lib/gcc/arm-none-eabi/12.3.1\libc_nano.a(libc_a-fstatr.o)
 .data          0x20000008        0x0 d:/program files2/gnu tool chain/12.3 rel1/bin/../lib/gcc/arm-none-eabi/12.3.1\libc_nano.a(libc_a-isattyr.o)
 .data          0x20000008        0x0 d:/program files2/gnu tool chain/12.3 rel1/bin/../lib/gcc/arm-none-eabi/12.3.1\libc_nano.a(libc_a-sbrkr.o)
 .data          0x20000008        0x0 d:/program files2/gnu tool chain/12.3 rel1/bin/../lib/gcc/arm-none-eabi/12.3.1/crtend.o
 .data          0x20000008        0x0 d:/program files2/gnu tool chain/12.3 rel1/bin/../lib/gcc/arm-none-eabi/12.3.1/crtn.o
 *(.data.*)
 .data.__dso_handle
                0x20000008        0x4 d:/program files2/gnu tool chain/12.3 rel1/bin/../lib/gcc/arm-none-eabi/12.3.1/crtbegin.o
                0x20000008                __dso_handle
 .data.__sglue  0x2000000c        0xc d:/program files2/gnu tool chain/12.3 rel1/bin/../lib/gcc/arm-none-eabi/12.3.1\libc_nano.a(libc_a-findfp.o)
                0x2000000c                __sglue
 .data._impure_ptr
                0x20000018        0x4 d:/program files2/gnu tool chain/12.3 rel1/bin/../lib/gcc/arm-none-eabi/12.3.1\libc_nano.a(libc_a-impure.o)
                0x20000018                _impure_ptr
 .data._impure_data
                0x2000001c       0x4c d:/program files2/gnu tool chain/12.3 rel1/bin/../lib/gcc/arm-none-eabi/12.3.1\libc_nano.a(libc_a-impure.o)
                0x2000001c                _impure_data
                0x20000068                        . = ALIGN (0x4)
                0x20000068                        _edata = .

.init_array     0x20000068        0x4 load address 0x0800214c
 .init_array    0x20000068        0x4 d:/program files2/gnu tool chain/12.3 rel1/bin/../lib/gcc/arm-none-eabi/12.3.1/crtbegin.o

.fini_array     0x2000006c        0x4 load address 0x08002150
 .fini_array    0x2000006c        0x4 d:/program files2/gnu tool chain/12.3 rel1/bin/../lib/gcc/arm-none-eabi/12.3.1/crtbegin.o

.tm_clone_table
                0x20000070        0x0 load address 0x08002154
 .tm_clone_table
                0x20000070        0x0 d:/program files2/gnu tool chain/12.3 rel1/bin/../lib/gcc/arm-none-eabi/12.3.1/crtbegin.o
 .tm_clone_table
                0x20000070        0x0 d:/program files2/gnu tool chain/12.3 rel1/bin/../lib/gcc/arm-none-eabi/12.3.1/crtend.o

.igot.plt       0x20000070        0x0 load address 0x08002154
 .igot.plt      0x20000070        0x0 d:/program files2/gnu tool chain/12.3 rel1/bin/../lib/gcc/arm-none-eabi/12.3.1/crtbegin.o

.bss            0x20000070      0x1b8 load address 0x08002154
                0x20000070                        _sbss = .
                0x20000070                        __bss_start__ = _sbss
 *(.bss)
 .bss           0x20000070        0x0 d:/program files2/gnu tool chain/12.3 rel1/bin/../lib/gcc/arm-none-eabi/12.3.1/crti.o
 .bss           0x20000070        0x0 d:/program files2/gnu tool chain/12.3 rel1/bin/../lib/gcc/arm-none-eabi/12.3.1/crtbegin.o
 .bss           0x20000070        0x0 d:/program files2/gnu tool chain/12.3 rel1/bin/../lib/gcc/arm-none-eabi/12.3.1/crt0.o
 .bss           0x20000070        0x0 led.o
 .bss           0x20000070       0x44 main.o
                0x20000070                g_tick_count
                0x20000074                user_tasks
 .bss           0x200000b4        0x0 STM32_Startup.o
 .bss           0x200000b4        0x8 syscalls.o
                0x200000b4                __env
 .bss           0x200000bc        0x0 d:/program files2/gnu tool chain/12.3 rel1/bin/../lib/gcc/arm-none-eabi/12.3.1\libc_nano.a(libc_a-exit.o)
 .bss           0x200000bc        0x0 d:/program files2/gnu tool chain/12.3 rel1/bin/../lib/gcc/arm-none-eabi/12.3.1\libc_nano.a(libc_a-findfp.o)
 .bss           0x200000bc        0x0 d:/program files2/gnu tool chain/12.3 rel1/bin/../lib/gcc/arm-none-eabi/12.3.1\libc_nano.a(libc_a-fwalk.o)
 .bss           0x200000bc        0x0 d:/program files2/gnu tool chain/12.3 rel1/bin/../lib/gcc/arm-none-eabi/12.3.1\libc_nano.a(libc_a-puts.o)
 .bss           0x200000bc        0x0 d:/program files2/gnu tool chain/12.3 rel1/bin/../lib/gcc/arm-none-eabi/12.3.1\libc_nano.a(libc_a-stdio.o)
 .bss           0x200000bc        0x0 d:/program files2/gnu tool chain/12.3 rel1/bin/../lib/gcc/arm-none-eabi/12.3.1\libc_nano.a(libc_a-wbuf.o)
 .bss           0x200000bc        0x0 d:/program files2/gnu tool chain/12.3 rel1/bin/../lib/gcc/arm-none-eabi/12.3.1\libc_nano.a(libc_a-wsetup.o)
 .bss           0x200000bc        0x0 d:/program files2/gnu tool chain/12.3 rel1/bin/../lib/gcc/arm-none-eabi/12.3.1\libc_nano.a(libc_a-memset.o)
 .bss           0x200000bc        0x0 d:/program files2/gnu tool chain/12.3 rel1/bin/../lib/gcc/arm-none-eabi/12.3.1\libc_nano.a(libc_a-closer.o)
 .bss           0x200000bc        0x0 d:/program files2/gnu tool chain/12.3 rel1/bin/../lib/gcc/arm-none-eabi/12.3.1\libc_nano.a(libc_a-reent.o)
 .bss           0x200000bc        0x0 d:/program files2/gnu tool chain/12.3 rel1/bin/../lib/gcc/arm-none-eabi/12.3.1\libc_nano.a(libc_a-impure.o)
 .bss           0x200000bc        0x0 d:/program files2/gnu tool chain/12.3 rel1/bin/../lib/gcc/arm-none-eabi/12.3.1\libc_nano.a(libc_a-lseekr.o)
 .bss           0x200000bc        0x0 d:/program files2/gnu tool chain/12.3 rel1/bin/../lib/gcc/arm-none-eabi/12.3.1\libc_nano.a(libc_a-readr.o)
 .bss           0x200000bc        0x0 d:/program files2/gnu tool chain/12.3 rel1/bin/../lib/gcc/arm-none-eabi/12.3.1\libc_nano.a(libc_a-writer.o)
 .bss           0x200000bc        0x0 d:/program files2/gnu tool chain/12.3 rel1/bin/../lib/gcc/arm-none-eabi/12.3.1\libc_nano.a(libc_a-errno.o)
 .bss           0x200000bc        0x0 d:/program files2/gnu tool chain/12.3 rel1/bin/../lib/gcc/arm-none-eabi/12.3.1\libc_nano.a(libc_a-init.o)
 .bss           0x200000bc        0x0 d:/program files2/gnu tool chain/12.3 rel1/bin/../lib/gcc/arm-none-eabi/12.3.1\libc_nano.a(libc_a-lock.o)
 .bss           0x200000bc        0x0 d:/program files2/gnu tool chain/12.3 rel1/bin/../lib/gcc/arm-none-eabi/12.3.1\libc_nano.a(libc_a-freer.o)
 .bss           0x200000bc        0x0 d:/program files2/gnu tool chain/12.3 rel1/bin/../lib/gcc/arm-none-eabi/12.3.1\libc_nano.a(libc_a-mallocr.o)
 .bss           0x200000bc        0x0 d:/program files2/gnu tool chain/12.3 rel1/bin/../lib/gcc/arm-none-eabi/12.3.1\libc_nano.a(libc_a-mlock.o)
 .bss           0x200000bc        0x0 d:/program files2/gnu tool chain/12.3 rel1/bin/../lib/gcc/arm-none-eabi/12.3.1\libc_nano.a(libc_a-fflush.o)
 .bss           0x200000bc        0x0 d:/program files2/gnu tool chain/12.3 rel1/bin/../lib/gcc/arm-none-eabi/12.3.1\libc_nano.a(libc_a-makebuf.o)
 .bss           0x200000bc        0x0 d:/program files2/gnu tool chain/12.3 rel1/bin/../lib/gcc/arm-none-eabi/12.3.1\libc_nano.a(libc_a-fstatr.o)
 .bss           0x200000bc        0x0 d:/program files2/gnu tool chain/12.3 rel1/bin/../lib/gcc/arm-none-eabi/12.3.1\libc_nano.a(libc_a-isattyr.o)
 .bss           0x200000bc        0x0 d:/program files2/gnu tool chain/12.3 rel1/bin/../lib/gcc/arm-none-eabi/12.3.1\libc_nano.a(libc_a-sbrkr.o)
 .bss           0x200000bc        0x0 d:/program files2/gnu tool chain/12.3 rel1/bin/../lib/gcc/arm-none-eabi/12.3.1/crtend.o
 .bss           0x200000bc        0x0 d:/program files2/gnu tool chain/12.3 rel1/bin/../lib/gcc/arm-none-eabi/12.3.1/crtn.o
 *(.bss.*)
 .bss.completed.1
                0x200000bc        0x1 d:/program files2/gnu tool chain/12.3 rel1/bin/../lib/gcc/arm-none-eabi/12.3.1/crtbegin.o
 *fill*         0x200000bd        0x3 
 .bss.object.0  0x200000c0       0x18 d:/program files2/gnu tool chain/12.3 rel1/bin/../lib/gcc/arm-none-eabi/12.3.1/crtbegin.o
 .bss.__sf      0x200000d8      0x138 d:/program files2/gnu tool chain/12.3 rel1/bin/../lib/gcc/arm-none-eabi/12.3.1\libc_nano.a(libc_a-findfp.o)
                0x200000d8                __sf
 .bss.__stdio_exit_handler
                0x20000210        0x4 d:/program files2/gnu tool chain/12.3 rel1/bin/../lib/gcc/arm-none-eabi/12.3.1\libc_nano.a(libc_a-findfp.o)
                0x20000210                __stdio_exit_handler
 .bss.errno     0x20000214        0x4 d:/program files2/gnu tool chain/12.3 rel1/bin/../lib/gcc/arm-none-eabi/12.3.1\libc_nano.a(libc_a-reent.o)
                0x20000214                errno
 .bss.__lock___arc4random_mutex
                0x20000218        0x1 d:/program files2/gnu tool chain/12.3 rel1/bin/../lib/gcc/arm-none-eabi/12.3.1\libc_nano.a(libc_a-lock.o)
                0x20000218                __lock___arc4random_mutex
 .bss.__lock___dd_hash_mutex
                0x20000219        0x1 d:/program files2/gnu tool chain/12.3 rel1/bin/../lib/gcc/arm-none-eabi/12.3.1\libc_nano.a(libc_a-lock.o)
                0x20000219                __lock___dd_hash_mutex
 .bss.__lock___tz_mutex
                0x2000021a        0x1 d:/program files2/gnu tool chain/12.3 rel1/bin/../lib/gcc/arm-none-eabi/12.3.1\libc_nano.a(libc_a-lock.o)
                0x2000021a                __lock___tz_mutex
 .bss.__lock___env_recursive_mutex
                0x2000021b        0x1 d:/program files2/gnu tool chain/12.3 rel1/bin/../lib/gcc/arm-none-eabi/12.3.1\libc_nano.a(libc_a-lock.o)
                0x2000021b                __lock___env_recursive_mutex
 .bss.__lock___malloc_recursive_mutex
                0x2000021c        0x1 d:/program files2/gnu tool chain/12.3 rel1/bin/../lib/gcc/arm-none-eabi/12.3.1\libc_nano.a(libc_a-lock.o)
                0x2000021c                __lock___malloc_recursive_mutex
 .bss.__lock___at_quick_exit_mutex
                0x2000021d        0x1 d:/program files2/gnu tool chain/12.3 rel1/bin/../lib/gcc/arm-none-eabi/12.3.1\libc_nano.a(libc_a-lock.o)
                0x2000021d                __lock___at_quick_exit_mutex
 .bss.__lock___atexit_recursive_mutex
                0x2000021e        0x1 d:/program files2/gnu tool chain/12.3 rel1/bin/../lib/gcc/arm-none-eabi/12.3.1\libc_nano.a(libc_a-lock.o)
                0x2000021e                __lock___atexit_recursive_mutex
 .bss.__lock___sfp_recursive_mutex
                0x2000021f        0x1 d:/program files2/gnu tool chain/12.3 rel1/bin/../lib/gcc/arm-none-eabi/12.3.1\libc_nano.a(libc_a-lock.o)
                0x2000021f                __lock___sfp_recursive_mutex
 .bss.__malloc_sbrk_start
                0x20000220        0x4 d:/program files2/gnu tool chain/12.3 rel1/bin/../lib/gcc/arm-none-eabi/12.3.1\libc_nano.a(libc_a-mallocr.o)
                0x20000220                __malloc_sbrk_start
 .bss.__malloc_free_list
                0x20000224        0x4 d:/program files2/gnu tool chain/12.3 rel1/bin/../lib/gcc/arm-none-eabi/12.3.1\libc_nano.a(libc_a-mallocr.o)
                0x20000224                __malloc_free_list
 *(COMMON)
                0x20000228                        . = ALIGN (0x4)
                0x20000228                        _ebss = .
                0x20000228                        __bss_end__ = _ebss
                0x20000228                        . = ALIGN (0x4)
                0x20000228                        end = .
                0x20000228                        __end__ = .
OUTPUT(Exec.elf elf32-littlearm)
LOAD linker stubs

.ARM.attributes
                0x00000000       0x2c
 .ARM.attributes
                0x00000000       0x1c d:/program files2/gnu tool chain/12.3 rel1/bin/../lib/gcc/arm-none-eabi/12.3.1/crti.o
 .ARM.attributes
                0x0000001c       0x2a d:/program files2/gnu tool chain/12.3 rel1/bin/../lib/gcc/arm-none-eabi/12.3.1/crtbegin.o
 .ARM.attributes
                0x00000046       0x1a d:/program files2/gnu tool chain/12.3 rel1/bin/../lib/gcc/arm-none-eabi/12.3.1/crt0.o
 .ARM.attributes
                0x00000060       0x2e led.o
 .ARM.attributes
                0x0000008e       0x2e main.o
 .ARM.attributes
                0x000000bc       0x2e STM32_Startup.o
 .ARM.attributes
                0x000000ea       0x2e syscalls.o
 .ARM.attributes
                0x00000118       0x2a d:/program files2/gnu tool chain/12.3 rel1/bin/../lib/gcc/arm-none-eabi/12.3.1\libc_nano.a(libc_a-exit.o)
 .ARM.attributes
                0x00000142       0x2a d:/program files2/gnu tool chain/12.3 rel1/bin/../lib/gcc/arm-none-eabi/12.3.1\libc_nano.a(libc_a-findfp.o)
 .ARM.attributes
                0x0000016c       0x2a d:/program files2/gnu tool chain/12.3 rel1/bin/../lib/gcc/arm-none-eabi/12.3.1\libc_nano.a(libc_a-fwalk.o)
 .ARM.attributes
                0x00000196       0x2a d:/program files2/gnu tool chain/12.3 rel1/bin/../lib/gcc/arm-none-eabi/12.3.1\libc_nano.a(libc_a-puts.o)
 .ARM.attributes
                0x000001c0       0x2a d:/program files2/gnu tool chain/12.3 rel1/bin/../lib/gcc/arm-none-eabi/12.3.1\libc_nano.a(libc_a-stdio.o)
 .ARM.attributes
                0x000001ea       0x2a d:/program files2/gnu tool chain/12.3 rel1/bin/../lib/gcc/arm-none-eabi/12.3.1\libc_nano.a(libc_a-wbuf.o)
 .ARM.attributes
                0x00000214       0x2a d:/program files2/gnu tool chain/12.3 rel1/bin/../lib/gcc/arm-none-eabi/12.3.1\libc_nano.a(libc_a-wsetup.o)
 .ARM.attributes
                0x0000023e       0x2a d:/program files2/gnu tool chain/12.3 rel1/bin/../lib/gcc/arm-none-eabi/12.3.1\libc_nano.a(libc_a-memset.o)
 .ARM.attributes
                0x00000268       0x2a d:/program files2/gnu tool chain/12.3 rel1/bin/../lib/gcc/arm-none-eabi/12.3.1\libc_nano.a(libc_a-closer.o)
 .ARM.attributes
                0x00000292       0x2a d:/program files2/gnu tool chain/12.3 rel1/bin/../lib/gcc/arm-none-eabi/12.3.1\libc_nano.a(libc_a-reent.o)
 .ARM.attributes
                0x000002bc       0x2a d:/program files2/gnu tool chain/12.3 rel1/bin/../lib/gcc/arm-none-eabi/12.3.1\libc_nano.a(libc_a-impure.o)
 .ARM.attributes
                0x000002e6       0x2a d:/program files2/gnu tool chain/12.3 rel1/bin/../lib/gcc/arm-none-eabi/12.3.1\libc_nano.a(libc_a-lseekr.o)
 .ARM.attributes
                0x00000310       0x2a d:/program files2/gnu tool chain/12.3 rel1/bin/../lib/gcc/arm-none-eabi/12.3.1\libc_nano.a(libc_a-readr.o)
 .ARM.attributes
                0x0000033a       0x2a d:/program files2/gnu tool chain/12.3 rel1/bin/../lib/gcc/arm-none-eabi/12.3.1\libc_nano.a(libc_a-writer.o)
 .ARM.attributes
                0x00000364       0x2a d:/program files2/gnu tool chain/12.3 rel1/bin/../lib/gcc/arm-none-eabi/12.3.1\libc_nano.a(libc_a-errno.o)
 .ARM.attributes
                0x0000038e       0x2a d:/program files2/gnu tool chain/12.3 rel1/bin/../lib/gcc/arm-none-eabi/12.3.1\libc_nano.a(libc_a-init.o)
 .ARM.attributes
                0x000003b8       0x2a d:/program files2/gnu tool chain/12.3 rel1/bin/../lib/gcc/arm-none-eabi/12.3.1\libc_nano.a(libc_a-lock.o)
 .ARM.attributes
                0x000003e2       0x2a d:/program files2/gnu tool chain/12.3 rel1/bin/../lib/gcc/arm-none-eabi/12.3.1\libc_nano.a(libc_a-freer.o)
 .ARM.attributes
                0x0000040c       0x2a d:/program files2/gnu tool chain/12.3 rel1/bin/../lib/gcc/arm-none-eabi/12.3.1\libc_nano.a(libc_a-mallocr.o)
 .ARM.attributes
                0x00000436       0x2a d:/program files2/gnu tool chain/12.3 rel1/bin/../lib/gcc/arm-none-eabi/12.3.1\libc_nano.a(libc_a-mlock.o)
 .ARM.attributes
                0x00000460       0x2a d:/program files2/gnu tool chain/12.3 rel1/bin/../lib/gcc/arm-none-eabi/12.3.1\libc_nano.a(libc_a-fflush.o)
 .ARM.attributes
                0x0000048a       0x2a d:/program files2/gnu tool chain/12.3 rel1/bin/../lib/gcc/arm-none-eabi/12.3.1\libc_nano.a(libc_a-makebuf.o)
 .ARM.attributes
                0x000004b4       0x2a d:/program files2/gnu tool chain/12.3 rel1/bin/../lib/gcc/arm-none-eabi/12.3.1\libc_nano.a(libc_a-fstatr.o)
 .ARM.attributes
                0x000004de       0x2a d:/program files2/gnu tool chain/12.3 rel1/bin/../lib/gcc/arm-none-eabi/12.3.1\libc_nano.a(libc_a-isattyr.o)
 .ARM.attributes
                0x00000508       0x2a d:/program files2/gnu tool chain/12.3 rel1/bin/../lib/gcc/arm-none-eabi/12.3.1\libc_nano.a(libc_a-sbrkr.o)
 .ARM.attributes
                0x00000532       0x2a d:/program files2/gnu tool chain/12.3 rel1/bin/../lib/gcc/arm-none-eabi/12.3.1/crtend.o
 .ARM.attributes
                0x0000055c       0x1c d:/program files2/gnu tool chain/12.3 rel1/bin/../lib/gcc/arm-none-eabi/12.3.1/crtn.o

.comment        0x00000000       0x45
 .comment       0x00000000       0x45 led.o
                                 0x46 (size before relaxing)
 .comment       0x00000045       0x46 main.o
 .comment       0x00000045       0x46 STM32_Startup.o
 .comment       0x00000045       0x46 syscalls.o

.debug_line_str
                0x00000000       0xc2
 .debug_line_str
                0x00000000       0xc2 d:/program files2/gnu tool chain/12.3 rel1/bin/../lib/gcc/arm-none-eabi/12.3.1/crt0.o

.debug_frame    0x00000000      0x7f0
 .debug_frame   0x00000000       0x28 d:/program files2/gnu tool chain/12.3 rel1/bin/../lib/gcc/arm-none-eabi/12.3.1\libc_nano.a(libc_a-exit.o)
 .debug_frame   0x00000028      0x178 d:/program files2/gnu tool chain/12.3 rel1/bin/../lib/gcc/arm-none-eabi/12.3.1\libc_nano.a(libc_a-findfp.o)
 .debug_frame   0x000001a0       0x44 d:/program files2/gnu tool chain/12.3 rel1/bin/../lib/gcc/arm-none-eabi/12.3.1\libc_nano.a(libc_a-fwalk.o)
 .debug_frame   0x000001e4       0x48 d:/program files2/gnu tool chain/12.3 rel1/bin/../lib/gcc/arm-none-eabi/12.3.1\libc_nano.a(libc_a-puts.o)
 .debug_frame   0x0000022c       0x9c d:/program files2/gnu tool chain/12.3 rel1/bin/../lib/gcc/arm-none-eabi/12.3.1\libc_nano.a(libc_a-stdio.o)
 .debug_frame   0x000002c8       0x4c d:/program files2/gnu tool chain/12.3 rel1/bin/../lib/gcc/arm-none-eabi/12.3.1\libc_nano.a(libc_a-wbuf.o)
 .debug_frame   0x00000314       0x38 d:/program files2/gnu tool chain/12.3 rel1/bin/../lib/gcc/arm-none-eabi/12.3.1\libc_nano.a(libc_a-wsetup.o)
 .debug_frame   0x0000034c       0x20 d:/program files2/gnu tool chain/12.3 rel1/bin/../lib/gcc/arm-none-eabi/12.3.1\libc_nano.a(libc_a-memset.o)
 .debug_frame   0x0000036c       0x34 d:/program files2/gnu tool chain/12.3 rel1/bin/../lib/gcc/arm-none-eabi/12.3.1\libc_nano.a(libc_a-closer.o)
 .debug_frame   0x000003a0       0x40 d:/program files2/gnu tool chain/12.3 rel1/bin/../lib/gcc/arm-none-eabi/12.3.1\libc_nano.a(libc_a-reent.o)
 .debug_frame   0x000003e0       0x34 d:/program files2/gnu tool chain/12.3 rel1/bin/../lib/gcc/arm-none-eabi/12.3.1\libc_nano.a(libc_a-lseekr.o)
 .debug_frame   0x00000414       0x34 d:/program files2/gnu tool chain/12.3 rel1/bin/../lib/gcc/arm-none-eabi/12.3.1\libc_nano.a(libc_a-readr.o)
 .debug_frame   0x00000448       0x34 d:/program files2/gnu tool chain/12.3 rel1/bin/../lib/gcc/arm-none-eabi/12.3.1\libc_nano.a(libc_a-writer.o)
 .debug_frame   0x0000047c       0x20 d:/program files2/gnu tool chain/12.3 rel1/bin/../lib/gcc/arm-none-eabi/12.3.1\libc_nano.a(libc_a-errno.o)
 .debug_frame   0x0000049c       0x38 d:/program files2/gnu tool chain/12.3 rel1/bin/../lib/gcc/arm-none-eabi/12.3.1\libc_nano.a(libc_a-init.o)
 .debug_frame   0x000004d4       0xb0 d:/program files2/gnu tool chain/12.3 rel1/bin/../lib/gcc/arm-none-eabi/12.3.1\libc_nano.a(libc_a-lock.o)
 .debug_frame   0x00000584       0x38 d:/program files2/gnu tool chain/12.3 rel1/bin/../lib/gcc/arm-none-eabi/12.3.1\libc_nano.a(libc_a-freer.o)
 .debug_frame   0x000005bc       0x68 d:/program files2/gnu tool chain/12.3 rel1/bin/../lib/gcc/arm-none-eabi/12.3.1\libc_nano.a(libc_a-mallocr.o)
 .debug_frame   0x00000624       0x48 d:/program files2/gnu tool chain/12.3 rel1/bin/../lib/gcc/arm-none-eabi/12.3.1\libc_nano.a(libc_a-mlock.o)
 .debug_frame   0x0000066c       0x80 d:/program files2/gnu tool chain/12.3 rel1/bin/../lib/gcc/arm-none-eabi/12.3.1\libc_nano.a(libc_a-fflush.o)
 .debug_frame   0x000006ec       0x68 d:/program files2/gnu tool chain/12.3 rel1/bin/../lib/gcc/arm-none-eabi/12.3.1\libc_nano.a(libc_a-makebuf.o)
 .debug_frame   0x00000754       0x34 d:/program files2/gnu tool chain/12.3 rel1/bin/../lib/gcc/arm-none-eabi/12.3.1\libc_nano.a(libc_a-fstatr.o)
 .debug_frame   0x00000788       0x34 d:/program files2/gnu tool chain/12.3 rel1/bin/../lib/gcc/arm-none-eabi/12.3.1\libc_nano.a(libc_a-isattyr.o)
 .debug_frame   0x000007bc       0x34 d:/program files2/gnu tool chain/12.3 rel1/bin/../lib/gcc/arm-none-eabi/12.3.1\libc_nano.a(libc_a-sbrkr.o)
